Component: ARM Compiler 5.06 update 6 (build 750) Tool: armlink [4d35ed]

==============================================================================

Section Cross References

    startup_stm32f103xb.o(RESET) refers to startup_stm32f103xb.o(STACK) for __initial_sp
    startup_stm32f103xb.o(RESET) refers to startup_stm32f103xb.o(.text) for Reset_Handler
    startup_stm32f103xb.o(RESET) refers to stm32f1xx_it.o(i.NMI_Handler) for NMI_Handler
    startup_stm32f103xb.o(RESET) refers to stm32f1xx_it.o(i.HardFault_Handler) for HardFault_Handler
    startup_stm32f103xb.o(RESET) refers to stm32f1xx_it.o(i.MemManage_Handler) for MemManage_Handler
    startup_stm32f103xb.o(RESET) refers to stm32f1xx_it.o(i.BusFault_Handler) for BusFault_Handler
    startup_stm32f103xb.o(RESET) refers to stm32f1xx_it.o(i.UsageFault_Handler) for UsageFault_Handler
    startup_stm32f103xb.o(RESET) refers to stm32f1xx_it.o(i.SVC_Handler) for SVC_Handler
    startup_stm32f103xb.o(RESET) refers to stm32f1xx_it.o(i.DebugMon_Handler) for DebugMon_Handler
    startup_stm32f103xb.o(RESET) refers to stm32f1xx_it.o(i.PendSV_Handler) for PendSV_Handler
    startup_stm32f103xb.o(RESET) refers to stm32f1xx_it.o(i.SysTick_Handler) for SysTick_Handler
    startup_stm32f103xb.o(RESET) refers to stm32f1xx_it.o(i.DMA1_Channel1_IRQHandler) for DMA1_Channel1_IRQHandler
    startup_stm32f103xb.o(RESET) refers to stm32f1xx_it.o(i.DMA1_Channel4_IRQHandler) for DMA1_Channel4_IRQHandler
    startup_stm32f103xb.o(RESET) refers to stm32f1xx_it.o(i.DMA1_Channel5_IRQHandler) for DMA1_Channel5_IRQHandler
    startup_stm32f103xb.o(RESET) refers to stm32f1xx_it.o(i.TIM4_IRQHandler) for TIM4_IRQHandler
    startup_stm32f103xb.o(RESET) refers to stm32f1xx_it.o(i.I2C1_ER_IRQHandler) for I2C1_ER_IRQHandler
    startup_stm32f103xb.o(RESET) refers to stm32f1xx_it.o(i.USART1_IRQHandler) for USART1_IRQHandler
    startup_stm32f103xb.o(.text) refers to system_stm32f1xx.o(i.SystemInit) for SystemInit
    startup_stm32f103xb.o(.text) refers to entry.o(.ARM.Collect$$$$00000000) for __main
    main.o(i.SystemClock_Config) refers to memseta.o(.text) for __aeabi_memclr4
    main.o(i.SystemClock_Config) refers to stm32f1xx_hal_rcc.o(i.HAL_RCC_OscConfig) for HAL_RCC_OscConfig
    main.o(i.SystemClock_Config) refers to main.o(i.Error_Handler) for Error_Handler
    main.o(i.SystemClock_Config) refers to stm32f1xx_hal_rcc.o(i.HAL_RCC_ClockConfig) for HAL_RCC_ClockConfig
    main.o(i.SystemClock_Config) refers to stm32f1xx_hal_rcc_ex.o(i.HAL_RCCEx_PeriphCLKConfig) for HAL_RCCEx_PeriphCLKConfig
    main.o(i.main) refers to stm32f1xx_hal.o(i.HAL_Init) for HAL_Init
    main.o(i.main) refers to main.o(i.SystemClock_Config) for SystemClock_Config
    main.o(i.main) refers to gpio.o(i.MX_GPIO_Init) for MX_GPIO_Init
    main.o(i.main) refers to dma.o(i.MX_DMA_Init) for MX_DMA_Init
    main.o(i.main) refers to tim.o(i.MX_TIM2_Init) for MX_TIM2_Init
    main.o(i.main) refers to i2c.o(i.MX_I2C1_Init) for MX_I2C1_Init
    main.o(i.main) refers to usart.o(i.MX_USART1_UART_Init) for MX_USART1_UART_Init
    main.o(i.main) refers to tim.o(i.MX_TIM1_Init) for MX_TIM1_Init
    main.o(i.main) refers to tim.o(i.MX_TIM3_Init) for MX_TIM3_Init
    main.o(i.main) refers to tim.o(i.MX_TIM4_Init) for MX_TIM4_Init
    main.o(i.main) refers to adc.o(i.MX_ADC1_Init) for MX_ADC1_Init
    main.o(i.main) refers to motors.o(i.InitMotorDriver) for InitMotorDriver
    main.o(i.main) refers to motors.o(i.InitMotorEncodersDriver) for InitMotorEncodersDriver
    main.o(i.main) refers to serialport.o(i.SerialPortOpen) for SerialPortOpen
    main.o(i.main) refers to stm32f1xx_hal.o(i.HAL_Delay) for HAL_Delay
    main.o(i.main) refers to inv_mpu.o(i.mpu_dmp_init) for mpu_dmp_init
    main.o(i.main) refers to key.o(i.InitAllKeys) for InitAllKeys
    main.o(i.main) refers to stm32f1xx_hal_tim.o(i.HAL_TIM_Base_Start_IT) for HAL_TIM_Base_Start_IT
    main.o(i.main) refers to protocol.o(i.ProtocolDecode) for ProtocolDecode
    main.o(i.main) refers to stm32f1xx_hal_cortex.o(i.HAL_NVIC_SystemReset) for HAL_NVIC_SystemReset
    main.o(i.main) refers to balancecontrol.o(i.OnMainForBalanceControl) for OnMainForBalanceControl
    main.o(i.main) refers to tim.o(.bss) for htim4
    main.o(i.main) refers to key.o(.data) for Key1
    gpio.o(i.MX_GPIO_Init) refers to stm32f1xx_hal_gpio.o(i.HAL_GPIO_WritePin) for HAL_GPIO_WritePin
    gpio.o(i.MX_GPIO_Init) refers to stm32f1xx_hal_gpio.o(i.HAL_GPIO_Init) for HAL_GPIO_Init
    adc.o(i.HAL_ADC_MspDeInit) refers to stm32f1xx_hal_gpio.o(i.HAL_GPIO_DeInit) for HAL_GPIO_DeInit
    adc.o(i.HAL_ADC_MspDeInit) refers to stm32f1xx_hal_dma.o(i.HAL_DMA_DeInit) for HAL_DMA_DeInit
    adc.o(i.HAL_ADC_MspInit) refers to stm32f1xx_hal_gpio.o(i.HAL_GPIO_Init) for HAL_GPIO_Init
    adc.o(i.HAL_ADC_MspInit) refers to stm32f1xx_hal_dma.o(i.HAL_DMA_Init) for HAL_DMA_Init
[...]
    aPredivFactorTable                       0x08009ef8   Data           2  stm32f1xx_hal_rcc.o(.constdata)
    aPLLMULFactorTable                       0x08009efa   Data          16  stm32f1xx_hal_rcc.o(.constdata)
    .constdata                               0x08009f0a   Section       16  system_stm32f1xx.o(.constdata)
    .constdata                               0x08009f1a   Section        8  system_stm32f1xx.o(.constdata)
    .constdata                               0x08009f28   Section       80  asin.o(.constdata)
    pS                                       0x08009f28   Data          48  asin.o(.constdata)
    qS                                       0x08009f58   Data          32  asin.o(.constdata)
    .constdata                               0x08009f78   Section      152  atan.o(.constdata)
    atanhi                                   0x08009f78   Data          32  atan.o(.constdata)
    atanlo                                   0x08009f98   Data          32  atan.o(.constdata)
    aTodd                                    0x08009fb8   Data          40  atan.o(.constdata)
    aTeven                                   0x08009fe0   Data          48  atan.o(.constdata)
    .constdata                               0x0800a010   Section        8  qnan.o(.constdata)
    .conststring                             0x0800a018   Section       77  inv_mpu.o(.conststring)
    .data                                    0x20000000   Section        6  motors.o(.data)
    tCount                                   0x20000004   Data           2  motors.o(.data)
    .data                                    0x20000008   Section       53  inv_mpu.o(.data)
    st                                       0x20000008   Data          44  inv_mpu.o(.data)
    gyro_orientation                         0x20000034   Data           9  inv_mpu.o(.data)
    .data                                    0x2000003e   Section       16  key.o(.data)
    .data                                    0x20000050   Section       66  balancecontrol.o(.data)
    velocityOutput                           0x20000080   Data           4  balancecontrol.o(.data)
    encoderLeast                             0x20000084   Data           4  balancecontrol.o(.data)
    encoder                                  0x20000088   Data           4  balancecontrol.o(.data)
    encoderIntegral                          0x2000008c   Data           4  balancecontrol.o(.data)
    tCount                                   0x20000090   Data           2  balancecontrol.o(.data)
    .data                                    0x20000094   Section       12  stm32f1xx_hal.o(.data)
    .data                                    0x200000a0   Section        4  system_stm32f1xx.o(.data)
    .data                                    0x200000a4   Section        4  stdout.o(.data)
    .data                                    0x200000a8   Section        4  errno.o(.data)
    _errno                                   0x200000a8   Data           4  errno.o(.data)
    .bss                                     0x200000ac   Section      116  adc.o(.bss)
    .bss                                     0x20000120   Section       84  i2c.o(.bss)
    .bss                                     0x20000174   Section      288  tim.o(.bss)
    .bss                                     0x20000294   Section      208  usart.o(.bss)
    .bss                                     0x20000364   Section       16  inv_mpu_dmp_motion_driver.o(.bss)
    dmp                                      0x20000364   Data          16  inv_mpu_dmp_motion_driver.o(.bss)
    .bss                                     0x20000374   Section     4260  serialport.o(.bss)
    tData                                    0x200013b4   Data         100  serialport.o(.bss)
    STACK                                    0x20001418   Section     1024  startup_stm32f103xb.o(STACK)

    Global Symbols

    Symbol Name                              Value     Ov Type        Size  Object(Section)

    BuildAttributes$$THM_ISAv4$P$D$K$B$S$PE$A:L22UL41UL21$X:L11$S22US41US21$IEEE1$IW$USESV6$~STKCKD$USESV7$~SHL$OTIME$ROPI$IEEEX$EBA8$MICROLIB$REQ8$PRES8$EABIv2 0x00000000   Number         0  anon$$obj.o ABSOLUTE
    __ARM_use_no_argv                        0x00000000   Number         0  main.o ABSOLUTE
    _printf_a                                0x00000000   Number         0  stubs.o ABSOLUTE
    _printf_c                                0x00000000   Number         0  stubs.o ABSOLUTE
    _printf_charcount                        0x00000000   Number         0  stubs.o ABSOLUTE
    _printf_d                                0x00000000   Number         0  stubs.o ABSOLUTE
    _printf_e                                0x00000000   Number         0  stubs.o ABSOLUTE
    _printf_f                                0x00000000   Number         0  stubs.o ABSOLUTE
    _printf_flags                            0x00000000   Number         0  stubs.o ABSOLUTE
    _printf_fp_dec                           0x00000000   Number         0  stubs.o ABSOLUTE
    _printf_fp_hex                           0x00000000   Number         0  stubs.o ABSOLUTE
    _printf_g                                0x00000000   Number         0  stubs.o ABSOLUTE
    _printf_i                                0x00000000   Number         0  stubs.o ABSOLUTE
    _printf_int_dec                          0x00000000   Number         0  stubs.o ABSOLUTE
    _printf_l                                0x00000000   Number         0  stubs.o ABSOLUTE
    _printf_lc                               0x00000000   Number         0  stubs.o ABSOLUTE
    _printf_ll                               0x00000000   Number         0  stubs.o ABSOLUTE
    _printf_lld                              0x00000000   Number         0  stubs.o ABSOLUTE
    _printf_lli                              0x00000000   Number         0  stubs.o ABSOLUTE
    _printf_llo                              0x00000000   Number         0  stubs.o ABSOLUTE
    _printf_llu                              0x00000000   Number         0  stubs.o ABSOLUTE
    _printf_llx                              0x00000000   Number         0  stubs.o ABSOLUTE
    _printf_longlong_dec                     0x00000000   Number         0  stubs.o ABSOLUTE
    _printf_longlong_hex                     0x00000000   Number         0  stubs.o ABSOLUTE
    _printf_longlong_oct                     0x00000000   Number         0  stubs.o ABSOLUTE
    _printf_ls                               0x00000000   Number         0  stubs.o ABSOLUTE
    _printf_mbtowc                           0x00000000   Number         0  stubs.o ABSOLUTE
    _printf_n                                0x00000000   Number         0  stubs.o ABSOLUTE
    _printf_o                                0x00000000   Number         0  stubs.o ABSOLUTE
    _printf_p                                0x00000000   Number         0  stubs.o ABSOLUTE
    _printf_percent                          0x00000000   Number         0  stubs.o ABSOLUTE
    _printf_pre_padding                      0x00000000   Number         0  stubs.o ABSOLUTE
    _printf_return_value                     0x00000000   Number         0  stubs.o ABSOLUTE
    _printf_s                                0x00000000   Number         0  stubs.o ABSOLUTE
    _printf_sizespec                         0x00000000   Number         0  stubs.o ABSOLUTE
    _printf_str                              0x00000000   Number         0  stubs.o ABSOLUTE
    _printf_truncate_signed                  0x00000000   Number         0  stubs.o ABSOLUTE
    _printf_truncate_unsigned                0x00000000   Number         0  stubs.o ABSOLUTE
    _printf_u                                0x00000000   Number         0  stubs.o ABSOLUTE
    _printf_wc                               0x00000000   Number         0  stubs.o ABSOLUTE
    _printf_wctomb                           0x00000000   Number         0  stubs.o ABSOLUTE
    _printf_widthprec                        0x00000000   Number         0  stubs.o ABSOLUTE
    _printf_x                                0x00000000   Number         0  stubs.o ABSOLUTE
    __cpp_initialize__aeabi_                  - Undefined Weak Reference
    __cxa_finalize                            - Undefined Weak Reference
    __decompress                              - Undefined Weak Reference
    _clock_init                               - Undefined Weak Reference
    _microlib_exit                            - Undefined Weak Reference
    __Vectors_Size                           0x000000ec   Number         0  startup_stm32f103xb.o ABSOLUTE
    __Vectors                                0x08000000   Data           4  startup_stm32f103xb.o(RESET)
    __Vectors_End                            0x080000ec   Data           0  startup_stm32f103xb.o(RESET)
    __main                                   0x080000ed   Thumb Code     0  entry.o(.ARM.Collect$$$$00000000)
    _main_stk                                0x080000ed   Thumb Code     0  entry2.o(.ARM.Collect$$$$00000001)
    _main_scatterload                        0x080000f1   Thumb Code     0  entry5.o(.ARM.Collect$$$$00000004)
    __main_after_scatterload                 0x080000f5   Thumb Code     0  entry5.o(.ARM.Collect$$$$00000004)
    _main_clock                              0x080000f5   Thumb Code     0  entry7b.o(.ARM.Collect$$$$00000008)
    _main_cpp_init                           0x080000f5   Thumb Code     0  entry8b.o(.ARM.Collect$$$$0000000A)
    _main_init                               0x080000f5   Thumb Code     0  entry9a.o(.ARM.Collect$$$$0000000B)
    __rt_final_cpp                           0x080000fd   Thumb Code     0  entry10a.o(.ARM.Collect$$$$0000000D)
    __rt_final_exit                          0x080000fd   Thumb Code     0  entry11a.o(.ARM.Collect$$$$0000000F)
    Reset_Handler                            0x08000101   Thumb Code     8  startup_stm32f103xb.o(.text)
    ADC1_2_IRQHandler                        0x0800011b   Thumb Code     0  startup_stm32f103xb.o(.text)
    CAN1_RX1_IRQHandler                      0x0800011b   Thumb Code     0  startup_stm32f103xb.o(.text)
    CAN1_SCE_IRQHandler                      0x0800011b   Thumb Code     0  startup_stm32f103xb.o(.text)
    DMA1_Channel2_IRQHandler                 0x0800011b   Thumb Code     0  startup_stm32f103xb.o(.text)
    DMA1_Channel3_IRQHandler                 0x0800011b   Thumb Code     0  startup_stm32f103xb.o(.text)
    DMA1_Channel6_IRQHandler                 0x0800011b   Thumb Code     0  startup_stm32f103xb.o(.text)
    DMA1_Channel7_IRQHandler                 0x0800011b   Thumb Code     0  startup_stm32f103xb.o(.text)
    EXTI0_IRQHandler                         0x0800011b   Thumb Code     0  startup_stm32f103xb.o(.text)
    EXTI15_10_IRQHandler                     0x0800011b   Thumb Code     0  startup_stm32f103xb.o(.text)
    EXTI1_IRQHandler                         0x0800011b   Thumb Code     0  startup_stm32f103xb.o(.text)
    EXTI2_IRQHandler                         0x0800011b   Thumb Code     0  startup_stm32f103xb.o(.text)
    EXTI3_IRQHandler                         0x0800011b   Thumb Code     0  startup_stm32f103xb.o(.text)
    EXTI4_IRQHandler                         0x0800011b   Thumb Code     0  startup_stm32f103xb.o(.text)
    EXTI9_5_IRQHandler                       0x0800011b   Thumb Code     0  startup_stm32f103xb.o(.text)
    FLASH_IRQHandler                         0x0800011b   Thumb Code     0  startup_stm32f103xb.o(.text)
    I2C1_EV_IRQHandler                       0x0800011b   Thumb Code     0  startup_stm32f103xb.o(.text)
    I2C2_ER_IRQHandler                       0x0800011b   Thumb Code     0  startup_stm32f103xb.o(.text)
    I2C2_EV_IRQHandler                       0x0800011b   Thumb Code     0  startup_stm32f103xb.o(.text)
    PVD_IRQHandler                           0x0800011b   Thumb Code     0  startup_stm32f103xb.o(.text)
    RCC_IRQHandler                           0x0800011b   Thumb Code     0  startup_stm32f103xb.o(.text)
    RTC_Alarm_IRQHandler                     0x0800011b   Thumb Code     0  startup_stm32f103xb.o(.text)
    RTC_IRQHandler                           0x0800011b   Thumb Code     0  startup_stm32f103xb.o(.text)
    SPI1_IRQHandler                          0x0800011b   Thumb Code     0  startup_stm32f103xb.o(.text)
    SPI2_IRQHandler                          0x0800011b   Thumb Code     0  startup_stm32f103xb.o(.text)
    TAMPER_IRQHandler                        0x0800011b   Thumb Code     0  startup_stm32f103xb.o(.text)
    TIM1_BRK_IRQHandler                      0x0800011b   Thumb Code     0  startup_stm32f103xb.o(.text)
    TIM1_CC_IRQHandler                       0x0800011b   Thumb Code     0  startup_stm32f103xb.o(.text)
    TIM1_TRG_COM_IRQHandler                  0x0800011b   Thumb Code     0  startup_stm32f103xb.o(.text)
    TIM1_UP_IRQHandler                       0x0800011b   Thumb Code     0  startup_stm32f103xb.o(.text)
    TIM2_IRQHandler                          0x0800011b   Thumb Code     0  startup_stm32f103xb.o(.text)
    TIM3_IRQHandler                          0x0800011b   Thumb Code     0  startup_stm32f103xb.o(.text)
    USART2_IRQHandler                        0x0800011b   Thumb Code     0  startup_stm32f103xb.o(.text)
    USART3_IRQHandler                        0x0800011b   Thumb Code     0  startup_stm32f103xb.o(.text)
    USBWakeUp_IRQHandler                     0x0800011b   Thumb Code     0  startup_stm32f103xb.o(.text)
    USB_HP_CAN1_TX_IRQHandler                0x0800011b   Thumb Code     0  startup_stm32f103xb.o(.text)
    USB_LP_CAN1_RX0_IRQHandler               0x0800011b   Thumb Code     0  startup_stm32f103xb.o(.text)
    WWDG_IRQHandler                          0x0800011b   Thumb Code     0  startup_stm32f103xb.o(.text)
    __aeabi_ldivmod                          0x08000125   Thumb Code    98  ldiv.o(.text)
    __aeabi_llsr                             0x08000187   Thumb Code    32  llushr.o(.text)
    _ll_ushift_r                             0x08000187   Thumb Code     0  llushr.o(.text)
    __aeabi_memset                           0x080001a7   Thumb Code    14  memseta.o(.text)
    __aeabi_memset4                          0x080001a7   Thumb Code     0  memseta.o(.text)
    __aeabi_memset8                          0x080001a7   Thumb Code     0  memseta.o(.text)
    __aeabi_memclr                           0x080001b5   Thumb Code     4  memseta.o(.text)
    __aeabi_memclr4                          0x080001b5   Thumb Code     0  memseta.o(.text)
    __aeabi_memclr8                          0x080001b5   Thumb Code     0  memseta.o(.text)
    _memset$wrapper                          0x080001b9   Thumb Code    18  memseta.o(.text)
    memcmp                                   0x080001cb   Thumb Code    26  memcmp.o(.text)
    __aeabi_fadd                             0x080001e5   Thumb Code   164  fadd.o(.text)
    __aeabi_fsub                             0x08000289   Thumb Code     6  fadd.o(.text)
    __aeabi_frsub                            0x0800028f   Thumb Code     6  fadd.o(.text)
    __aeabi_fmul                             0x08000295   Thumb Code   100  fmul.o(.text)
    __aeabi_fdiv                             0x080002f9   Thumb Code   124  fdiv.o(.text)
    __aeabi_dadd                             0x08000375   Thumb Code   322  dadd.o(.text)
    __aeabi_dsub                             0x080004b7   Thumb Code     6  dadd.o(.text)
    __aeabi_drsub                            0x080004bd   Thumb Code     6  dadd.o(.text)
    __aeabi_dmul                             0x080004c3   Thumb Code   228  dmul.o(.text)
    __aeabi_ddiv                             0x080005a7   Thumb Code   222  ddiv.o(.text)
    __aeabi_i2f                              0x08000685   Thumb Code    18  fflti.o(.text)
    __aeabi_ui2f                             0x08000697   Thumb Code    10  ffltui.o(.text)
    __aeabi_f2iz                             0x080006a1   Thumb Code    50  ffixi.o(.text)
    __aeabi_f2uiz                            0x080006d3   Thumb Code    40  ffixui.o(.text)
    __aeabi_f2d                              0x080006fb   Thumb Code    38  f2d.o(.text)
    __aeabi_d2f                              0x08000721   Thumb Code    56  d2f.o(.text)
    __aeabi_cfcmpeq                          0x08000759   Thumb Code     0  cfcmple.o(.text)
    __aeabi_cfcmple                          0x08000759   Thumb Code    20  cfcmple.o(.text)
    __aeabi_cfrcmple                         0x0800076d   Thumb Code    20  cfrcmple.o(.text)
    __aeabi_uidiv                            0x08000781   Thumb Code     0  uidiv.o(.text)
    __aeabi_uidivmod                         0x08000781   Thumb Code    44  uidiv.o(.text)
    __aeabi_uldivmod                         0x080007ad   Thumb Code    98  uldiv.o(.text)
    __aeabi_llsl                             0x0800080f   Thumb Code    30  llshl.o(.text)
    _ll_shift_l                              0x0800080f   Thumb Code     0  llshl.o(.text)
    __aeabi_lasr                             0x0800082d   Thumb Code    36  llsshr.o(.text)
    _ll_sshift_r                             0x0800082d   Thumb Code     0  llsshr.o(.text)
    __I$use$fp                               0x08000851   Thumb Code     0  iusefp.o(.text)
    _float_round                             0x08000851   Thumb Code    18  fepilogue.o(.text)
    _float_epilogue                          0x08000863   Thumb Code    92  fepilogue.o(.text)
    _double_round                            0x080008bf   Thumb Code    30  depilogue.o(.text)
    _double_epilogue                         0x080008dd   Thumb Code   156  depilogue.o(.text)
    __ARM_scalbn                             0x08000979   Thumb Code    46  dscalb.o(.text)
    scalbn                                   0x08000979   Thumb Code     0  dscalb.o(.text)
    __aeabi_d2ulz                            0x080009a7   Thumb Code    48  dfixul.o(.text)
    __aeabi_cdrcmple                         0x080009d9   Thumb Code    48  cdrcmple.o(.text)
    __scatterload                            0x08000a09   Thumb Code    28  init.o(.text)
    __scatterload_rt2                        0x08000a09   Thumb Code     0  init.o(.text)
    _dsqrt                                   0x08000a2d   Thumb Code   162  dsqrt.o(.text)
    ADC_ConversionStop_Disable               0x08000acf   Thumb Code    92  stm32f1xx_hal_adc.o(i.ADC_ConversionStop_Disable)
    BalanceUpright                           0x08000b2d   Thumb Code    64  balancecontrol.o(i.BalanceUpright)
    BalanceVelocity                          0x08000b75   Thumb Code   192  balancecontrol.o(i.BalanceVelocity)
    BrakingLeftMotor                         0x08000c65   Thumb Code    26  motors.o(i.BrakingLeftMotor)
    BrakingRightMotor                        0x08000c85   Thumb Code    26  motors.o(i.BrakingRightMotor)
    BusFault_Handler                         0x08000ca5   Thumb Code     4  stm32f1xx_it.o(i.BusFault_Handler)
    CheckSum                                 0x08000ca9   Thumb Code    24  protocol.o(i.CheckSum)
    DMA1_Channel1_IRQHandler                 0x08000cc1   Thumb Code    10  stm32f1xx_it.o(i.DMA1_Channel1_IRQHandler)
    DMA1_Channel4_IRQHandler                 0x08000cd1   Thumb Code    10  stm32f1xx_it.o(i.DMA1_Channel4_IRQHandler)
    DMA1_Channel5_IRQHandler                 0x08000ce1   Thumb Code    10  stm32f1xx_it.o(i.DMA1_Channel5_IRQHandler)
    DebugMon_Handler                         0x08000d29   Thumb Code     2  stm32f1xx_it.o(i.DebugMon_Handler)
    Delay_ms                                 0x08000d2b   Thumb Code    22  delay.o(i.Delay_ms)
    Dequeue                                  0x08000d41   Thumb Code    80  serialport.o(i.Dequeue)
    Enqueue                                  0x08000d91   Thumb Code    94  serialport.o(i.Enqueue)
    Error_Handler                            0x08000def   Thumb Code     6  main.o(i.Error_Handler)
    GetLeftMotorSpeed                        0x08000df5   Thumb Code     8  motors.o(i.GetLeftMotorSpeed)
    GetRightMotorSpeed                       0x08000e01   Thumb Code     8  motors.o(i.GetRightMotorSpeed)
    GetSerialPortHandleByUartHandle          0x08000e0d   Thumb Code    16  serialport.o(i.GetSerialPortHandleByUartHandle)
    HAL_ADC_ConfigChannel                    0x08000e25   Thumb Code   288  stm32f1xx_hal_adc.o(i.HAL_ADC_ConfigChannel)
    HAL_ADC_Init                             0x08000f4d   Thumb Code   280  stm32f1xx_hal_adc.o(i.HAL_ADC_Init)
    HAL_ADC_MspInit                          0x0800106d   Thumb Code   152  adc.o(i.HAL_ADC_MspInit)
    HAL_DMA_Abort                            0x08001119   Thumb Code    72  stm32f1xx_hal_dma.o(i.HAL_DMA_Abort)
    HAL_DMA_Abort_IT                         0x08001161   Thumb Code   136  stm32f1xx_hal_dma.o(i.HAL_DMA_Abort_IT)
    HAL_DMA_IRQHandler                       0x08001205   Thumb Code   338  stm32f1xx_hal_dma.o(i.HAL_DMA_IRQHandler)
    HAL_DMA_Init                             0x08001375   Thumb Code   118  stm32f1xx_hal_dma.o(i.HAL_DMA_Init)
    HAL_DMA_Start_IT                         0x080013f9   Thumb Code   124  stm32f1xx_hal_dma.o(i.HAL_DMA_Start_IT)
    HAL_Delay                                0x08001475   Thumb Code    34  stm32f1xx_hal.o(i.HAL_Delay)
    HAL_GPIO_DeInit                          0x0800149d   Thumb Code   292  stm32f1xx_hal_gpio.o(i.HAL_GPIO_DeInit)
    HAL_GPIO_Init                            0x080015c9   Thumb Code   496  stm32f1xx_hal_gpio.o(i.HAL_GPIO_Init)
    HAL_GPIO_WritePin                        0x080017c5   Thumb Code    14  stm32f1xx_hal_gpio.o(i.HAL_GPIO_WritePin)
    HAL_GetTick                              0x080017d5   Thumb Code     6  stm32f1xx_hal.o(i.HAL_GetTick)
    HAL_I2C_AbortCpltCallback                0x080017e1   Thumb Code     2  stm32f1xx_hal_i2c.o(i.HAL_I2C_AbortCpltCallback)
    HAL_I2C_DeInit                           0x080017e3   Thumb Code    54  stm32f1xx_hal_i2c.o(i.HAL_I2C_DeInit)
    HAL_I2C_ER_IRQHandler                    0x08001819   Thumb Code   202  stm32f1xx_hal_i2c.o(i.HAL_I2C_ER_IRQHandler)
    HAL_I2C_ErrorCallback                    0x080018e5   Thumb Code    34  stm32f1xx_it.o(i.HAL_I2C_ErrorCallback)
    HAL_I2C_Init                             0x0800190d   Thumb Code   410  stm32f1xx_hal_i2c.o(i.HAL_I2C_Init)
    HAL_I2C_ListenCpltCallback               0x08001ab9   Thumb Code     2  stm32f1xx_hal_i2c.o(i.HAL_I2C_ListenCpltCallback)
    HAL_I2C_Mem_Read                         0x08001abd   Thumb Code   776  stm32f1xx_hal_i2c.o(i.HAL_I2C_Mem_Read)
    HAL_I2C_Mem_Write                        0x08001dd5   Thumb Code   362  stm32f1xx_hal_i2c.o(i.HAL_I2C_Mem_Write)
    HAL_I2C_MspDeInit                        0x08001f49   Thumb Code    50  i2c.o(i.HAL_I2C_MspDeInit)
    HAL_I2C_MspInit                          0x08001f89   Thumb Code   140  i2c.o(i.HAL_I2C_MspInit)
    HAL_I2C_SlaveTxCpltCallback              0x08002025   Thumb Code     2  stm32f1xx_hal_i2c.o(i.HAL_I2C_SlaveTxCpltCallback)
    HAL_IncTick                              0x08002029   Thumb Code    12  stm32f1xx_hal.o(i.HAL_IncTick)
    HAL_Init                                 0x08002039   Thumb Code    32  stm32f1xx_hal.o(i.HAL_Init)
    HAL_InitTick                             0x0800205d   Thumb Code    58  stm32f1xx_hal.o(i.HAL_InitTick)
    HAL_MspInit                              0x080020a1   Thumb Code    76  stm32f1xx_hal_msp.o(i.HAL_MspInit)
    HAL_NVIC_DisableIRQ                      0x080020f5   Thumb Code    36  stm32f1xx_hal_cortex.o(i.HAL_NVIC_DisableIRQ)
    HAL_NVIC_EnableIRQ                       0x08002119   Thumb Code    28  stm32f1xx_hal_cortex.o(i.HAL_NVIC_EnableIRQ)
    HAL_NVIC_SetPriority                     0x08002135   Thumb Code    98  stm32f1xx_hal_cortex.o(i.HAL_NVIC_SetPriority)
    HAL_NVIC_SetPriorityGrouping             0x0800219d   Thumb Code    30  stm32f1xx_hal_cortex.o(i.HAL_NVIC_SetPriorityGrouping)
    HAL_NVIC_SystemReset                     0x080021c1   Thumb Code    26  stm32f1xx_hal_cortex.o(i.HAL_NVIC_SystemReset)
    HAL_RCCEx_PeriphCLKConfig                0x080021e5   Thumb Code   290  stm32f1xx_hal_rcc_ex.o(i.HAL_RCCEx_PeriphCLKConfig)
    HAL_RCC_ClockConfig                      0x08002315   Thumb Code   364  stm32f1xx_hal_rcc.o(i.HAL_RCC_ClockConfig)
    HAL_RCC_GetHCLKFreq                      0x08002495   Thumb Code     6  stm32f1xx_hal_rcc.o(i.HAL_RCC_GetHCLKFreq)
    HAL_RCC_GetPCLK1Freq                     0x080024a1   Thumb Code    22  stm32f1xx_hal_rcc.o(i.HAL_RCC_GetPCLK1Freq)
    HAL_RCC_GetPCLK2Freq                     0x080024c1   Thumb Code    22  stm32f1xx_hal_rcc.o(i.HAL_RCC_GetPCLK2Freq)
    HAL_RCC_GetSysClockFreq                  0x080024e1   Thumb Code    58  stm32f1xx_hal_rcc.o(i.HAL_RCC_GetSysClockFreq)
    HAL_RCC_OscConfig                        0x08002531   Thumb Code  1068  stm32f1xx_hal_rcc.o(i.HAL_RCC_OscConfig)
    HAL_SYSTICK_Config                       0x0800295d   Thumb Code    36  stm32f1xx_hal_cortex.o(i.HAL_SYSTICK_Config)
    HAL_TIMEx_BreakCallback                  0x08002985   Thumb Code     2  stm32f1xx_hal_tim_ex.o(i.HAL_TIMEx_BreakCallback)
    HAL_TIMEx_CommutCallback                 0x08002987   Thumb Code     2  stm32f1xx_hal_tim_ex.o(i.HAL_TIMEx_CommutCallback)
    HAL_TIMEx_ConfigBreakDeadTime            0x08002989   Thumb Code   102  stm32f1xx_hal_tim_ex.o(i.HAL_TIMEx_ConfigBreakDeadTime)
    HAL_TIMEx_MasterConfigSynchronization    0x080029ef   Thumb Code   114  stm32f1xx_hal_tim_ex.o(i.HAL_TIMEx_MasterConfigSynchronization)
    HAL_TIM_Base_Init                        0x08002a61   Thumb Code    92  stm32f1xx_hal_tim.o(i.HAL_TIM_Base_Init)
    HAL_TIM_Base_MspInit                     0x08002abd   Thumb Code    94  tim.o(i.HAL_TIM_Base_MspInit)
    HAL_TIM_Base_Start_IT                    0x08002b29   Thumb Code    98  stm32f1xx_hal_tim.o(i.HAL_TIM_Base_Start_IT)
    HAL_TIM_ConfigClockSource                0x08002b8b   Thumb Code   234  stm32f1xx_hal_tim.o(i.HAL_TIM_ConfigClockSource)
    HAL_TIM_Encoder_Init                     0x08002c75   Thumb Code   206  stm32f1xx_hal_tim.o(i.HAL_TIM_Encoder_Init)
    HAL_TIM_Encoder_MspInit                  0x08002d45   Thumb Code   186  tim.o(i.HAL_TIM_Encoder_MspInit)
    HAL_TIM_Encoder_Start                    0x08002e0d   Thumb Code   180  stm32f1xx_hal_tim.o(i.HAL_TIM_Encoder_Start)
    HAL_TIM_IC_CaptureCallback               0x08002ec1   Thumb Code     2  stm32f1xx_hal_tim.o(i.HAL_TIM_IC_CaptureCallback)
    HAL_TIM_IRQHandler                       0x08002ec3   Thumb Code   372  stm32f1xx_hal_tim.o(i.HAL_TIM_IRQHandler)
    HAL_TIM_MspPostInit                      0x08003039   Thumb Code    76  tim.o(i.HAL_TIM_MspPostInit)
    HAL_TIM_OC_DelayElapsedCallback          0x08003091   Thumb Code     2  stm32f1xx_hal_tim.o(i.HAL_TIM_OC_DelayElapsedCallback)
    HAL_TIM_PWM_ConfigChannel                0x08003093   Thumb Code   216  stm32f1xx_hal_tim.o(i.HAL_TIM_PWM_ConfigChannel)
    HAL_TIM_PWM_Init                         0x0800316b   Thumb Code    92  stm32f1xx_hal_tim.o(i.HAL_TIM_PWM_Init)
    HAL_TIM_PWM_MspInit                      0x080031c7   Thumb Code     2  stm32f1xx_hal_tim.o(i.HAL_TIM_PWM_MspInit)
    HAL_TIM_PWM_PulseFinishedCallback        0x080031c9   Thumb Code     2  stm32f1xx_hal_tim.o(i.HAL_TIM_PWM_PulseFinishedCallback)
    HAL_TIM_PWM_Start                        0x080031cd   Thumb Code   170  stm32f1xx_hal_tim.o(i.HAL_TIM_PWM_Start)
    HAL_TIM_PeriodElapsedCallback            0x0800327d   Thumb Code    26  stm32f1xx_it.o(i.HAL_TIM_PeriodElapsedCallback)
    HAL_TIM_TriggerCallback                  0x0800329d   Thumb Code     2  stm32f1xx_hal_tim.o(i.HAL_TIM_TriggerCallback)
    HAL_UARTEx_RxEventCallback               0x0800329f   Thumb Code     2  stm32f1xx_hal_uart.o(i.HAL_UARTEx_RxEventCallback)
    HAL_UART_ErrorCallback                   0x080032a1   Thumb Code    28  stm32f1xx_it.o(i.HAL_UART_ErrorCallback)
    HAL_UART_IRQHandler                      0x080032c5   Thumb Code   610  stm32f1xx_hal_uart.o(i.HAL_UART_IRQHandler)
    HAL_UART_Init                            0x0800352d   Thumb Code   102  stm32f1xx_hal_uart.o(i.HAL_UART_Init)
    HAL_UART_MspInit                         0x08003595   Thumb Code   260  usart.o(i.HAL_UART_MspInit)
    HAL_UART_Receive_DMA                     0x080036b5   Thumb Code    28  stm32f1xx_hal_uart.o(i.HAL_UART_Receive_DMA)
    HAL_UART_RxCpltCallback                  0x080036d1   Thumb Code    28  stm32f1xx_it.o(i.HAL_UART_RxCpltCallback)
    HAL_UART_RxHalfCpltCallback              0x080036f5   Thumb Code    28  stm32f1xx_it.o(i.HAL_UART_RxHalfCpltCallback)
    HAL_UART_Transmit_DMA                    0x08003719   Thumb Code   134  stm32f1xx_hal_uart.o(i.HAL_UART_Transmit_DMA)
    HAL_UART_TxCpltCallback                  0x080037ad   Thumb Code    28  stm32f1xx_it.o(i.HAL_UART_TxCpltCallback)
    HAL_UART_TxHalfCpltCallback              0x080037d1   Thumb Code     2  stm32f1xx_hal_uart.o(i.HAL_UART_TxHalfCpltCallback)
    HardFault_Handler                        0x080037d3   Thumb Code     4  stm32f1xx_it.o(i.HardFault_Handler)
    I2C1_ER_IRQHandler                       0x080037d9   Thumb Code    10  stm32f1xx_it.o(i.I2C1_ER_IRQHandler)
    I2CReadWithErrorHandle                   0x080037e9   Thumb Code    48  i2c.o(i.I2CReadWithErrorHandle)
    I2CWriteWithErrorHandle                  0x08003819   Thumb Code    48  i2c.o(i.I2CWriteWithErrorHandle)
    InitAllKeys                              0x080040a1   Thumb Code    28  key.o(i.InitAllKeys)
    InitMotorDriver                          0x080040cd   Thumb Code    48  motors.o(i.InitMotorDriver)
    InitMotorEncodersDriver                  0x08004101   Thumb Code    20  motors.o(i.InitMotorEncodersDriver)
    InitQueue                                0x0800411d   Thumb Code    20  serialport.o(i.InitQueue)
    InitSerialPortHandle                     0x08004131   Thumb Code    66  serialport.o(i.InitSerialPortHandle)
    KeyClear                                 0x08004173   Thumb Code    10  key.o(i.KeyClear)
    KeyHandlers                              0x0800417d   Thumb Code    66  key.o(i.KeyHandlers)
    MPU_Get_Accelerometer                    0x080041bf   Thumb Code    80  mpu6050.o(i.MPU_Get_Accelerometer)
    MPU_Get_Accelerometer_X                  0x0800420f   Thumb Code    30  mpu6050.o(i.MPU_Get_Accelerometer_X)
    MPU_Get_Accelerometer_Y                  0x0800422d   Thumb Code    30  mpu6050.o(i.MPU_Get_Accelerometer_Y)
    MPU_Get_Accelerometer_Z                  0x0800424b   Thumb Code    30  mpu6050.o(i.MPU_Get_Accelerometer_Z)
    MPU_Get_Gyroscope                        0x08004269   Thumb Code    80  mpu6050.o(i.MPU_Get_Gyroscope)
    MPU_Get_Gyroscope_X                      0x080042b9   Thumb Code    30  mpu6050.o(i.MPU_Get_Gyroscope_X)
    MPU_Get_Gyroscope_Y                      0x080042d7   Thumb Code    30  mpu6050.o(i.MPU_Get_Gyroscope_Y)
    MPU_Get_Gyroscope_Z                      0x080042f5   Thumb Code    30  mpu6050.o(i.MPU_Get_Gyroscope_Z)
    MPU_Read_Len                             0x08004315   Thumb Code    44  mpu6050.o(i.MPU_Read_Len)
    MPU_Write_Len                            0x08004345   Thumb Code    44  mpu6050.o(i.MPU_Write_Len)
    MX_ADC1_Init                             0x08004375   Thumb Code    86  adc.o(i.MX_ADC1_Init)
    MX_DMA_Init                              0x080043d5   Thumb Code    80  dma.o(i.MX_DMA_Init)
    MX_GPIO_Init                             0x08004429   Thumb Code   314  gpio.o(i.MX_GPIO_Init)
    MX_I2C1_Init                             0x08004579   Thumb Code    48  i2c.o(i.MX_I2C1_Init)
    MX_TIM1_Init                             0x080045b5   Thumb Code   256  tim.o(i.MX_TIM1_Init)
    MX_TIM2_Init                             0x080046bd   Thumb Code   122  tim.o(i.MX_TIM2_Init)
    MX_TIM3_Init                             0x0800473d   Thumb Code   120  tim.o(i.MX_TIM3_Init)
    MX_TIM4_Init                             0x080047bd   Thumb Code   102  tim.o(i.MX_TIM4_Init)
    MX_USART1_UART_Init                      0x0800482d   Thumb Code    46  usart.o(i.MX_USART1_UART_Init)
    MemManage_Handler                        0x08004865   Thumb Code     4  stm32f1xx_it.o(i.MemManage_Handler)
    NMI_Handler                              0x08004869   Thumb Code     4  stm32f1xx_it.o(i.NMI_Handler)
    OnMainForBalanceControl                  0x0800486d   Thumb Code   136  balancecontrol.o(i.OnMainForBalanceControl)
    OnTIMForBalanceControl                   0x08004905   Thumb Code   170  balancecontrol.o(i.OnTIMForBalanceControl)
    OnTIMForKeysHandler                      0x080049d5   Thumb Code    52  key.o(i.OnTIMForKeysHandler)
    OnTIMForMotorEncoders                    0x08004a1d   Thumb Code    68  motors.o(i.OnTIMForMotorEncoders)
    OnUartErrorForSerial                     0x08004a75   Thumb Code    44  serialport.o(i.OnUartErrorForSerial)
    OnUartTransmitCompleteForSerialTx        0x08004aa1   Thumb Code    32  serialport.o(i.OnUartTransmitCompleteForSerialTx)
    PendSV_Handler                           0x08004ac1   Thumb Code     2  stm32f1xx_it.o(i.PendSV_Handler)
    ProtocolDecode                           0x08004ac5   Thumb Code  1406  protocol.o(i.ProtocolDecode)
    ProtocolEncode                           0x08005065   Thumb Code   100  protocol.o(i.ProtocolEncode)
    ReverseEndianForU16                      0x080050f5   Thumb Code    12  protocol.o(i.ReverseEndianForU16)
    SVC_Handler                              0x08005101   Thumb Code     2  stm32f1xx_it.o(i.SVC_Handler)
    SerialPortOpen                           0x08005105   Thumb Code    12  serialport.o(i.SerialPortOpen)
    SerialRead                               0x08005119   Thumb Code    62  serialport.o(i.SerialRead)
    SerialRxBuffCopyToQueue                  0x08005157   Thumb Code    98  serialport.o(i.SerialRxBuffCopyToQueue)
    SerialTxQueueCopyToBuff                  0x080051b9   Thumb Code    54  serialport.o(i.SerialTxQueueCopyToBuff)
    SerialWrite                              0x080051ef   Thumb Code    58  serialport.o(i.SerialWrite)
    SetLeftMotor                             0x08005229   Thumb Code    76  motors.o(i.SetLeftMotor)
    SetRightMotor                            0x08005279   Thumb Code    76  motors.o(i.SetRightMotor)
    SyncSerialRxQueueReadyCountOnIDLE        0x080052c9   Thumb Code    28  serialport.o(i.SyncSerialRxQueueReadyCountOnIDLE)
    SysTick_Handler                          0x080052e5   Thumb Code     8  stm32f1xx_it.o(i.SysTick_Handler)
    SystemClock_Config                       0x080052ed   Thumb Code   134  main.o(i.SystemClock_Config)
    SystemInit                               0x08005373   Thumb Code     2  system_stm32f1xx.o(i.SystemInit)
    TIM4_IRQHandler                          0x08005375   Thumb Code    10  stm32f1xx_it.o(i.TIM4_IRQHandler)
    TIM_Base_SetConfig                       0x08005385   Thumb Code   106  stm32f1xx_hal_tim.o(i.TIM_Base_SetConfig)
    TIM_CCxChannelCmd                        0x080053fd   Thumb Code    30  stm32f1xx_hal_tim.o(i.TIM_CCxChannelCmd)
    TIM_ETR_SetConfig                        0x0800541b   Thumb Code    22  stm32f1xx_hal_tim.o(i.TIM_ETR_SetConfig)
    TIM_OC2_SetConfig                        0x080054a9   Thumb Code   100  stm32f1xx_hal_tim.o(i.TIM_OC2_SetConfig)
    UART_IDLECallbakc                        0x080057f1   Thumb Code    68  stm32f1xx_it.o(i.UART_IDLECallbakc)
    UART_Start_Receive_DMA                   0x080059d1   Thumb Code   146  stm32f1xx_hal_uart.o(i.UART_Start_Receive_DMA)
    USART1_IRQHandler                        0x08005ad1   Thumb Code    16  stm32f1xx_it.o(i.USART1_IRQHandler)
    UsageFault_Handler                       0x08005ae5   Thumb Code     4  stm32f1xx_it.o(i.UsageFault_Handler)
    __0printf                                0x08005ae9   Thumb Code    22  printfa.o(i.__0printf)
    __1printf                                0x08005ae9   Thumb Code     0  printfa.o(i.__0printf)
    __2printf                                0x08005ae9   Thumb Code     0  printfa.o(i.__0printf)
    __c89printf                              0x08005ae9   Thumb Code     0  printfa.o(i.__0printf)
    printf                                   0x08005ae9   Thumb Code     0  printfa.o(i.__0printf)
    __ARM_fpclassify                         0x08005b09   Thumb Code    40  fpclassify.o(i.__ARM_fpclassify)
    __kernel_poly                            0x08005b31   Thumb Code   170  poly.o(i.__kernel_poly)
    __mathlib_dbl_infnan                     0x08005bdb   Thumb Code     6  dunder.o(i.__mathlib_dbl_infnan)
    __mathlib_dbl_infnan2                    0x08005be1   Thumb Code     4  dunder.o(i.__mathlib_dbl_infnan2)
    __mathlib_dbl_invalid                    0x08005be5   Thumb Code    12  dunder.o(i.__mathlib_dbl_invalid)
    __mathlib_dbl_underflow                  0x08005bf1   Thumb Code    10  dunder.o(i.__mathlib_dbl_underflow)
    __scatterload_copy                       0x08005c01   Thumb Code    14  handlers.o(i.__scatterload_copy)
    __scatterload_null                       0x08005c0f   Thumb Code     2  handlers.o(i.__scatterload_null)
    __scatterload_zeroinit                   0x08005c11   Thumb Code    14  handlers.o(i.__scatterload_zeroinit)
    __set_errno                              0x08005c21   Thumb Code     6  errno.o(i.__set_errno)
    asin                                     0x08006589   Thumb Code   572  asin.o(i.asin)
    atan                                     0x080067f9   Thumb Code   474  atan.o(i.atan)
    atan2                                    0x08006a19   Thumb Code   346  atan2.o(i.atan2)
    dmp_enable_6x_lp_quat                    0x08006bfd   Thumb Code    60  inv_mpu_dmp_motion_driver.o(i.dmp_enable_6x_lp_quat)
    dmp_enable_feature                       0x08006c39   Thumb Code   530  inv_mpu_dmp_motion_driver.o(i.dmp_enable_feature)
    dmp_enable_gyro_cal                      0x08006e55   Thumb Code    62  inv_mpu_dmp_motion_driver.o(i.dmp_enable_gyro_cal)
    dmp_enable_lp_quat                       0x08006ead   Thumb Code    60  inv_mpu_dmp_motion_driver.o(i.dmp_enable_lp_quat)
    dmp_load_motion_driver_firmware          0x08006ee9   Thumb Code    20  inv_mpu_dmp_motion_driver.o(i.dmp_load_motion_driver_firmware)
    dmp_read_fifo                            0x08006f01   Thumb Code   456  inv_mpu_dmp_motion_driver.o(i.dmp_read_fifo)
    dmp_set_accel_bias                       0x080070cd   Thumb Code   300  inv_mpu_dmp_motion_driver.o(i.dmp_set_accel_bias)
    dmp_set_fifo_rate                        0x080071fd   Thumb Code    96  inv_mpu_dmp_motion_driver.o(i.dmp_set_fifo_rate)
    dmp_set_gyro_bias                        0x0800726d   Thumb Code   294  inv_mpu_dmp_motion_driver.o(i.dmp_set_gyro_bias)
    dmp_set_orientation                      0x0800739d   Thumb Code   290  inv_mpu_dmp_motion_driver.o(i.dmp_set_orientation)
    dmp_set_shake_reject_thresh              0x080074d5   Thumb Code    56  inv_mpu_dmp_motion_driver.o(i.dmp_set_shake_reject_thresh)
    dmp_set_shake_reject_time                0x0800750d   Thumb Code    38  inv_mpu_dmp_motion_driver.o(i.dmp_set_shake_reject_time)
    dmp_set_shake_reject_timeout             0x08007533   Thumb Code    38  inv_mpu_dmp_motion_driver.o(i.dmp_set_shake_reject_timeout)
    dmp_set_tap_axes                         0x08007559   Thumb Code    70  inv_mpu_dmp_motion_driver.o(i.dmp_set_tap_axes)
    dmp_set_tap_count                        0x0800759f   Thumb Code    38  inv_mpu_dmp_motion_driver.o(i.dmp_set_tap_count)
    dmp_set_tap_thresh                       0x080075c5   Thumb Code   396  inv_mpu_dmp_motion_driver.o(i.dmp_set_tap_thresh)
    dmp_set_tap_time                         0x08007765   Thumb Code    38  inv_mpu_dmp_motion_driver.o(i.dmp_set_tap_time)
    dmp_set_tap_time_multi                   0x0800778b   Thumb Code    38  inv_mpu_dmp_motion_driver.o(i.dmp_set_tap_time_multi)
    fputc                                    0x080077b1   Thumb Code    18  serialport.o(i.fputc)
    inv_orientation_matrix_to_scalar         0x08007dfd   Thumb Code    40  inv_mpu.o(i.inv_orientation_matrix_to_scalar)
    inv_row_2_scale                          0x08007e25   Thumb Code    78  inv_mpu.o(i.inv_row_2_scale)
    main                                     0x08007e75   Thumb Code   114  main.o(i.main)
    mget_ms                                  0x08007ef1   Thumb Code     2  inv_mpu.o(i.mget_ms)
    mpu_configure_fifo                       0x08007ef5   Thumb Code   106  inv_mpu.o(i.mpu_configure_fifo)
    mpu_dmp_get_data                         0x08007f65   Thumb Code   554  inv_mpu.o(i.mpu_dmp_get_data)
    mpu_dmp_init                             0x08008195   Thumb Code   146  inv_mpu.o(i.mpu_dmp_init)
    mpu_get_accel_fsr                        0x0800822d   Thumb Code    72  inv_mpu.o(i.mpu_get_accel_fsr)
    mpu_get_accel_sens                       0x08008279   Thumb Code    78  inv_mpu.o(i.mpu_get_accel_sens)
    mpu_get_fifo_config                      0x080082cd   Thumb Code    12  inv_mpu.o(i.mpu_get_fifo_config)
    mpu_get_gyro_fsr                         0x080082dd   Thumb Code    64  inv_mpu.o(i.mpu_get_gyro_fsr)
    mpu_get_gyro_sens                        0x08008321   Thumb Code    58  inv_mpu.o(i.mpu_get_gyro_sens)
    mpu_get_lpf                              0x08008371   Thumb Code    74  inv_mpu.o(i.mpu_get_lpf)
    mpu_get_sample_rate                      0x080083c1   Thumb Code    26  inv_mpu.o(i.mpu_get_sample_rate)
    mpu_init                                 0x080083e1   Thumb Code   416  inv_mpu.o(i.mpu_init)
    mpu_load_firmware                        0x080085d1   Thumb Code   180  inv_mpu.o(i.mpu_load_firmware)
    mpu_lp_accel_mode                        0x08008689   Thumb Code   218  inv_mpu.o(i.mpu_lp_accel_mode)
    mpu_read_fifo_stream                     0x08008769   Thumb Code   182  inv_mpu.o(i.mpu_read_fifo_stream)
    mpu_read_mem                             0x08008825   Thumb Code   122  inv_mpu.o(i.mpu_read_mem)
    mpu_reset_fifo                           0x080088a5   Thumb Code   450  inv_mpu.o(i.mpu_reset_fifo)
    mpu_run_self_test                        0x08008a6d   Thumb Code   278  inv_mpu.o(i.mpu_run_self_test)
    mpu_set_accel_fsr                        0x08008b89   Thumb Code   126  inv_mpu.o(i.mpu_set_accel_fsr)
    mpu_set_bypass                           0x08008c0d   Thumb Code   328  inv_mpu.o(i.mpu_set_bypass)
    mpu_set_dmp_state                        0x08008d59   Thumb Code   138  inv_mpu.o(i.mpu_set_dmp_state)
    mpu_set_gyro_fsr                         0x08008de9   Thumb Code   132  inv_mpu.o(i.mpu_set_gyro_fsr)
    mpu_set_int_latched                      0x08008e71   Thumb Code   102  inv_mpu.o(i.mpu_set_int_latched)
    mpu_set_lpf                              0x08008edd   Thumb Code   126  inv_mpu.o(i.mpu_set_lpf)
    mpu_set_sample_rate                      0x08008f61   Thumb Code   152  inv_mpu.o(i.mpu_set_sample_rate)
    mpu_set_sensors                          0x08008ffd   Thumb Code   202  inv_mpu.o(i.mpu_set_sensors)
    mpu_write_mem                            0x080090cd   Thumb Code   122  inv_mpu.o(i.mpu_write_mem)
    run_self_test                            0x0800914d   Thumb Code   132  inv_mpu.o(i.run_self_test)
    sqrt                                     0x08009261   Thumb Code    76  sqrt.o(i.sqrt)
    reg                                      0x080092ac   Data          27  inv_mpu.o(.constdata)
    hw                                       0x080092c8   Data          12  inv_mpu.o(.constdata)
    test                                     0x080092d4   Data          40  inv_mpu.o(.constdata)
    AHBPrescTable                            0x08009f0a   Data          16  system_stm32f1xx.o(.constdata)
    APBPrescTable                            0x08009f1a   Data           8  system_stm32f1xx.o(.constdata)
    __mathlib_zero                           0x0800a010   Data           8  qnan.o(.constdata)
    Region$$Table$$Base                      0x0800a068   Number         0  anon$$obj.o(Region$$Table)
    Region$$Table$$Limit                     0x0800a088   Number         0  anon$$obj.o(Region$$Table)
    mLeftMotorSpeed                          0x20000000   Data           2  motors.o(.data)
    mRightMotorSpeed                         0x20000002   Data           2  motors.o(.data)
    Key1                                     0x2000003e   Data           4  key.o(.data)
    Key2                                     0x20000042   Data           4  key.o(.data)
    Key3                                     0x20000046   Data           4  key.o(.data)
    Key4                                     0x2000004a   Data           4  key.o(.data)
    gPitch                                   0x20000050   Data           4  balancecontrol.o(.data)
    gRoll                                    0x20000054   Data           4  balancecontrol.o(.data)
    gYaw                                     0x20000058   Data           4  balancecontrol.o(.data)
    gGyroY                                   0x2000005c   Data           2  balancecontrol.o(.data)
    gGyroZ                                   0x2000005e   Data           2  balancecontrol.o(.data)
    gCountForReport                          0x20000060   Data           2  balancecontrol.o(.data)
    gBalanceUprightKP                        0x20000064   Data           4  balancecontrol.o(.data)
    gBalanceUprightKD                        0x20000068   Data           4  balancecontrol.o(.data)
    gBalanceUprightMC                        0x2000006c   Data           4  balancecontrol.o(.data)
    gBalanceVelocityKP                       0x20000070   Data           4  balancecontrol.o(.data)
    gBalanceVelocityKI                       0x20000074   Data           4  balancecontrol.o(.data)
    gBalanceSteeringKP                       0x20000078   Data           4  balancecontrol.o(.data)
    gBalanceSteeringKD                       0x2000007c   Data           4  balancecontrol.o(.data)
    uwTickFreq                               0x20000094   Data           1  stm32f1xx_hal.o(.data)
    uwTickPrio                               0x20000098   Data           4  stm32f1xx_hal.o(.data)
    uwTick                                   0x2000009c   Data           4  stm32f1xx_hal.o(.data)
    SystemCoreClock                          0x200000a0   Data           4  system_stm32f1xx.o(.data)
    __stdout                                 0x200000a4   Data           4  stdout.o(.data)
    hadc1                                    0x200000ac   Data          48  adc.o(.bss)
    hdma_adc1                                0x200000dc   Data          68  adc.o(.bss)
    hi2c1                                    0x20000120   Data          84  i2c.o(.bss)
    htim1                                    0x20000174   Data          72  tim.o(.bss)
    htim2                                    0x200001bc   Data          72  tim.o(.bss)
    htim3                                    0x20000204   Data          72  tim.o(.bss)
    htim4                                    0x2000024c   Data          72  tim.o(.bss)
    huart1                                   0x20000294   Data          72  usart.o(.bss)
    hdma_usart1_rx                           0x200002dc   Data          68  usart.o(.bss)
    hdma_usart1_tx                           0x20000320   Data          68  usart.o(.bss)
    gSerialPort1                             0x20000374   Data        2080  serialport.o(.bss)
    gSerialPort2                             0x20000b94   Data        2080  serialport.o(.bss)
    __initial_sp                             0x20001818   Data           0  startup_stm32f103xb.o(STACK)



==============================================================================

Memory Map of the image

  Image Entry point : 0x080000ed

  Load Region LR_IROM1 (Base: 0x08000000, Size: 0x0000a134, Max: 0x00010000, ABSOLUTE)

    Execution Region ER_IROM1 (Exec base: 0x08000000, Load base: 0x08000000, Size: 0x0000a088, Max: 0x00010000, ABSOLUTE)

    Exec Addr    Load Addr    Size         Type   Attr      Idx    E Section Name        Object

    0x08000000   0x08000000   0x000000ec   Data   RO            3    RESET               startup_stm32f103xb.o
    0x080000ec   0x080000ec   0x00000000   Code   RO         5174  * .ARM.Collect$$$$00000000  mc_w.l(entry.o)
    0x080000ec   0x080000ec   0x00000004   Code   RO         5513    .ARM.Collect$$$$00000001  mc_w.l(entry2.o)
    0x080000f0   0x080000f0   0x00000004   Code   RO         5516    .ARM.Collect$$$$00000004  mc_w.l(entry5.o)
    0x080000f4   0x080000f4   0x00000000   Code   RO         5518    .ARM.Collect$$$$00000008  mc_w.l(entry7b.o)
    0x080000f4   0x080000f4   0x00000000   Code   RO         5520    .ARM.Collect$$$$0000000A  mc_w.l(entry8b.o)
    0x080000f4   0x080000f4   0x00000008   Code   RO         5521    .ARM.Collect$$$$0000000B  mc_w.l(entry9a.o)
    0x080000fc   0x080000fc   0x00000000   Code   RO         5523    .ARM.Collect$$$$0000000D  mc_w.l(entry10a.o)
    0x080000fc   0x080000fc   0x00000000   Code   RO         5525    .ARM.Collect$$$$0000000F  mc_w.l(entry11a.o)
    0x080000fc   0x080000fc   0x00000004   Code   RO         5514    .ARM.Collect$$$$00002712  mc_w.l(entry2.o)
    0x08000100   0x08000100   0x00000024   Code   RO            4    .text               startup_stm32f103xb.o
    0x08000124   0x08000124   0x00000062   Code   RO         5177    .text               mc_w.l(ldiv.o)
    0x08000186   0x08000186   0x00000020   Code   RO         5179    .text               mc_w.l(llushr.o)
    0x080001a6   0x080001a6   0x00000024   Code   RO         5181    .text               mc_w.l(memseta.o)
    0x080001ca   0x080001ca   0x0000001a   Code   RO         5183    .text               mc_w.l(memcmp.o)
    0x080001e4   0x080001e4   0x000000b0   Code   RO         5446    .text               mf_w.l(fadd.o)
    0x08000294   0x08000294   0x00000064   Code   RO         5448    .text               mf_w.l(fmul.o)
    0x080002f8   0x080002f8   0x0000007c   Code   RO         5450    .text               mf_w.l(fdiv.o)
    0x08000374   0x08000374   0x0000014e   Code   RO         5452    .text               mf_w.l(dadd.o)
    0x080004c2   0x080004c2   0x000000e4   Code   RO         5454    .text               mf_w.l(dmul.o)
    0x080005a6   0x080005a6   0x000000de   Code   RO         5456    .text               mf_w.l(ddiv.o)
    0x08000684   0x08000684   0x00000012   Code   RO         5458    .text               mf_w.l(fflti.o)
    0x08000696   0x08000696   0x0000000a   Code   RO         5460    .text               mf_w.l(ffltui.o)
    0x080006a0   0x080006a0   0x00000032   Code   RO         5464    .text               mf_w.l(ffixi.o)
    0x080006d2   0x080006d2   0x00000028   Code   RO         5466    .text               mf_w.l(ffixui.o)
    0x080006fa   0x080006fa   0x00000026   Code   RO         5468    .text               mf_w.l(f2d.o)
    0x08000720   0x08000720   0x00000038   Code   RO         5470    .text               mf_w.l(d2f.o)
    0x08000758   0x08000758   0x00000014   Code   RO         5472    .text               mf_w.l(cfcmple.o)
    0x0800076c   0x0800076c   0x00000014   Code   RO         5474    .text               mf_w.l(cfrcmple.o)
    0x08000780   0x08000780   0x0000002c   Code   RO         5528    .text               mc_w.l(uidiv.o)
    0x080007ac   0x080007ac   0x00000062   Code   RO         5530    .text               mc_w.l(uldiv.o)
    0x0800080e   0x0800080e   0x0000001e   Code   RO         5532    .text               mc_w.l(llshl.o)
    0x0800082c   0x0800082c   0x00000024   Code   RO         5534    .text               mc_w.l(llsshr.o)
    0x08000850   0x08000850   0x00000000   Code   RO         5543    .text               mc_w.l(iusefp.o)
    0x08000850   0x08000850   0x0000006e   Code   RO         5544    .text               mf_w.l(fepilogue.o)
    0x080008be   0x080008be   0x000000ba   Code   RO         5546    .text               mf_w.l(depilogue.o)
    0x08000978   0x08000978   0x0000002e   Code   RO         5548    .text               mf_w.l(dscalb.o)
    0x080009a6   0x080009a6   0x00000030   Code   RO         5550    .text               mf_w.l(dfixul.o)
    0x080009d6   0x080009d6   0x00000002   PAD
    0x080009d8   0x080009d8   0x00000030   Code   RO         5552    .text               mf_w.l(cdrcmple.o)
    0x08000a08   0x08000a08   0x00000024   Code   RO         5554    .text               mc_w.l(init.o)
    0x08000a2c   0x08000a2c   0x000000a2   Code   RO         5556    .text               mf_w.l(dsqrt.o)
    0x08000ace   0x08000ace   0x0000005c   Code   RO         2013    i.ADC_ConversionStop_Disable  stm32f1xx_hal_adc.o
    0x08000b2a   0x08000b2a   0x00000002   PAD
    0x08000b2c   0x08000b2c   0x00000048   Code   RO         1924    i.BalanceUpright    balancecontrol.o
    0x08000b74   0x08000b74   0x000000f0   Code   RO         1925    i.BalanceVelocity   balancecontrol.o
    0x08000c64   0x08000c64   0x00000020   Code   RO          859    i.BrakingLeftMotor  motors.o
    0x08000c84   0x08000c84   0x00000020   Code   RO          860    i.BrakingRightMotor  motors.o
    0x08000ca4   0x08000ca4   0x00000004   Code   RO          475    i.BusFault_Handler  stm32f1xx_it.o
    0x08000ca8   0x08000ca8   0x00000018   Code   RO         1759    i.CheckSum          protocol.o
    0x08000cc0   0x08000cc0   0x00000010   Code   RO          476    i.DMA1_Channel1_IRQHandler  stm32f1xx_it.o
    0x08000cd0   0x08000cd0   0x00000010   Code   RO          477    i.DMA1_Channel4_IRQHandler  stm32f1xx_it.o
    0x08000ce0   0x08000ce0   0x00000010   Code   RO          478    i.DMA1_Channel5_IRQHandler  stm32f1xx_it.o
    0x08000cf0   0x08000cf0   0x00000038   Code   RO         2674    i.DMA_SetConfig     stm32f1xx_hal_dma.o
    0x08000d28   0x08000d28   0x00000002   Code   RO          479    i.DebugMon_Handler  stm32f1xx_it.o
    0x08000d2a   0x08000d2a   0x00000016   Code   RO         1735    i.Delay_ms          delay.o
    0x08000d40   0x08000d40   0x00000050   Code   RO         1808    i.Dequeue           serialport.o
    0x08000d90   0x08000d90   0x0000005e   Code   RO         1809    i.Enqueue           serialport.o
    0x08000dee   0x08000dee   0x00000006   Code   RO           13    i.Error_Handler     main.o
    0x08000df4   0x08000df4   0x0000000c   Code   RO          861    i.GetLeftMotorSpeed  motors.o
    0x08000e00   0x08000e00   0x0000000c   Code   RO          862    i.GetRightMotorSpeed  motors.o
    0x08000e0c   0x08000e0c   0x00000018   Code   RO         1810    i.GetSerialPortHandleByUartHandle  serialport.o
    0x08000e24   0x08000e24   0x00000128   Code   RO         2019    i.HAL_ADC_ConfigChannel  stm32f1xx_hal_adc.o
    0x08000f4c   0x08000f4c   0x00000120   Code   RO         2028    i.HAL_ADC_Init      stm32f1xx_hal_adc.o
    0x0800106c   0x0800106c   0x000000ac   Code   RO          236    i.HAL_ADC_MspInit   adc.o
    0x08001118   0x08001118   0x00000048   Code   RO         2675    i.HAL_DMA_Abort     stm32f1xx_hal_dma.o
    0x08001160   0x08001160   0x000000a4   Code   RO         2676    i.HAL_DMA_Abort_IT  stm32f1xx_hal_dma.o
    0x08001204   0x08001204   0x00000170   Code   RO         2680    i.HAL_DMA_IRQHandler  stm32f1xx_hal_dma.o
    0x08001374   0x08001374   0x00000084   Code   RO         2681    i.HAL_DMA_Init      stm32f1xx_hal_dma.o
    0x080013f8   0x080013f8   0x0000007c   Code   RO         2685    i.HAL_DMA_Start_IT  stm32f1xx_hal_dma.o
    0x08001474   0x08001474   0x00000028   Code   RO         2296    i.HAL_Delay         stm32f1xx_hal.o
    0x0800149c   0x0800149c   0x0000012c   Code   RO         2608    i.HAL_GPIO_DeInit   stm32f1xx_hal_gpio.o
    0x080015c8   0x080015c8   0x000001fc   Code   RO         2611    i.HAL_GPIO_Init     stm32f1xx_hal_gpio.o
    0x080017c4   0x080017c4   0x0000000e   Code   RO         2615    i.HAL_GPIO_WritePin  stm32f1xx_hal_gpio.o
    0x080017d2   0x080017d2   0x00000002   PAD
    0x080017d4   0x080017d4   0x0000000c   Code   RO         2300    i.HAL_GetTick       stm32f1xx_hal.o
    0x080017e0   0x080017e0   0x00000002   Code   RO         3287    i.HAL_I2C_AbortCpltCallback  stm32f1xx_hal_i2c.o
    0x080017e2   0x080017e2   0x00000036   Code   RO         3289    i.HAL_I2C_DeInit    stm32f1xx_hal_i2c.o
    0x08001818   0x08001818   0x000000ca   Code   RO         3291    i.HAL_I2C_ER_IRQHandler  stm32f1xx_hal_i2c.o
    0x080018e2   0x080018e2   0x00000002   PAD
    0x080018e4   0x080018e4   0x00000028   Code   RO          482    i.HAL_I2C_ErrorCallback  stm32f1xx_it.o
    0x0800190c   0x0800190c   0x000001ac   Code   RO         3298    i.HAL_I2C_Init      stm32f1xx_hal_i2c.o
    0x08001ab8   0x08001ab8   0x00000002   Code   RO         3300    i.HAL_I2C_ListenCpltCallback  stm32f1xx_hal_i2c.o
    0x08001aba   0x08001aba   0x00000002   PAD
    0x08001abc   0x08001abc   0x00000318   Code   RO         3316    i.HAL_I2C_Mem_Read  stm32f1xx_hal_i2c.o
    0x08001dd4   0x08001dd4   0x00000174   Code   RO         3319    i.HAL_I2C_Mem_Write  stm32f1xx_hal_i2c.o
    0x08001f48   0x08001f48   0x00000040   Code   RO          301    i.HAL_I2C_MspDeInit  i2c.o
    0x08001f88   0x08001f88   0x0000009c   Code   RO          302    i.HAL_I2C_MspInit   i2c.o
    0x08002024   0x08002024   0x00000002   Code   RO         3325    i.HAL_I2C_SlaveTxCpltCallback  stm32f1xx_hal_i2c.o
    0x08002026   0x08002026   0x00000002   PAD
    0x08002028   0x08002028   0x00000010   Code   RO         2306    i.HAL_IncTick       stm32f1xx_hal.o
    0x08002038   0x08002038   0x00000024   Code   RO         2307    i.HAL_Init          stm32f1xx_hal.o
    0x0800205c   0x0800205c   0x00000044   Code   RO         2308    i.HAL_InitTick      stm32f1xx_hal.o
    0x080020a0   0x080020a0   0x00000054   Code   RO          641    i.HAL_MspInit       stm32f1xx_hal_msp.o
    0x080020f4   0x080020f4   0x00000024   Code   RO         2770    i.HAL_NVIC_DisableIRQ  stm32f1xx_hal_cortex.o
    0x08002118   0x08002118   0x0000001c   Code   RO         2771    i.HAL_NVIC_EnableIRQ  stm32f1xx_hal_cortex.o
    0x08002134   0x08002134   0x00000068   Code   RO         2777    i.HAL_NVIC_SetPriority  stm32f1xx_hal_cortex.o
    0x0800219c   0x0800219c   0x00000024   Code   RO         2778    i.HAL_NVIC_SetPriorityGrouping  stm32f1xx_hal_cortex.o
    0x080021c0   0x080021c0   0x00000024   Code   RO         2779    i.HAL_NVIC_SystemReset  stm32f1xx_hal_cortex.o
    0x080021e4   0x080021e4   0x00000130   Code   RO         2573    i.HAL_RCCEx_PeriphCLKConfig  stm32f1xx_hal_rcc_ex.o
    0x08002314   0x08002314   0x00000180   Code   RO         2464    i.HAL_RCC_ClockConfig  stm32f1xx_hal_rcc.o
    0x08002494   0x08002494   0x0000000c   Code   RO         2469    i.HAL_RCC_GetHCLKFreq  stm32f1xx_hal_rcc.o
    0x080024a0   0x080024a0   0x00000020   Code   RO         2471    i.HAL_RCC_GetPCLK1Freq  stm32f1xx_hal_rcc.o
    0x080024c0   0x080024c0   0x00000020   Code   RO         2472    i.HAL_RCC_GetPCLK2Freq  stm32f1xx_hal_rcc.o
    0x080024e0   0x080024e0   0x00000050   Code   RO         2473    i.HAL_RCC_GetSysClockFreq  stm32f1xx_hal_rcc.o
    0x08002530   0x08002530   0x0000042c   Code   RO         2476    i.HAL_RCC_OscConfig  stm32f1xx_hal_rcc.o
    0x0800295c   0x0800295c   0x00000028   Code   RO         2782    i.HAL_SYSTICK_Config  stm32f1xx_hal_cortex.o
    0x08002984   0x08002984   0x00000002   Code   RO         4481    i.HAL_TIMEx_BreakCallback  stm32f1xx_hal_tim_ex.o
    0x08002986   0x08002986   0x00000002   Code   RO         4482    i.HAL_TIMEx_CommutCallback  stm32f1xx_hal_tim_ex.o
    0x08002988   0x08002988   0x00000066   Code   RO         4484    i.HAL_TIMEx_ConfigBreakDeadTime  stm32f1xx_hal_tim_ex.o
    0x080029ee   0x080029ee   0x00000072   Code   RO         4500    i.HAL_TIMEx_MasterConfigSynchronization  stm32f1xx_hal_tim_ex.o
    0x08002a60   0x08002a60   0x0000005c   Code   RO         3766    i.HAL_TIM_Base_Init  stm32f1xx_hal_tim.o
    0x08002abc   0x08002abc   0x0000006c   Code   RO          356    i.HAL_TIM_Base_MspInit  tim.o
    0x08002b28   0x08002b28   0x00000062   Code   RO         3771    i.HAL_TIM_Base_Start_IT  stm32f1xx_hal_tim.o
    0x08002b8a   0x08002b8a   0x000000ea   Code   RO         3775    i.HAL_TIM_ConfigClockSource  stm32f1xx_hal_tim.o
    0x08002c74   0x08002c74   0x000000ce   Code   RO         3787    i.HAL_TIM_Encoder_Init  stm32f1xx_hal_tim.o
    0x08002d42   0x08002d42   0x00000002   PAD
    0x08002d44   0x08002d44   0x000000c8   Code   RO          358    i.HAL_TIM_Encoder_MspInit  tim.o
    0x08002e0c   0x08002e0c   0x000000b4   Code   RO         3790    i.HAL_TIM_Encoder_Start  stm32f1xx_hal_tim.o
    0x08002ec0   0x08002ec0   0x00000002   Code   RO         3800    i.HAL_TIM_IC_CaptureCallback  stm32f1xx_hal_tim.o
    0x08002ec2   0x08002ec2   0x00000174   Code   RO         3814    i.HAL_TIM_IRQHandler  stm32f1xx_hal_tim.o
    0x08003036   0x08003036   0x00000002   PAD
    0x08003038   0x08003038   0x00000058   Code   RO          359    i.HAL_TIM_MspPostInit  tim.o
    0x08003090   0x08003090   0x00000002   Code   RO         3817    i.HAL_TIM_OC_DelayElapsedCallback  stm32f1xx_hal_tim.o
    0x08003092   0x08003092   0x000000d8   Code   RO         3838    i.HAL_TIM_PWM_ConfigChannel  stm32f1xx_hal_tim.o
    0x0800316a   0x0800316a   0x0000005c   Code   RO         3841    i.HAL_TIM_PWM_Init  stm32f1xx_hal_tim.o
    0x080031c6   0x080031c6   0x00000002   Code   RO         3843    i.HAL_TIM_PWM_MspInit  stm32f1xx_hal_tim.o
    0x080031c8   0x080031c8   0x00000002   Code   RO         3844    i.HAL_TIM_PWM_PulseFinishedCallback  stm32f1xx_hal_tim.o
    0x080031ca   0x080031ca   0x00000002   PAD
    0x080031cc   0x080031cc   0x000000b0   Code   RO         3846    i.HAL_TIM_PWM_Start  stm32f1xx_hal_tim.o
    0x0800327c   0x0800327c   0x00000020   Code   RO          483    i.HAL_TIM_PeriodElapsedCallback  stm32f1xx_it.o
    0x0800329c   0x0800329c   0x00000002   Code   RO         3857    i.HAL_TIM_TriggerCallback  stm32f1xx_hal_tim.o
    0x0800329e   0x0800329e   0x00000002   Code   RO         4760    i.HAL_UARTEx_RxEventCallback  stm32f1xx_hal_uart.o
    0x080032a0   0x080032a0   0x00000024   Code   RO          484    i.HAL_UART_ErrorCallback  stm32f1xx_it.o
    0x080032c4   0x080032c4   0x00000268   Code   RO         4777    i.HAL_UART_IRQHandler  stm32f1xx_hal_uart.o
    0x0800352c   0x0800352c   0x00000066   Code   RO         4778    i.HAL_UART_Init     stm32f1xx_hal_uart.o
    0x08003592   0x08003592   0x00000002   PAD
    0x08003594   0x08003594   0x00000120   Code   RO          434    i.HAL_UART_MspInit  usart.o
    0x080036b4   0x080036b4   0x0000001c   Code   RO         4782    i.HAL_UART_Receive_DMA  stm32f1xx_hal_uart.o
    0x080036d0   0x080036d0   0x00000024   Code   RO          485    i.HAL_UART_RxCpltCallback  stm32f1xx_it.o
    0x080036f4   0x080036f4   0x00000024   Code   RO          486    i.HAL_UART_RxHalfCpltCallback  stm32f1xx_it.o
    0x08003718   0x08003718   0x00000094   Code   RO         4787    i.HAL_UART_Transmit_DMA  stm32f1xx_hal_uart.o
    0x080037ac   0x080037ac   0x00000024   Code   RO          487    i.HAL_UART_TxCpltCallback  stm32f1xx_it.o
    0x080037d0   0x080037d0   0x00000002   Code   RO         4790    i.HAL_UART_TxHalfCpltCallback  stm32f1xx_hal_uart.o
    0x080037d2   0x080037d2   0x00000004   Code   RO          488    i.HardFault_Handler  stm32f1xx_it.o
    0x080037d6   0x080037d6   0x00000002   PAD
    0x080037d8   0x080037d8   0x00000010   Code   RO          489    i.I2C1_ER_IRQHandler  stm32f1xx_it.o
    0x080037e8   0x080037e8   0x00000030   Code   RO          303    i.I2CReadWithErrorHandle  i2c.o
    0x08003818   0x08003818   0x00000030   Code   RO          304    i.I2CWriteWithErrorHandle  i2c.o
    0x08003848   0x08003848   0x000000cc   Code   RO         3337    i.I2C_DMAAbort      stm32f1xx_hal_i2c.o
    0x08003914   0x08003914   0x00000010   Code   RO         3340    i.I2C_Flush_DR      stm32f1xx_hal_i2c.o
    0x08003924   0x08003924   0x0000016c   Code   RO         3341    i.I2C_ITError       stm32f1xx_hal_i2c.o
    0x08003a90   0x08003a90   0x00000032   Code   RO         3342    i.I2C_IsAcknowledgeFailed  stm32f1xx_hal_i2c.o
    0x08003ac2   0x08003ac2   0x00000002   PAD
    0x08003ac4   0x08003ac4   0x00000154   Code   RO         3353    i.I2C_RequestMemoryRead  stm32f1xx_hal_i2c.o
    0x08003c18   0x08003c18   0x000000d0   Code   RO         3354    i.I2C_RequestMemoryWrite  stm32f1xx_hal_i2c.o
    0x08003ce8   0x08003ce8   0x00000090   Code   RO         3360    i.I2C_Slave_AF      stm32f1xx_hal_i2c.o
    0x08003d78   0x08003d78   0x00000066   Code   RO         3362    i.I2C_WaitOnBTFFlagUntilTimeout  stm32f1xx_hal_i2c.o
    0x08003dde   0x08003dde   0x000000ea   Code   RO         3363    i.I2C_WaitOnFlagUntilTimeout  stm32f1xx_hal_i2c.o
    0x08003ec8   0x08003ec8   0x000000ec   Code   RO         3364    i.I2C_WaitOnMasterAddressFlagUntilTimeout  stm32f1xx_hal_i2c.o
    0x08003fb4   0x08003fb4   0x00000086   Code   RO         3365    i.I2C_WaitOnRXNEFlagUntilTimeout  stm32f1xx_hal_i2c.o
    0x0800403a   0x0800403a   0x00000066   Code   RO         3368    i.I2C_WaitOnTXEFlagUntilTimeout  stm32f1xx_hal_i2c.o
    0x080040a0   0x080040a0   0x0000002c   Code   RO         1641    i.InitAllKeys       key.o
    0x080040cc   0x080040cc   0x00000034   Code   RO          863    i.InitMotorDriver   motors.o
    0x08004100   0x08004100   0x0000001c   Code   RO          864    i.InitMotorEncodersDriver  motors.o
    0x0800411c   0x0800411c   0x00000014   Code   RO         1811    i.InitQueue         serialport.o
    0x08004130   0x08004130   0x00000042   Code   RO         1812    i.InitSerialPortHandle  serialport.o
    0x08004172   0x08004172   0x0000000a   Code   RO         1642    i.KeyClear          key.o
    0x0800417c   0x0800417c   0x00000042   Code   RO         1643    i.KeyHandlers       key.o
    0x080041be   0x080041be   0x00000050   Code   RO          934    i.MPU_Get_Accelerometer  mpu6050.o
    0x0800420e   0x0800420e   0x0000001e   Code   RO          935    i.MPU_Get_Accelerometer_X  mpu6050.o
    0x0800422c   0x0800422c   0x0000001e   Code   RO          936    i.MPU_Get_Accelerometer_Y  mpu6050.o
    0x0800424a   0x0800424a   0x0000001e   Code   RO          937    i.MPU_Get_Accelerometer_Z  mpu6050.o
    0x08004268   0x08004268   0x00000050   Code   RO          938    i.MPU_Get_Gyroscope  mpu6050.o
    0x080042b8   0x080042b8   0x0000001e   Code   RO          939    i.MPU_Get_Gyroscope_X  mpu6050.o
    0x080042d6   0x080042d6   0x0000001e   Code   RO          940    i.MPU_Get_Gyroscope_Y  mpu6050.o
    0x080042f4   0x080042f4   0x0000001e   Code   RO          941    i.MPU_Get_Gyroscope_Z  mpu6050.o
    0x08004312   0x08004312   0x00000002   PAD
    0x08004314   0x08004314   0x00000030   Code   RO          945    i.MPU_Read_Len      mpu6050.o
    0x08004344   0x08004344   0x00000030   Code   RO          951    i.MPU_Write_Len     mpu6050.o
    0x08004374   0x08004374   0x00000060   Code   RO          237    i.MX_ADC1_Init      adc.o
    0x080043d4   0x080043d4   0x00000054   Code   RO          277    i.MX_DMA_Init       dma.o
    0x08004428   0x08004428   0x00000150   Code   RO          211    i.MX_GPIO_Init      gpio.o
    0x08004578   0x08004578   0x0000003c   Code   RO          305    i.MX_I2C1_Init      i2c.o
    0x080045b4   0x080045b4   0x00000108   Code   RO          360    i.MX_TIM1_Init      tim.o
    0x080046bc   0x080046bc   0x00000080   Code   RO          361    i.MX_TIM2_Init      tim.o
    0x0800473c   0x0800473c   0x00000080   Code   RO          362    i.MX_TIM3_Init      tim.o
    0x080047bc   0x080047bc   0x00000070   Code   RO          363    i.MX_TIM4_Init      tim.o
    0x0800482c   0x0800482c   0x00000038   Code   RO          435    i.MX_USART1_UART_Init  usart.o
    0x08004864   0x08004864   0x00000004   Code   RO          490    i.MemManage_Handler  stm32f1xx_it.o
    0x08004868   0x08004868   0x00000004   Code   RO          491    i.NMI_Handler       stm32f1xx_it.o
    0x0800486c   0x0800486c   0x00000098   Code   RO         1926    i.OnMainForBalanceControl  balancecontrol.o
    0x08004904   0x08004904   0x000000d0   Code   RO         1927    i.OnTIMForBalanceControl  balancecontrol.o
    0x080049d4   0x080049d4   0x00000048   Code   RO         1644    i.OnTIMForKeysHandler  key.o
    0x08004a1c   0x08004a1c   0x00000058   Code   RO          865    i.OnTIMForMotorEncoders  motors.o
    0x08004a74   0x08004a74   0x0000002c   Code   RO         1813    i.OnUartErrorForSerial  serialport.o
    0x08004aa0   0x08004aa0   0x00000020   Code   RO         1814    i.OnUartTransmitCompleteForSerialTx  serialport.o
    0x08004ac0   0x08004ac0   0x00000002   Code   RO          492    i.PendSV_Handler    stm32f1xx_it.o
    0x08004ac2   0x08004ac2   0x00000002   PAD
    0x08004ac4   0x08004ac4   0x000005a0   Code   RO         1760    i.ProtocolDecode    protocol.o
    0x08005064   0x08005064   0x0000006c   Code   RO         1761    i.ProtocolEncode    protocol.o
    0x080050d0   0x080050d0   0x00000024   Code   RO         2477    i.RCC_Delay         stm32f1xx_hal_rcc.o
    0x080050f4   0x080050f4   0x0000000c   Code   RO         1763    i.ReverseEndianForU16  protocol.o
    0x08005100   0x08005100   0x00000002   Code   RO          493    i.SVC_Handler       stm32f1xx_it.o
    0x08005102   0x08005102   0x00000002   PAD
    0x08005104   0x08005104   0x00000014   Code   RO         1815    i.SerialPortOpen    serialport.o
    0x08005118   0x08005118   0x0000003e   Code   RO         1816    i.SerialRead        serialport.o
    0x08005156   0x08005156   0x00000062   Code   RO         1817    i.SerialRxBuffCopyToQueue  serialport.o
    0x080051b8   0x080051b8   0x00000036   Code   RO         1818    i.SerialTxQueueCopyToBuff  serialport.o
    0x080051ee   0x080051ee   0x0000003a   Code   RO         1819    i.SerialWrite       serialport.o
    0x08005228   0x08005228   0x00000050   Code   RO          866    i.SetLeftMotor      motors.o
    0x08005278   0x08005278   0x00000050   Code   RO          867    i.SetRightMotor     motors.o
    0x080052c8   0x080052c8   0x0000001c   Code   RO         1820    i.SyncSerialRxQueueReadyCountOnIDLE  serialport.o
    0x080052e4   0x080052e4   0x00000008   Code   RO          494    i.SysTick_Handler   stm32f1xx_it.o
    0x080052ec   0x080052ec   0x00000086   Code   RO           14    i.SystemClock_Config  main.o
    0x08005372   0x08005372   0x00000002   Code   RO         5122    i.SystemInit        system_stm32f1xx.o
    0x08005374   0x08005374   0x00000010   Code   RO          495    i.TIM4_IRQHandler   stm32f1xx_it.o
    0x08005384   0x08005384   0x00000078   Code   RO         3859    i.TIM_Base_SetConfig  stm32f1xx_hal_tim.o
    0x080053fc   0x080053fc   0x0000001e   Code   RO         3860    i.TIM_CCxChannelCmd  stm32f1xx_hal_tim.o
    0x0800541a   0x0800541a   0x00000016   Code   RO         3870    i.TIM_ETR_SetConfig  stm32f1xx_hal_tim.o
    0x08005430   0x08005430   0x00000010   Code   RO         3871    i.TIM_ITRx_SetConfig  stm32f1xx_hal_tim.o
    0x08005440   0x08005440   0x00000068   Code   RO         3872    i.TIM_OC1_SetConfig  stm32f1xx_hal_tim.o
    0x080054a8   0x080054a8   0x00000068   Code   RO         3873    i.TIM_OC2_SetConfig  stm32f1xx_hal_tim.o
    0x08005510   0x08005510   0x00000068   Code   RO         3874    i.TIM_OC3_SetConfig  stm32f1xx_hal_tim.o
    0x08005578   0x08005578   0x0000004e   Code   RO         3875    i.TIM_OC4_SetConfig  stm32f1xx_hal_tim.o
    0x080055c6   0x080055c6   0x00000026   Code   RO         3877    i.TIM_TI1_ConfigInputStage  stm32f1xx_hal_tim.o
    0x080055ec   0x080055ec   0x00000028   Code   RO         3879    i.TIM_TI2_ConfigInputStage  stm32f1xx_hal_tim.o
    0x08005614   0x08005614   0x00000010   Code   RO         4791    i.UART_DMAAbortOnError  stm32f1xx_hal_uart.o
    0x08005624   0x08005624   0x0000004a   Code   RO         4792    i.UART_DMAError     stm32f1xx_hal_uart.o
    0x0800566e   0x0800566e   0x00000090   Code   RO         4793    i.UART_DMAReceiveCplt  stm32f1xx_hal_uart.o
    0x080056fe   0x080056fe   0x0000001e   Code   RO         4795    i.UART_DMARxHalfCplt  stm32f1xx_hal_uart.o
    0x0800571c   0x0800571c   0x00000044   Code   RO         4797    i.UART_DMATransmitCplt  stm32f1xx_hal_uart.o
    0x08005760   0x08005760   0x0000000a   Code   RO         4799    i.UART_DMATxHalfCplt  stm32f1xx_hal_uart.o
    0x0800576a   0x0800576a   0x0000004e   Code   RO         4801    i.UART_EndRxTransfer  stm32f1xx_hal_uart.o
    0x080057b8   0x080057b8   0x0000001a   Code   RO         4802    i.UART_EndTransmit_IT  stm32f1xx_hal_uart.o
    0x080057d2   0x080057d2   0x0000001c   Code   RO         4803    i.UART_EndTxTransfer  stm32f1xx_hal_uart.o
    0x080057ee   0x080057ee   0x00000002   PAD
    0x080057f0   0x080057f0   0x0000004c   Code   RO          496    i.UART_IDLECallbakc  stm32f1xx_it.o
    0x0800583c   0x0800583c   0x000000ca   Code   RO         4804    i.UART_Receive_IT   stm32f1xx_hal_uart.o
    0x08005906   0x08005906   0x00000002   PAD
    0x08005908   0x08005908   0x000000c8   Code   RO         4805    i.UART_SetConfig    stm32f1xx_hal_uart.o
    0x080059d0   0x080059d0   0x000000a0   Code   RO         4806    i.UART_Start_Receive_DMA  stm32f1xx_hal_uart.o
    0x08005a70   0x08005a70   0x0000005e   Code   RO         4808    i.UART_Transmit_IT  stm32f1xx_hal_uart.o
    0x08005ace   0x08005ace   0x00000002   PAD
    0x08005ad0   0x08005ad0   0x00000014   Code   RO          497    i.USART1_IRQHandler  stm32f1xx_it.o
    0x08005ae4   0x08005ae4   0x00000004   Code   RO          498    i.UsageFault_Handler  stm32f1xx_it.o
    0x08005ae8   0x08005ae8   0x00000020   Code   RO         5418    i.__0printf         mc_w.l(printfa.o)
    0x08005b08   0x08005b08   0x00000028   Code   RO         5500    i.__ARM_fpclassify  m_ws.l(fpclassify.o)
    0x08005b30   0x08005b30   0x000000aa   Code   RO         5502    i.__kernel_poly     m_ws.l(poly.o)
    0x08005bda   0x08005bda   0x00000006   Code   RO         5487    i.__mathlib_dbl_infnan  m_ws.l(dunder.o)
    0x08005be0   0x08005be0   0x00000004   Code   RO         5488    i.__mathlib_dbl_infnan2  m_ws.l(dunder.o)
    0x08005be4   0x08005be4   0x0000000c   Code   RO         5489    i.__mathlib_dbl_invalid  m_ws.l(dunder.o)
    0x08005bf0   0x08005bf0   0x00000010   Code   RO         5492    i.__mathlib_dbl_underflow  m_ws.l(dunder.o)
    0x08005c00   0x08005c00   0x0000000e   Code   RO         5562    i.__scatterload_copy  mc_w.l(handlers.o)
    0x08005c0e   0x08005c0e   0x00000002   Code   RO         5563    i.__scatterload_null  mc_w.l(handlers.o)
    0x08005c10   0x08005c10   0x0000000e   Code   RO         5564    i.__scatterload_zeroinit  mc_w.l(handlers.o)
    0x08005c1e   0x08005c1e   0x00000002   PAD
    0x08005c20   0x08005c20   0x0000000c   Code   RO         5538    i.__set_errno       mc_w.l(errno.o)
    0x08005c2c   0x08005c2c   0x00000184   Code   RO         5425    i._fp_digits        mc_w.l(printfa.o)
    0x08005db0   0x08005db0   0x000006dc   Code   RO         5426    i._printf_core      mc_w.l(printfa.o)
    0x0800648c   0x0800648c   0x00000024   Code   RO         5427    i._printf_post_padding  mc_w.l(printfa.o)
    0x080064b0   0x080064b0   0x0000002e   Code   RO         5428    i._printf_pre_padding  mc_w.l(printfa.o)
    0x080064de   0x080064de   0x00000002   PAD
    0x080064e0   0x080064e0   0x000000a8   Code   RO         1063    i.accel_self_test   inv_mpu.o
    0x08006588   0x08006588   0x00000270   Code   RO         5157    i.asin              m_ws.l(asin.o)
    0x080067f8   0x080067f8   0x00000220   Code   RO         5477    i.atan              m_ws.l(atan.o)
    0x08006a18   0x08006a18   0x00000180   Code   RO         5167    i.atan2             m_ws.l(atan2.o)
    0x08006b98   0x08006b98   0x00000064   Code   RO         1419    i.decode_gesture    inv_mpu_dmp_motion_driver.o
    0x08006bfc   0x08006bfc   0x0000003c   Code   RO         1420    i.dmp_enable_6x_lp_quat  inv_mpu_dmp_motion_driver.o
    0x08006c38   0x08006c38   0x0000021c   Code   RO         1421    i.dmp_enable_feature  inv_mpu_dmp_motion_driver.o
    0x08006e54   0x08006e54   0x00000058   Code   RO         1422    i.dmp_enable_gyro_cal  inv_mpu_dmp_motion_driver.o
    0x08006eac   0x08006eac   0x0000003c   Code   RO         1423    i.dmp_enable_lp_quat  inv_mpu_dmp_motion_driver.o
    0x08006ee8   0x08006ee8   0x00000018   Code   RO         1428    i.dmp_load_motion_driver_firmware  inv_mpu_dmp_motion_driver.o
    0x08006f00   0x08006f00   0x000001cc   Code   RO         1429    i.dmp_read_fifo     inv_mpu_dmp_motion_driver.o
    0x080070cc   0x080070cc   0x00000130   Code   RO         1432    i.dmp_set_accel_bias  inv_mpu_dmp_motion_driver.o
    0x080071fc   0x080071fc   0x00000070   Code   RO         1433    i.dmp_set_fifo_rate  inv_mpu_dmp_motion_driver.o
    0x0800726c   0x0800726c   0x00000130   Code   RO         1434    i.dmp_set_gyro_bias  inv_mpu_dmp_motion_driver.o
    0x0800739c   0x0800739c   0x00000138   Code   RO         1436    i.dmp_set_orientation  inv_mpu_dmp_motion_driver.o
    0x080074d4   0x080074d4   0x00000038   Code   RO         1439    i.dmp_set_shake_reject_thresh  inv_mpu_dmp_motion_driver.o
    0x0800750c   0x0800750c   0x00000026   Code   RO         1440    i.dmp_set_shake_reject_time  inv_mpu_dmp_motion_driver.o
    0x08007532   0x08007532   0x00000026   Code   RO         1441    i.dmp_set_shake_reject_timeout  inv_mpu_dmp_motion_driver.o
    0x08007558   0x08007558   0x00000046   Code   RO         1442    i.dmp_set_tap_axes  inv_mpu_dmp_motion_driver.o
    0x0800759e   0x0800759e   0x00000026   Code   RO         1443    i.dmp_set_tap_count  inv_mpu_dmp_motion_driver.o
    0x080075c4   0x080075c4   0x000001a0   Code   RO         1444    i.dmp_set_tap_thresh  inv_mpu_dmp_motion_driver.o
    0x08007764   0x08007764   0x00000026   Code   RO         1445    i.dmp_set_tap_time  inv_mpu_dmp_motion_driver.o
    0x0800778a   0x0800778a   0x00000026   Code   RO         1446    i.dmp_set_tap_time_multi  inv_mpu_dmp_motion_driver.o
    0x080077b0   0x080077b0   0x00000018   Code   RO         1822    i.fputc             serialport.o
    0x080077c8   0x080077c8   0x000000b4   Code   RO         1064    i.get_accel_prod_shift  inv_mpu.o
    0x0800787c   0x0800787c   0x00000470   Code   RO         1065    i.get_st_biases     inv_mpu.o
    0x08007cec   0x08007cec   0x00000110   Code   RO         1066    i.gyro_self_test    inv_mpu.o
    0x08007dfc   0x08007dfc   0x00000028   Code   RO         1067    i.inv_orientation_matrix_to_scalar  inv_mpu.o
    0x08007e24   0x08007e24   0x0000004e   Code   RO         1068    i.inv_row_2_scale   inv_mpu.o
    0x08007e72   0x08007e72   0x00000002   PAD
    0x08007e74   0x08007e74   0x0000007c   Code   RO           15    i.main              main.o
    0x08007ef0   0x08007ef0   0x00000002   Code   RO         1069    i.mget_ms           inv_mpu.o
    0x08007ef2   0x08007ef2   0x00000002   PAD
    0x08007ef4   0x08007ef4   0x00000070   Code   RO         1070    i.mpu_configure_fifo  inv_mpu.o
    0x08007f64   0x08007f64   0x00000230   Code   RO         1071    i.mpu_dmp_get_data  inv_mpu.o
    0x08008194   0x08008194   0x00000098   Code   RO         1072    i.mpu_dmp_init      inv_mpu.o
    0x0800822c   0x0800822c   0x0000004c   Code   RO         1073    i.mpu_get_accel_fsr  inv_mpu.o
    0x08008278   0x08008278   0x00000054   Code   RO         1075    i.mpu_get_accel_sens  inv_mpu.o
    0x080082cc   0x080082cc   0x00000010   Code   RO         1080    i.mpu_get_fifo_config  inv_mpu.o
    0x080082dc   0x080082dc   0x00000044   Code   RO         1081    i.mpu_get_gyro_fsr  inv_mpu.o
    0x08008320   0x08008320   0x00000050   Code   RO         1083    i.mpu_get_gyro_sens  inv_mpu.o
    0x08008370   0x08008370   0x00000050   Code   RO         1085    i.mpu_get_lpf       inv_mpu.o
    0x080083c0   0x080083c0   0x00000020   Code   RO         1087    i.mpu_get_sample_rate  inv_mpu.o
    0x080083e0   0x080083e0   0x000001f0   Code   RO         1089    i.mpu_init          inv_mpu.o
    0x080085d0   0x080085d0   0x000000b8   Code   RO         1090    i.mpu_load_firmware  inv_mpu.o
    0x08008688   0x08008688   0x000000e0   Code   RO         1091    i.mpu_lp_accel_mode  inv_mpu.o
    0x08008768   0x08008768   0x000000bc   Code   RO         1094    i.mpu_read_fifo_stream  inv_mpu.o
    0x08008824   0x08008824   0x00000080   Code   RO         1095    i.mpu_read_mem      inv_mpu.o
    0x080088a4   0x080088a4   0x000001c8   Code   RO         1098    i.mpu_reset_fifo    inv_mpu.o
    0x08008a6c   0x08008a6c   0x0000011c   Code   RO         1099    i.mpu_run_self_test  inv_mpu.o
    0x08008b88   0x08008b88   0x00000084   Code   RO         1101    i.mpu_set_accel_fsr  inv_mpu.o
    0x08008c0c   0x08008c0c   0x0000014c   Code   RO         1102    i.mpu_set_bypass    inv_mpu.o
    0x08008d58   0x08008d58   0x00000090   Code   RO         1104    i.mpu_set_dmp_state  inv_mpu.o
    0x08008de8   0x08008de8   0x00000088   Code   RO         1105    i.mpu_set_gyro_fsr  inv_mpu.o
    0x08008e70   0x08008e70   0x0000006c   Code   RO         1106    i.mpu_set_int_latched  inv_mpu.o
    0x08008edc   0x08008edc   0x00000084   Code   RO         1108    i.mpu_set_lpf       inv_mpu.o
    0x08008f60   0x08008f60   0x0000009c   Code   RO         1109    i.mpu_set_sample_rate  inv_mpu.o
    0x08008ffc   0x08008ffc   0x000000d0   Code   RO         1110    i.mpu_set_sensors   inv_mpu.o
    0x080090cc   0x080090cc   0x00000080   Code   RO         1111    i.mpu_write_mem     inv_mpu.o
    0x0800914c   0x0800914c   0x00000084   Code   RO         1112    i.run_self_test     inv_mpu.o
    0x080091d0   0x080091d0   0x00000090   Code   RO         1113    i.set_int_enable    inv_mpu.o
    0x08009260   0x08009260   0x0000004c   Code   RO         5506    i.sqrt              m_ws.l(sqrt.o)
    0x080092ac   0x080092ac   0x00000050   Data   RO         1115    .constdata          inv_mpu.o
    0x080092fc   0x080092fc   0x00000bf6   Data   RO         1448    .constdata          inv_mpu_dmp_motion_driver.o
    0x08009ef2   0x08009ef2   0x00000002   PAD
    0x08009ef4   0x08009ef4   0x00000004   Data   RO         1764    .constdata          protocol.o
    0x08009ef8   0x08009ef8   0x00000012   Data   RO         2478    .constdata          stm32f1xx_hal_rcc.o
    0x08009f0a   0x08009f0a   0x00000010   Data   RO         5123    .constdata          system_stm32f1xx.o
    0x08009f1a   0x08009f1a   0x00000008   Data   RO         5124    .constdata          system_stm32f1xx.o
    0x08009f22   0x08009f22   0x00000006   PAD
    0x08009f28   0x08009f28   0x00000050   Data   RO         5158    .constdata          m_ws.l(asin.o)
    0x08009f78   0x08009f78   0x00000098   Data   RO         5478    .constdata          m_ws.l(atan.o)
    0x0800a010   0x0800a010   0x00000008   Data   RO         5504    .constdata          m_ws.l(qnan.o)
    0x0800a018   0x0800a018   0x0000004d   Data   RO         1116    .conststring        inv_mpu.o
    0x0800a065   0x0800a065   0x00000003   PAD
    0x0800a068   0x0800a068   0x00000020   Data   RO         5560    Region$$Table       anon$$obj.o


    Execution Region RW_IRAM1 (Exec base: 0x20000000, Load base: 0x0800a088, Size: 0x00001818, Max: 0x00005000, ABSOLUTE)

    Exec Addr    Load Addr    Size         Type   Attr      Idx    E Section Name        Object

    0x20000000   0x0800a088   0x00000006   Data   RW          868    .data               motors.o
    0x20000006   0x0800a08e   0x00000002   PAD
    0x20000008   0x0800a090   0x00000035   Data   RW         1117    .data               inv_mpu.o
    0x2000003d   0x0800a0c5   0x00000001   PAD
    0x2000003e   0x0800a0c6   0x00000010   Data   RW         1645    .data               key.o
    0x2000004e   0x0800a0d6   0x00000002   PAD
    0x20000050   0x0800a0d8   0x00000042   Data   RW         1928    .data               balancecontrol.o
    0x20000092   0x0800a11a   0x00000002   PAD
    0x20000094   0x0800a11c   0x0000000c   Data   RW         2314    .data               stm32f1xx_hal.o
    0x200000a0   0x0800a128   0x00000004   Data   RW         5125    .data               system_stm32f1xx.o
    0x200000a4   0x0800a12c   0x00000004   Data   RW         5527    .data               mc_w.l(stdout.o)
    0x200000a8   0x0800a130   0x00000004   Data   RW         5539    .data               mc_w.l(errno.o)
    0x200000ac        -       0x00000074   Zero   RW          238    .bss                adc.o
    0x20000120        -       0x00000054   Zero   RW          306    .bss                i2c.o
    0x20000174        -       0x00000120   Zero   RW          364    .bss                tim.o
    0x20000294        -       0x000000d0   Zero   RW          436    .bss                usart.o
    0x20000364        -       0x00000010   Zero   RW         1447    .bss                inv_mpu_dmp_motion_driver.o
    0x20000374        -       0x000010a4   Zero   RW         1823    .bss                serialport.o
    0x20001418        -       0x00000400   Zero   RW            1    STACK               startup_stm32f103xb.o


==============================================================================

Image component sizes


      Code (inc. data)   RO Data    RW Data    ZI Data      Debug   Object Name

       268         30          0          0        116       1823   adc.o
       672        110          0         66          0       4050   balancecontrol.o
        22          0          0          0          0        555   delay.o
        84          4          0          0          0        798   dma.o
       336         22          0          0          0       1091   gpio.o
       376         42          0          0         84       4012   i2c.o
      6848        292        157         53          0      32932   inv_mpu.o
      3096        122       3062          0         16      21702   inv_mpu_dmp_motion_driver.o
       192         36          0         16          0       3307   key.o
       264         10          0          0          0     451656   main.o
       416         60          0          6          0       5058   motors.o
       436          8          0          0          0       6887   mpu6050.o
      1584         90          4          0          0       4611   protocol.o
       704         22          0          0       4260      11619   serialport.o
        36          8        236          0       1024        824   startup_stm32f103xb.o
       172         30          0         12          0       6073   stm32f1xx_hal.o
       676         16          0          0          0       3396   stm32f1xx_hal_adc.o
       280         26          0          0          0      30080   stm32f1xx_hal_cortex.o
       916         72          0          0          0       5266   stm32f1xx_hal_dma.o
       822         20          0          0          0       3974   stm32f1xx_hal_gpio.o
      3988         70          0          0          0      20426   stm32f1xx_hal_i2c.o
        84          8          0          0          0        938   stm32f1xx_hal_msp.o
      1644         88         18          0          0       6968   stm32f1xx_hal_rcc.o
       304         14          0          0          0       1508   stm32f1xx_hal_rcc_ex.o
      2332         34          0          0          0      18607   stm32f1xx_hal_tim.o
       220          0          0          0          0       3445   stm32f1xx_hal_tim_ex.o
      2028         40          0          0          0      14917   stm32f1xx_hal_uart.o
       426         86          0          0          0      11752   stm32f1xx_it.o
         2          0         24          4          0       1179   system_stm32f1xx.o
      1028         72          0          0        288       5349   tim.o
       344         38          0          0        208       1980   usart.o

    ----------------------------------------------------------------------
     30638       1470       3544        164       5996     686783   Object Totals
         0          0         32          0          0          0   (incl. Generated)
        38          0         11          7          0          0   (incl. Padding)

    ----------------------------------------------------------------------

      Code (inc. data)   RO Data    RW Data    ZI Data      Debug   Library Member Name

       624         52         80          0          0        168   asin.o
       544         70        152          0          0        124   atan.o
       384         38          0          0          0        144   atan2.o
        38          6          0          0          0        272   dunder.o
        40          0          0          0          0         68   fpclassify.o
       170          0          0          0          0         96   poly.o
         0          0          8          0          0          0   qnan.o
        76          0          0          0          0         84   sqrt.o
         0          0          0          0          0          0   entry.o
         0          0          0          0          0          0   entry10a.o
         0          0          0          0          0          0   entry11a.o
         8          4          0          0          0          0   entry2.o
         4          0          0          0          0          0   entry5.o
         0          0          0          0          0          0   entry7b.o
         0          0          0          0          0          0   entry8b.o
         8          4          0          0          0          0   entry9a.o
        12          6          0          4          0         68   errno.o
        30          0          0          0          0          0   handlers.o
        36          8          0          0          0         68   init.o
         0          0          0          0          0          0   iusefp.o
        98          0          0          0          0         84   ldiv.o
        30          0          0          0          0         68   llshl.o
        36          0          0          0          0         68   llsshr.o
        32          0          0          0          0         68   llushr.o
        26          0          0          0          0         80   memcmp.o
        36          0          0          0          0        108   memseta.o
      2258         90          0          0          0        452   printfa.o
         0          0          0          4          0          0   stdout.o
        44          0          0          0          0         80   uidiv.o
        98          0          0          0          0         92   uldiv.o
        48          0          0          0          0         68   cdrcmple.o
        20          0          0          0          0         68   cfcmple.o
        20          0          0          0          0         68   cfrcmple.o
        56          0          0          0          0         88   d2f.o
       334          0          0          0          0        148   dadd.o
       222          0          0          0          0        100   ddiv.o
       186          0          0          0          0        176   depilogue.o
        48          0          0          0          0         68   dfixul.o
       228          0          0          0          0         96   dmul.o
        46          0          0          0          0         80   dscalb.o
       162          0          0          0          0        100   dsqrt.o
        38          0          0          0          0         68   f2d.o
       176          0          0          0          0        140   fadd.o
       124          0          0          0          0         88   fdiv.o
       110          0          0          0          0        168   fepilogue.o
        50          0          0          0          0         68   ffixi.o
        40          0          0          0          0         68   ffixui.o
        18          0          0          0          0         68   fflti.o
        10          0          0          0          0         68   ffltui.o
       100          0          0          0          0         76   fmul.o

    ----------------------------------------------------------------------
      6674        278        240          8          0       4064   Library Totals
         6          0          0          0          0          0   (incl. Padding)

    ----------------------------------------------------------------------

      Code (inc. data)   RO Data    RW Data    ZI Data      Debug   Library Name

      1876        166        240          0          0        956   m_ws.l
      2756        112          0          8          0       1236   mc_w.l
      2036          0          0          0          0       1872   mf_w.l

    ----------------------------------------------------------------------
      6674        278        240          8          0       4064   Library Totals

    ----------------------------------------------------------------------

==============================================================================


      Code (inc. data)   RO Data    RW Data    ZI Data      Debug   

     37312       1748       3784        172       5996     676439   Grand Totals
     37312       1748       3784        172       5996     676439   ELF Image Totals
     37312       1748       3784        172          0          0   ROM Totals

==============================================================================

    Total RO  Size (Code + RO Data)                41096 (  40.13kB)
    Total RW  Size (RW Data + ZI Data)              6168 (   6.02kB)
    Total ROM Size (Code + RO Data + RW Data)      41268 (  40.30kB)

==============================================================================

