Component: ARM Compiler 5.06 update 6 (build 750) Tool: armlink [4d35ed]

==============================================================================

Section Cross References

    startup_stm32f103xb.o(RESET) refers to startup_stm32f103xb.o(STACK) for __initial_sp
    startup_stm32f103xb.o(RESET) refers to startup_stm32f103xb.o(.text) for Reset_Handler
    startup_stm32f103xb.o(RESET) refers to stm32f1xx_it.o(i.NMI_Handler) for NMI_Handler
    startup_stm32f103xb.o(RESET) refers to stm32f1xx_it.o(i.HardFault_Handler) for HardFault_Handler
    startup_stm32f103xb.o(RESET) refers to stm32f1xx_it.o(i.MemManage_Handler) for MemManage_Handler
    startup_stm32f103xb.o(RESET) refers to stm32f1xx_it.o(i.BusFault_Handler) for BusFault_Handler
    startup_stm32f103xb.o(RESET) refers to stm32f1xx_it.o(i.UsageFault_Handler) for UsageFault_Handler
    startup_stm32f103xb.o(RESET) refers to stm32f1xx_it.o(i.SVC_Handler) for SVC_Handler
    startup_stm32f103xb.o(RESET) refers to stm32f1xx_it.o(i.DebugMon_Handler) for DebugMon_Handler
    startup_stm32f103xb.o(RESET) refers to stm32f1xx_it.o(i.PendSV_Handler) for PendSV_Handler
    startup_stm32f103xb.o(RESET) refers to stm32f1xx_it.o(i.SysTick_Handler) for SysTick_Handler
    startup_stm32f103xb.o(RESET) refers to stm32f1xx_it.o(i.DMA1_Channel4_IRQHandler) for DMA1_Channel4_IRQHandler
    startup_stm32f103xb.o(RESET) refers to stm32f1xx_it.o(i.DMA1_Channel5_IRQHandler) for DMA1_Channel5_IRQHandler
    startup_stm32f103xb.o(RESET) refers to stm32f1xx_it.o(i.TIM1_UP_IRQHandler) for TIM1_UP_IRQHandler
    startup_stm32f103xb.o(RESET) refers to stm32f1xx_it.o(i.TIM2_IRQHandler) for TIM2_IRQHandler
    startup_stm32f103xb.o(RESET) refers to stm32f1xx_it.o(i.USART1_IRQHandler) for USART1_IRQHandler
    startup_stm32f103xb.o(RESET) refers to stm32f1xx_it.o(i.EXTI15_10_IRQHandler) for EXTI15_10_IRQHandler
    startup_stm32f103xb.o(.text) refers to system_stm32f1xx.o(i.SystemInit) for SystemInit
    startup_stm32f103xb.o(.text) refers to entry.o(.ARM.Collect$$$$00000000) for __main
    main.o(i.SystemClock_Config) refers to memseta.o(.text) for __aeabi_memclr4
    main.o(i.SystemClock_Config) refers to stm32f1xx_hal_rcc.o(i.HAL_RCC_OscConfig) for HAL_RCC_OscConfig
    main.o(i.SystemClock_Config) refers to stm32f1xx_hal_rcc.o(i.HAL_RCC_ClockConfig) for HAL_RCC_ClockConfig
    main.o(i.main) refers to stm32f1xx_hal.o(i.HAL_Init) for HAL_Init
    main.o(i.main) refers to main.o(i.SystemClock_Config) for SystemClock_Config
    main.o(i.main) refers to gpio.o(i.MX_GPIO_Init) for MX_GPIO_Init
    main.o(i.main) refers to dma.o(i.MX_DMA_Init) for MX_DMA_Init
    main.o(i.main) refers to tim.o(i.MX_TIM2_Init) for MX_TIM2_Init
    main.o(i.main) refers to i2c.o(i.MX_I2C1_Init) for MX_I2C1_Init
    main.o(i.main) refers to usart.o(i.MX_USART1_UART_Init) for MX_USART1_UART_Init
    main.o(i.main) refers to tim.o(i.MX_TIM1_Init) for MX_TIM1_Init
    main.o(i.main) refers to i2c.o(i.MX_I2C2_Init) for MX_I2C2_Init
    main.o(i.main) refers to stm32f1xx_hal_tim.o(i.HAL_TIM_Base_Start_IT) for HAL_TIM_Base_Start_IT
    main.o(i.main) refers to stm32f1xx_hal_tim.o(i.HAL_TIM_PWM_Start) for HAL_TIM_PWM_Start
    main.o(i.main) refers to serialport.o(i.SerialPortOpen) for SerialPortOpen
    main.o(i.main) refers to oled.o(i.OLED_Init) for OLED_Init
    main.o(i.main) refers to oled.o(i.OLED_ShowString) for OLED_ShowString
    main.o(i.main) refers to mpu6050.o(i.MPU_Init) for MPU_Init
    main.o(i.main) refers to serialport.o(i.Test) for Test
    main.o(i.main) refers to tim.o(.bss) for htim1
    gpio.o(i.MX_GPIO_Init) refers to stm32f1xx_hal_gpio.o(i.HAL_GPIO_WritePin) for HAL_GPIO_WritePin
    gpio.o(i.MX_GPIO_Init) refers to stm32f1xx_hal_gpio.o(i.HAL_GPIO_Init) for HAL_GPIO_Init
    gpio.o(i.MX_GPIO_Init) refers to stm32f1xx_hal_cortex.o(i.HAL_NVIC_SetPriority) for HAL_NVIC_SetPriority
    gpio.o(i.MX_GPIO_Init) refers to stm32f1xx_hal_cortex.o(i.HAL_NVIC_EnableIRQ) for HAL_NVIC_EnableIRQ
    dma.o(i.MX_DMA_Init) refers to stm32f1xx_hal_cortex.o(i.HAL_NVIC_SetPriority) for HAL_NVIC_SetPriority
    dma.o(i.MX_DMA_Init) refers to stm32f1xx_hal_cortex.o(i.HAL_NVIC_EnableIRQ) for HAL_NVIC_EnableIRQ
    i2c.o(i.HAL_I2C_MspDeInit) refers to stm32f1xx_hal_gpio.o(i.HAL_GPIO_DeInit) for HAL_GPIO_DeInit
    i2c.o(i.HAL_I2C_MspInit) refers to stm32f1xx_hal_gpio.o(i.HAL_GPIO_Init) for HAL_GPIO_Init
    i2c.o(i.MX_I2C1_Init) refers to stm32f1xx_hal_i2c.o(i.HAL_I2C_Init) for HAL_I2C_Init
    i2c.o(i.MX_I2C1_Init) refers to main.o(i.Error_Handler) for Error_Handler
    i2c.o(i.MX_I2C1_Init) refers to i2c.o(.bss) for .bss
    i2c.o(i.MX_I2C2_Init) refers to stm32f1xx_hal_i2c.o(i.HAL_I2C_Init) for HAL_I2C_Init
    i2c.o(i.MX_I2C2_Init) refers to main.o(i.Error_Handler) for Error_Handler
    i2c.o(i.MX_I2C2_Init) refers to i2c.o(.bss) for .bss
[...]
    Removing stm32f1xx_hal_tim.o(i.HAL_TIM_OC_Start), (176 bytes).
    Removing stm32f1xx_hal_tim.o(i.HAL_TIM_OC_Start_DMA), (472 bytes).
    Removing stm32f1xx_hal_tim.o(i.HAL_TIM_OC_Start_IT), (244 bytes).
    Removing stm32f1xx_hal_tim.o(i.HAL_TIM_OC_Stop), (114 bytes).
    Removing stm32f1xx_hal_tim.o(i.HAL_TIM_OC_Stop_DMA), (210 bytes).
    Removing stm32f1xx_hal_tim.o(i.HAL_TIM_OC_Stop_IT), (186 bytes).
    Removing stm32f1xx_hal_tim.o(i.HAL_TIM_OnePulse_ConfigChannel), (272 bytes).
    Removing stm32f1xx_hal_tim.o(i.HAL_TIM_OnePulse_DeInit), (76 bytes).
    Removing stm32f1xx_hal_tim.o(i.HAL_TIM_OnePulse_GetState), (6 bytes).
    Removing stm32f1xx_hal_tim.o(i.HAL_TIM_OnePulse_Init), (96 bytes).
    Removing stm32f1xx_hal_tim.o(i.HAL_TIM_OnePulse_MspDeInit), (2 bytes).
    Removing stm32f1xx_hal_tim.o(i.HAL_TIM_OnePulse_MspInit), (2 bytes).
    Removing stm32f1xx_hal_tim.o(i.HAL_TIM_OnePulse_Start), (102 bytes).
    Removing stm32f1xx_hal_tim.o(i.HAL_TIM_OnePulse_Start_IT), (122 bytes).
    Removing stm32f1xx_hal_tim.o(i.HAL_TIM_OnePulse_Stop), (106 bytes).
    Removing stm32f1xx_hal_tim.o(i.HAL_TIM_OnePulse_Stop_IT), (126 bytes).
    Removing stm32f1xx_hal_tim.o(i.HAL_TIM_PWM_DeInit), (92 bytes).
    Removing stm32f1xx_hal_tim.o(i.HAL_TIM_PWM_GetState), (6 bytes).
    Removing stm32f1xx_hal_tim.o(i.HAL_TIM_PWM_MspDeInit), (2 bytes).
    Removing stm32f1xx_hal_tim.o(i.HAL_TIM_PWM_PulseFinishedHalfCpltCallback), (2 bytes).
    Removing stm32f1xx_hal_tim.o(i.HAL_TIM_PWM_Start_DMA), (472 bytes).
    Removing stm32f1xx_hal_tim.o(i.HAL_TIM_PWM_Start_IT), (244 bytes).
    Removing stm32f1xx_hal_tim.o(i.HAL_TIM_PWM_Stop), (114 bytes).
    Removing stm32f1xx_hal_tim.o(i.HAL_TIM_PWM_Stop_DMA), (210 bytes).
    Removing stm32f1xx_hal_tim.o(i.HAL_TIM_PWM_Stop_IT), (186 bytes).
    Removing stm32f1xx_hal_tim.o(i.HAL_TIM_PeriodElapsedCallback), (2 bytes).
    Removing stm32f1xx_hal_tim.o(i.HAL_TIM_PeriodElapsedHalfCpltCallback), (2 bytes).
    Removing stm32f1xx_hal_tim.o(i.HAL_TIM_ReadCapturedValue), (44 bytes).
    Removing stm32f1xx_hal_tim.o(i.HAL_TIM_SlaveConfigSynchro), (82 bytes).
    Removing stm32f1xx_hal_tim.o(i.HAL_TIM_SlaveConfigSynchro_IT), (82 bytes).
    Removing stm32f1xx_hal_tim.o(i.HAL_TIM_TriggerHalfCpltCallback), (2 bytes).
    Removing stm32f1xx_hal_tim.o(i.TIM_DMACaptureCplt), (110 bytes).
    Removing stm32f1xx_hal_tim.o(i.TIM_DMACaptureHalfCplt), (62 bytes).
    Removing stm32f1xx_hal_tim.o(i.TIM_DMADelayPulseCplt), (94 bytes).
    Removing stm32f1xx_hal_tim.o(i.TIM_DMADelayPulseHalfCplt), (62 bytes).
    Removing stm32f1xx_hal_tim.o(i.TIM_DMAError), (84 bytes).
    Removing stm32f1xx_hal_tim.o(i.TIM_DMAPeriodElapsedCplt), (24 bytes).
    Removing stm32f1xx_hal_tim.o(i.TIM_DMAPeriodElapsedHalfCplt), (10 bytes).
    Removing stm32f1xx_hal_tim.o(i.TIM_DMATriggerCplt), (24 bytes).
    Removing stm32f1xx_hal_tim.o(i.TIM_DMATriggerHalfCplt), (10 bytes).
    Removing stm32f1xx_hal_tim.o(i.TIM_SlaveTimer_SetConfig), (154 bytes).
    Removing stm32f1xx_hal_tim.o(i.TIM_TI1_SetConfig), (102 bytes).
    Removing stm32f1xx_hal_tim.o(i.TIM_TI2_SetConfig), (60 bytes).
    Removing stm32f1xx_hal_tim.o(i.TIM_TI3_SetConfig), (56 bytes).
    Removing stm32f1xx_hal_tim.o(i.TIM_TI4_SetConfig), (60 bytes).
    Removing stm32f1xx_hal_tim_ex.o(.rev16_text), (4 bytes).
    Removing stm32f1xx_hal_tim_ex.o(.revsh_text), (4 bytes).
    Removing stm32f1xx_hal_tim_ex.o(.rrx_text), (6 bytes).
    Removing stm32f1xx_hal_tim_ex.o(i.HAL_TIMEx_CommutHalfCpltCallback), (2 bytes).
    Removing stm32f1xx_hal_tim_ex.o(i.HAL_TIMEx_ConfigBreakDeadTime), (102 bytes).
    Removing stm32f1xx_hal_tim_ex.o(i.HAL_TIMEx_ConfigCommutEvent), (118 bytes).
    Removing stm32f1xx_hal_tim_ex.o(i.HAL_TIMEx_ConfigCommutEvent_DMA), (148 bytes).
    Removing stm32f1xx_hal_tim_ex.o(i.HAL_TIMEx_ConfigCommutEvent_IT), (118 bytes).
    Removing stm32f1xx_hal_tim_ex.o(i.HAL_TIMEx_GetChannelNState), (36 bytes).
    Removing stm32f1xx_hal_tim_ex.o(i.HAL_TIMEx_HallSensor_DeInit), (76 bytes).
    Removing stm32f1xx_hal_tim_ex.o(i.HAL_TIMEx_HallSensor_GetState), (6 bytes).
    Removing stm32f1xx_hal_tim_ex.o(i.HAL_TIMEx_HallSensor_Init), (212 bytes).
    Removing stm32f1xx_hal_tim_ex.o(i.HAL_TIMEx_HallSensor_MspDeInit), (2 bytes).
    Removing stm32f1xx_hal_tim_ex.o(i.HAL_TIMEx_HallSensor_MspInit), (2 bytes).
    Removing stm32f1xx_hal_tim_ex.o(i.HAL_TIMEx_HallSensor_Start), (138 bytes).
    Removing stm32f1xx_hal_tim_ex.o(i.HAL_TIMEx_HallSensor_Start_DMA), (204 bytes).
    Removing stm32f1xx_hal_tim_ex.o(i.HAL_TIMEx_HallSensor_Start_IT), (148 bytes).
    Removing stm32f1xx_hal_tim_ex.o(i.HAL_TIMEx_HallSensor_Stop), (64 bytes).
    Removing stm32f1xx_hal_tim_ex.o(i.HAL_TIMEx_HallSensor_Stop_DMA), (72 bytes).
    Removing stm32f1xx_hal_tim_ex.o(i.HAL_TIMEx_HallSensor_Stop_IT), (74 bytes).
    Removing stm32f1xx_hal_tim_ex.o(i.HAL_TIMEx_OCN_Start), (170 bytes).
    Removing stm32f1xx_hal_tim_ex.o(i.HAL_TIMEx_OCN_Start_DMA), (416 bytes).
    Removing stm32f1xx_hal_tim_ex.o(i.HAL_TIMEx_OCN_Start_IT), (232 bytes).
    Removing stm32f1xx_hal_tim_ex.o(i.HAL_TIMEx_OCN_Stop), (106 bytes).
    Removing stm32f1xx_hal_tim_ex.o(i.HAL_TIMEx_OCN_Stop_DMA), (180 bytes).
    Removing stm32f1xx_hal_tim_ex.o(i.HAL_TIMEx_OCN_Stop_IT), (178 bytes).
    Removing stm32f1xx_hal_tim_ex.o(i.HAL_TIMEx_OnePulseN_Start), (104 bytes).
    Removing stm32f1xx_hal_tim_ex.o(i.HAL_TIMEx_OnePulseN_Start_IT), (128 bytes).
    Removing stm32f1xx_hal_tim_ex.o(i.HAL_TIMEx_OnePulseN_Stop), (106 bytes).
    Removing stm32f1xx_hal_tim_ex.o(i.HAL_TIMEx_OnePulseN_Stop_IT), (126 bytes).
    Removing stm32f1xx_hal_tim_ex.o(i.HAL_TIMEx_PWMN_Start), (170 bytes).
    Removing stm32f1xx_hal_tim_ex.o(i.HAL_TIMEx_PWMN_Start_DMA), (416 bytes).
    Removing stm32f1xx_hal_tim_ex.o(i.HAL_TIMEx_PWMN_Start_IT), (232 bytes).
    Removing stm32f1xx_hal_tim_ex.o(i.HAL_TIMEx_PWMN_Stop), (106 bytes).
    Removing stm32f1xx_hal_tim_ex.o(i.HAL_TIMEx_PWMN_Stop_DMA), (180 bytes).
    Removing stm32f1xx_hal_tim_ex.o(i.HAL_TIMEx_PWMN_Stop_IT), (178 bytes).
    Removing stm32f1xx_hal_tim_ex.o(i.HAL_TIMEx_RemapConfig), (4 bytes).
    Removing stm32f1xx_hal_tim_ex.o(i.TIMEx_DMACommutationCplt), (16 bytes).
    Removing stm32f1xx_hal_tim_ex.o(i.TIMEx_DMACommutationHalfCplt), (16 bytes).
    Removing stm32f1xx_hal_tim_ex.o(i.TIM_CCxNChannelCmd), (30 bytes).
    Removing stm32f1xx_hal_tim_ex.o(i.TIM_DMADelayPulseNCplt), (94 bytes).
    Removing stm32f1xx_hal_tim_ex.o(i.TIM_DMAErrorCCxN), (62 bytes).
    Removing stm32f1xx_hal_uart.o(.rev16_text), (4 bytes).
    Removing stm32f1xx_hal_uart.o(.revsh_text), (4 bytes).
    Removing stm32f1xx_hal_uart.o(.rrx_text), (6 bytes).
    Removing stm32f1xx_hal_uart.o(i.HAL_HalfDuplex_EnableReceiver), (54 bytes).
    Removing stm32f1xx_hal_uart.o(i.HAL_HalfDuplex_EnableTransmitter), (54 bytes).
    Removing stm32f1xx_hal_uart.o(i.HAL_HalfDuplex_Init), (112 bytes).
    Removing stm32f1xx_hal_uart.o(i.HAL_LIN_Init), (132 bytes).
    Removing stm32f1xx_hal_uart.o(i.HAL_LIN_SendBreak), (60 bytes).
    Removing stm32f1xx_hal_uart.o(i.HAL_MultiProcessor_EnterMuteMode), (62 bytes).
    Removing stm32f1xx_hal_uart.o(i.HAL_MultiProcessor_ExitMuteMode), (62 bytes).
    Removing stm32f1xx_hal_uart.o(i.HAL_MultiProcessor_Init), (148 bytes).
    Removing stm32f1xx_hal_uart.o(i.HAL_UARTEx_GetRxEventType), (4 bytes).
    Removing stm32f1xx_hal_uart.o(i.HAL_UARTEx_ReceiveToIdle), (266 bytes).
    Removing stm32f1xx_hal_uart.o(i.HAL_UARTEx_ReceiveToIdle_DMA), (86 bytes).
    Removing stm32f1xx_hal_uart.o(i.HAL_UARTEx_ReceiveToIdle_IT), (92 bytes).
    Removing stm32f1xx_hal_uart.o(i.HAL_UART_Abort), (220 bytes).
    Removing stm32f1xx_hal_uart.o(i.HAL_UART_AbortCpltCallback), (2 bytes).
    Removing stm32f1xx_hal_uart.o(i.HAL_UART_AbortReceive), (150 bytes).
    Removing stm32f1xx_hal_uart.o(i.HAL_UART_AbortReceiveCpltCallback), (2 bytes).
    Removing stm32f1xx_hal_uart.o(i.HAL_UART_AbortReceive_IT), (172 bytes).
    Removing stm32f1xx_hal_uart.o(i.HAL_UART_AbortTransmit), (100 bytes).
    Removing stm32f1xx_hal_uart.o(i.HAL_UART_AbortTransmitCpltCallback), (2 bytes).
    Removing stm32f1xx_hal_uart.o(i.HAL_UART_AbortTransmit_IT), (120 bytes).
    Removing stm32f1xx_hal_uart.o(i.HAL_UART_Abort_IT), (256 bytes).
    Removing stm32f1xx_hal_uart.o(i.HAL_UART_DMAPause), (120 bytes).
    Removing stm32f1xx_hal_uart.o(i.HAL_UART_DMAResume), (116 bytes).
    Removing stm32f1xx_hal_uart.o(i.HAL_UART_DMAStop), (112 bytes).
    Removing stm32f1xx_hal_uart.o(i.HAL_UART_DeInit), (56 bytes).
    Removing stm32f1xx_hal_uart.o(i.HAL_UART_GetError), (4 bytes).
    Removing stm32f1xx_hal_uart.o(i.HAL_UART_GetState), (12 bytes).
    Removing stm32f1xx_hal_uart.o(i.HAL_UART_MspDeInit), (2 bytes).
    Removing stm32f1xx_hal_uart.o(i.HAL_UART_MspInit), (2 bytes).
    Removing stm32f1xx_hal_uart.o(i.HAL_UART_Receive), (182 bytes).
    Removing stm32f1xx_hal_uart.o(i.HAL_UART_Receive_IT), (28 bytes).
    Removing stm32f1xx_hal_uart.o(i.HAL_UART_RxCpltCallback), (2 bytes).
    Removing stm32f1xx_hal_uart.o(i.HAL_UART_RxHalfCpltCallback), (2 bytes).
    Removing stm32f1xx_hal_uart.o(i.HAL_UART_Transmit), (174 bytes).
    Removing stm32f1xx_hal_uart.o(i.HAL_UART_Transmit_IT), (50 bytes).
    Removing stm32f1xx_hal_uart.o(i.HAL_UART_TxCpltCallback), (2 bytes).
    Removing stm32f1xx_hal_uart.o(i.UART_DMARxAbortCallback), (46 bytes).
    Removing stm32f1xx_hal_uart.o(i.UART_DMARxOnlyAbortCallback), (22 bytes).
    Removing stm32f1xx_hal_uart.o(i.UART_DMATxAbortCallback), (46 bytes).
    Removing stm32f1xx_hal_uart.o(i.UART_DMATxOnlyAbortCallback), (20 bytes).
    Removing stm32f1xx_hal_uart.o(i.UART_Start_Receive_IT), (56 bytes).
    Removing stm32f1xx_hal_uart.o(i.UART_WaitOnFlagUntilTimeout), (140 bytes).
    Removing system_stm32f1xx.o(.rev16_text), (4 bytes).
    Removing system_stm32f1xx.o(.revsh_text), (4 bytes).
    Removing system_stm32f1xx.o(.rrx_text), (6 bytes).
    Removing system_stm32f1xx.o(i.SystemCoreClockUpdate), (128 bytes).
    Removing fmul.o(.text), (100 bytes).
    Removing dadd.o(.text), (334 bytes).
    Removing ddiv.o(.text), (222 bytes).
    Removing dflti.o(.text), (34 bytes).
    Removing ffixi.o(.text), (50 bytes).
    Removing d2f.o(.text), (56 bytes).
    Removing fepilogue.o(.text), (110 bytes).
    Removing depilogue.o(.text), (186 bytes).

503 unused section(s) (total 43446 bytes) removed from the image.

==============================================================================

Image Symbol Table

    Local Symbols

    Symbol Name                              Value     Ov Type        Size  Object(Section)

    ../Core/Src/dma.c                        0x00000000   Number         0  dma.o ABSOLUTE
    ../Core/Src/gpio.c                       0x00000000   Number         0  gpio.o ABSOLUTE
    ../Core/Src/i2c.c                        0x00000000   Number         0  i2c.o ABSOLUTE
    ../Core/Src/main.c                       0x00000000   Number         0  main.o ABSOLUTE
    ../Core/Src/stm32f1xx_hal_msp.c          0x00000000   Number         0  stm32f1xx_hal_msp.o ABSOLUTE
    ../Core/Src/stm32f1xx_it.c               0x00000000   Number         0  stm32f1xx_it.o ABSOLUTE
    ../Core/Src/system_stm32f1xx.c           0x00000000   Number         0  system_stm32f1xx.o ABSOLUTE
    ../Core/Src/tim.c                        0x00000000   Number         0  tim.o ABSOLUTE
    ../Core/Src/usart.c                      0x00000000   Number         0  usart.o ABSOLUTE
    ../Drivers/STM32F1xx_HAL_Driver/Src/stm32f1xx_hal.c 0x00000000   Number         0  stm32f1xx_hal.o ABSOLUTE
    ../Drivers/STM32F1xx_HAL_Driver/Src/stm32f1xx_hal_cortex.c 0x00000000   Number         0  stm32f1xx_hal_cortex.o ABSOLUTE
    ../Drivers/STM32F1xx_HAL_Driver/Src/stm32f1xx_hal_dma.c 0x00000000   Number         0  stm32f1xx_hal_dma.o ABSOLUTE
    ../Drivers/STM32F1xx_HAL_Driver/Src/stm32f1xx_hal_exti.c 0x00000000   Number         0  stm32f1xx_hal_exti.o ABSOLUTE
    ../Drivers/STM32F1xx_HAL_Driver/Src/stm32f1xx_hal_flash.c 0x00000000   Number         0  stm32f1xx_hal_flash.o ABSOLUTE
    ../Drivers/STM32F1xx_HAL_Driver/Src/stm32f1xx_hal_flash_ex.c 0x00000000   Number         0  stm32f1xx_hal_flash_ex.o ABSOLUTE
    ../Drivers/STM32F1xx_HAL_Driver/Src/stm32f1xx_hal_gpio.c 0x00000000   Number         0  stm32f1xx_hal_gpio.o ABSOLUTE
    ../Drivers/STM32F1xx_HAL_Driver/Src/stm32f1xx_hal_gpio_ex.c 0x00000000   Number         0  stm32f1xx_hal_gpio_ex.o ABSOLUTE
    ../Drivers/STM32F1xx_HAL_Driver/Src/stm32f1xx_hal_i2c.c 0x00000000   Number         0  stm32f1xx_hal_i2c.o ABSOLUTE
    ../Drivers/STM32F1xx_HAL_Driver/Src/stm32f1xx_hal_pwr.c 0x00000000   Number         0  stm32f1xx_hal_pwr.o ABSOLUTE
    ../Drivers/STM32F1xx_HAL_Driver/Src/stm32f1xx_hal_rcc.c 0x00000000   Number         0  stm32f1xx_hal_rcc.o ABSOLUTE
    ../Drivers/STM32F1xx_HAL_Driver/Src/stm32f1xx_hal_rcc_ex.c 0x00000000   Number         0  stm32f1xx_hal_rcc_ex.o ABSOLUTE
    ../Drivers/STM32F1xx_HAL_Driver/Src/stm32f1xx_hal_tim.c 0x00000000   Number         0  stm32f1xx_hal_tim.o ABSOLUTE
    ../Drivers/STM32F1xx_HAL_Driver/Src/stm32f1xx_hal_tim_ex.c 0x00000000   Number         0  stm32f1xx_hal_tim_ex.o ABSOLUTE
    ../Drivers/STM32F1xx_HAL_Driver/Src/stm32f1xx_hal_uart.c 0x00000000   Number         0  stm32f1xx_hal_uart.o ABSOLUTE
    ../clib/microlib/init/entry.s            0x00000000   Number         0  entry.o ABSOLUTE
    ../clib/microlib/init/entry.s            0x00000000   Number         0  entry11a.o ABSOLUTE
    ../clib/microlib/init/entry.s            0x00000000   Number         0  entry10b.o ABSOLUTE
    ../clib/microlib/init/entry.s            0x00000000   Number         0  entry11b.o ABSOLUTE
    ../clib/microlib/init/entry.s            0x00000000   Number         0  entry10a.o ABSOLUTE
    ../clib/microlib/init/entry.s            0x00000000   Number         0  entry9b.o ABSOLUTE
    ../clib/microlib/init/entry.s            0x00000000   Number         0  entry2.o ABSOLUTE
    ../clib/microlib/init/entry.s            0x00000000   Number         0  entry8a.o ABSOLUTE
    ../clib/microlib/init/entry.s            0x00000000   Number         0  entry5.o ABSOLUTE
    ../clib/microlib/init/entry.s            0x00000000   Number         0  entry7a.o ABSOLUTE
    ../clib/microlib/init/entry.s            0x00000000   Number         0  entry7b.o ABSOLUTE
    ../clib/microlib/init/entry.s            0x00000000   Number         0  entry8b.o ABSOLUTE
    ../clib/microlib/init/entry.s            0x00000000   Number         0  entry9a.o ABSOLUTE
    ../clib/microlib/longlong.c              0x00000000   Number         0  llsshr.o ABSOLUTE
    ../clib/microlib/longlong.c              0x00000000   Number         0  llushr.o ABSOLUTE
    ../clib/microlib/longlong.c              0x00000000   Number         0  llshl.o ABSOLUTE
    ../clib/microlib/string/memset.c         0x00000000   Number         0  memseta.o ABSOLUTE
    ../clib/microlib/stubs.s                 0x00000000   Number         0  iusefp.o ABSOLUTE
    ../fplib/microlib/d2f.c                  0x00000000   Number         0  d2f.o ABSOLUTE
    ../fplib/microlib/fpadd.c                0x00000000   Number         0  dadd.o ABSOLUTE
    ../fplib/microlib/fpdiv.c                0x00000000   Number         0  ddiv.o ABSOLUTE
    ../fplib/microlib/fpepilogue.c           0x00000000   Number         0  fepilogue.o ABSOLUTE
    ../fplib/microlib/fpepilogue.c           0x00000000   Number         0  depilogue.o ABSOLUTE
    ../fplib/microlib/fpfix.c                0x00000000   Number         0  ffixi.o ABSOLUTE
    ../fplib/microlib/fpflt.c                0x00000000   Number         0  dflti.o ABSOLUTE
    ../fplib/microlib/fpmul.c                0x00000000   Number         0  fmul.o ABSOLUTE
    ..\Core\Src\dma.c                        0x00000000   Number         0  dma.o ABSOLUTE
    ..\Core\Src\gpio.c                       0x00000000   Number         0  gpio.o ABSOLUTE
    ..\Core\Src\i2c.c                        0x00000000   Number         0  i2c.o ABSOLUTE
    ..\Core\Src\main.c                       0x00000000   Number         0  main.o ABSOLUTE
    ..\Core\Src\stm32f1xx_hal_msp.c          0x00000000   Number         0  stm32f1xx_hal_msp.o ABSOLUTE
    ..\Core\Src\stm32f1xx_it.c               0x00000000   Number         0  stm32f1xx_it.o ABSOLUTE
    ..\Core\Src\system_stm32f1xx.c           0x00000000   Number         0  system_stm32f1xx.o ABSOLUTE
    ..\Core\Src\tim.c                        0x00000000   Number         0  tim.o ABSOLUTE
    ..\Core\Src\usart.c                      0x00000000   Number         0  usart.o ABSOLUTE
    ..\Drivers\STM32F1xx_HAL_Driver\Src\stm32f1xx_hal.c 0x00000000   Number         0  stm32f1xx_hal.o ABSOLUTE
    ..\Drivers\STM32F1xx_HAL_Driver\Src\stm32f1xx_hal_cortex.c 0x00000000   Number         0  stm32f1xx_hal_cortex.o ABSOLUTE
    ..\Drivers\STM32F1xx_HAL_Driver\Src\stm32f1xx_hal_dma.c 0x00000000   Number         0  stm32f1xx_hal_dma.o ABSOLUTE
    ..\Drivers\STM32F1xx_HAL_Driver\Src\stm32f1xx_hal_exti.c 0x00000000   Number         0  stm32f1xx_hal_exti.o ABSOLUTE
    ..\Drivers\STM32F1xx_HAL_Driver\Src\stm32f1xx_hal_flash.c 0x00000000   Number         0  stm32f1xx_hal_flash.o ABSOLUTE
    ..\Drivers\STM32F1xx_HAL_Driver\Src\stm32f1xx_hal_flash_ex.c 0x00000000   Number         0  stm32f1xx_hal_flash_ex.o ABSOLUTE
    ..\Drivers\STM32F1xx_HAL_Driver\Src\stm32f1xx_hal_gpio.c 0x00000000   Number         0  stm32f1xx_hal_gpio.o ABSOLUTE
    ..\Drivers\STM32F1xx_HAL_Driver\Src\stm32f1xx_hal_gpio_ex.c 0x00000000   Number         0  stm32f1xx_hal_gpio_ex.o ABSOLUTE
    ..\Drivers\STM32F1xx_HAL_Driver\Src\stm32f1xx_hal_i2c.c 0x00000000   Number         0  stm32f1xx_hal_i2c.o ABSOLUTE
    ..\Drivers\STM32F1xx_HAL_Driver\Src\stm32f1xx_hal_pwr.c 0x00000000   Number         0  stm32f1xx_hal_pwr.o ABSOLUTE
    ..\Drivers\STM32F1xx_HAL_Driver\Src\stm32f1xx_hal_rcc.c 0x00000000   Number         0  stm32f1xx_hal_rcc.o ABSOLUTE
    ..\Drivers\STM32F1xx_HAL_Driver\Src\stm32f1xx_hal_rcc_ex.c 0x00000000   Number         0  stm32f1xx_hal_rcc_ex.o ABSOLUTE
    ..\Drivers\STM32F1xx_HAL_Driver\Src\stm32f1xx_hal_tim.c 0x00000000   Number         0  stm32f1xx_hal_tim.o ABSOLUTE
    ..\Drivers\STM32F1xx_HAL_Driver\Src\stm32f1xx_hal_tim_ex.c 0x00000000   Number         0  stm32f1xx_hal_tim_ex.o ABSOLUTE
    ..\Drivers\STM32F1xx_HAL_Driver\Src\stm32f1xx_hal_uart.c 0x00000000   Number         0  stm32f1xx_hal_uart.o ABSOLUTE
    ..\MyFiles\FunctionModle\delay\delay.c   0x00000000   Number         0  delay.o ABSOLUTE
    ..\MyFiles\HardwareDriver\MPU6050\mpu6050.c 0x00000000   Number         0  mpu6050.o ABSOLUTE
    ..\MyFiles\HardwareDriver\Motors\Motors.c 0x00000000   Number         0  motors.o ABSOLUTE
    ..\MyFiles\HardwareDriver\MyIIC\my_IIC.c 0x00000000   Number         0  my_iic.o ABSOLUTE
    ..\MyFiles\HardwareDriver\OLED12832\oled.c 0x00000000   Number         0  oled.o ABSOLUTE
    ..\MyFiles\HardwareDriver\SerialPort\SerialPort.c 0x00000000   Number         0  serialport.o ABSOLUTE
    ..\\MyFiles\\FunctionModle\\delay\\delay.c 0x00000000   Number         0  delay.o ABSOLUTE
    ..\\MyFiles\\HardwareDriver\\MPU6050\\mpu6050.c 0x00000000   Number         0  mpu6050.o ABSOLUTE
    ..\\MyFiles\\HardwareDriver\\Motors\\Motors.c 0x00000000   Number         0  motors.o ABSOLUTE
    ..\\MyFiles\\HardwareDriver\\MyIIC\\my_IIC.c 0x00000000   Number         0  my_iic.o ABSOLUTE
    ..\\MyFiles\\HardwareDriver\\OLED12832\\oled.c 0x00000000   Number         0  oled.o ABSOLUTE
    ..\\MyFiles\\HardwareDriver\\SerialPort\\SerialPort.c 0x00000000   Number         0  serialport.o ABSOLUTE
    dc.s                                     0x00000000   Number         0  dc.o ABSOLUTE
    handlers.s                               0x00000000   Number         0  handlers.o ABSOLUTE
    init.s                                   0x00000000   Number         0  init.o ABSOLUTE
    startup_stm32f103xb.s                    0x00000000   Number         0  startup_stm32f103xb.o ABSOLUTE
    RESET                                    0x08000000   Section      236  startup_stm32f103xb.o(RESET)
    .ARM.Collect$$$$00000000                 0x080000ec   Section        0  entry.o(.ARM.Collect$$$$00000000)
    .ARM.Collect$$$$00000001                 0x080000ec   Section        4  entry2.o(.ARM.Collect$$$$00000001)
    .ARM.Collect$$$$00000004                 0x080000f0   Section        4  entry5.o(.ARM.Collect$$$$00000004)
    .ARM.Collect$$$$00000008                 0x080000f4   Section        0  entry7b.o(.ARM.Collect$$$$00000008)
    .ARM.Collect$$$$0000000A                 0x080000f4   Section        0  entry8b.o(.ARM.Collect$$$$0000000A)
    .ARM.Collect$$$$0000000B                 0x080000f4   Section        8  entry9a.o(.ARM.Collect$$$$0000000B)
    .ARM.Collect$$$$0000000D                 0x080000fc   Section        0  entry10a.o(.ARM.Collect$$$$0000000D)
    .ARM.Collect$$$$0000000F                 0x080000fc   Section        0  entry11a.o(.ARM.Collect$$$$0000000F)
    .ARM.Collect$$$$00002712                 0x080000fc   Section        4  entry2.o(.ARM.Collect$$$$00002712)
    __lit__00000000                          0x080000fc   Data           4  entry2.o(.ARM.Collect$$$$00002712)
    .text                                    0x08000100   Section       36  startup_stm32f103xb.o(.text)
    .text                                    0x08000124   Section        0  memseta.o(.text)
    .text                                    0x08000148   Section       36  init.o(.text)
    i.BusFault_Handler                       0x0800016c   Section        0  stm32f1xx_it.o(i.BusFault_Handler)
    i.DMA1_Channel4_IRQHandler               0x08000170   Section        0  stm32f1xx_it.o(i.DMA1_Channel4_IRQHandler)
    i.DMA1_Channel5_IRQHandler               0x0800017c   Section        0  stm32f1xx_it.o(i.DMA1_Channel5_IRQHandler)
    i.DMA_SetConfig                          0x08000188   Section        0  stm32f1xx_hal_dma.o(i.DMA_SetConfig)
    DMA_SetConfig                            0x08000189   Thumb Code    56  stm32f1xx_hal_dma.o(i.DMA_SetConfig)
    i.DebugMon_Handler                       0x080001c0   Section        0  stm32f1xx_it.o(i.DebugMon_Handler)
    i.Dequeue                                0x080001c4   Section        0  serialport.o(i.Dequeue)
    i.EXTI15_10_IRQHandler                   0x0800020e   Section        0  stm32f1xx_it.o(i.EXTI15_10_IRQHandler)
    i.Enqueue                                0x08000224   Section        0  serialport.o(i.Enqueue)
    i.Error_Handler                          0x08000272   Section        0  main.o(i.Error_Handler)
    i.HAL_DMA_Abort                          0x08000276   Section        0  stm32f1xx_hal_dma.o(i.HAL_DMA_Abort)
    i.HAL_DMA_Abort_IT                       0x080002c0   Section        0  stm32f1xx_hal_dma.o(i.HAL_DMA_Abort_IT)
    i.HAL_DMA_IRQHandler                     0x08000364   Section        0  stm32f1xx_hal_dma.o(i.HAL_DMA_IRQHandler)
    i.HAL_DMA_Init                           0x080004d4   Section        0  stm32f1xx_hal_dma.o(i.HAL_DMA_Init)
    i.HAL_DMA_Start_IT                       0x08000558   Section        0  stm32f1xx_hal_dma.o(i.HAL_DMA_Start_IT)
    i.HAL_Delay                              0x080005d4   Section        0  stm32f1xx_hal.o(i.HAL_Delay)
    i.HAL_GPIO_EXTI_Callback                 0x080005fc   Section        0  stm32f1xx_it.o(i.HAL_GPIO_EXTI_Callback)
    i.HAL_GPIO_EXTI_IRQHandler               0x08000600   Section        0  stm32f1xx_hal_gpio.o(i.HAL_GPIO_EXTI_IRQHandler)
    i.HAL_GPIO_Init                          0x08000618   Section        0  stm32f1xx_hal_gpio.o(i.HAL_GPIO_Init)
    i.HAL_GPIO_ReadPin                       0x08000814   Section        0  stm32f1xx_hal_gpio.o(i.HAL_GPIO_ReadPin)
    i.HAL_GPIO_TogglePin                     0x08000822   Section        0  stm32f1xx_hal_gpio.o(i.HAL_GPIO_TogglePin)
    i.HAL_GPIO_WritePin                      0x08000832   Section        0  stm32f1xx_hal_gpio.o(i.HAL_GPIO_WritePin)
    i.HAL_GetTick                            0x08000840   Section        0  stm32f1xx_hal.o(i.HAL_GetTick)
    i.HAL_I2C_Init                           0x0800084c   Section        0  stm32f1xx_hal_i2c.o(i.HAL_I2C_Init)
    i.HAL_I2C_Mem_Read                       0x080009f8   Section        0  stm32f1xx_hal_i2c.o(i.HAL_I2C_Mem_Read)
    i.HAL_I2C_Mem_Write                      0x08000d10   Section        0  stm32f1xx_hal_i2c.o(i.HAL_I2C_Mem_Write)
    i.HAL_I2C_MspInit                        0x08000e84   Section        0  i2c.o(i.HAL_I2C_MspInit)
    i.HAL_IncTick                            0x08000f1c   Section        0  stm32f1xx_hal.o(i.HAL_IncTick)
    i.HAL_Init                               0x08000f2c   Section        0  stm32f1xx_hal.o(i.HAL_Init)
    i.HAL_InitTick                           0x08000f50   Section        0  stm32f1xx_hal.o(i.HAL_InitTick)
    i.HAL_MspInit                            0x08000f94   Section        0  stm32f1xx_hal_msp.o(i.HAL_MspInit)
    i.HAL_NVIC_EnableIRQ                     0x08000fd0   Section        0  stm32f1xx_hal_cortex.o(i.HAL_NVIC_EnableIRQ)
    i.HAL_NVIC_SetPriority                   0x08000fec   Section        0  stm32f1xx_hal_cortex.o(i.HAL_NVIC_SetPriority)
    i.HAL_NVIC_SetPriorityGrouping           0x08001054   Section        0  stm32f1xx_hal_cortex.o(i.HAL_NVIC_SetPriorityGrouping)
    i.HAL_RCC_ClockConfig                    0x08001078   Section        0  stm32f1xx_hal_rcc.o(i.HAL_RCC_ClockConfig)
    i.HAL_RCC_GetHCLKFreq                    0x080011f8   Section        0  stm32f1xx_hal_rcc.o(i.HAL_RCC_GetHCLKFreq)
    i.HAL_RCC_GetPCLK1Freq                   0x08001204   Section        0  stm32f1xx_hal_rcc.o(i.HAL_RCC_GetPCLK1Freq)
    i.HAL_RCC_GetPCLK2Freq                   0x08001224   Section        0  stm32f1xx_hal_rcc.o(i.HAL_RCC_GetPCLK2Freq)
    i.HAL_RCC_GetSysClockFreq                0x08001244   Section        0  stm32f1xx_hal_rcc.o(i.HAL_RCC_GetSysClockFreq)
    i.HAL_RCC_OscConfig                      0x08001294   Section        0  stm32f1xx_hal_rcc.o(i.HAL_RCC_OscConfig)
    i.HAL_SYSTICK_Config                     0x080016c0   Section        0  stm32f1xx_hal_cortex.o(i.HAL_SYSTICK_Config)
    i.HAL_TIMEx_BreakCallback                0x080016e8   Section        0  stm32f1xx_hal_tim_ex.o(i.HAL_TIMEx_BreakCallback)
    i.HAL_TIMEx_CommutCallback               0x080016ea   Section        0  stm32f1xx_hal_tim_ex.o(i.HAL_TIMEx_CommutCallback)
    i.HAL_TIMEx_MasterConfigSynchronization  0x080016ec   Section        0  stm32f1xx_hal_tim_ex.o(i.HAL_TIMEx_MasterConfigSynchronization)
    i.HAL_TIM_Base_Init                      0x0800175e   Section        0  stm32f1xx_hal_tim.o(i.HAL_TIM_Base_Init)
    i.HAL_TIM_Base_MspInit                   0x080017bc   Section        0  tim.o(i.HAL_TIM_Base_MspInit)
    i.HAL_TIM_Base_Start_IT                  0x0800181c   Section        0  stm32f1xx_hal_tim.o(i.HAL_TIM_Base_Start_IT)
    i.HAL_TIM_ConfigClockSource              0x0800187e   Section        0  stm32f1xx_hal_tim.o(i.HAL_TIM_ConfigClockSource)
    i.HAL_TIM_IC_CaptureCallback             0x08001968   Section        0  stm32f1xx_hal_tim.o(i.HAL_TIM_IC_CaptureCallback)
    i.HAL_TIM_IRQHandler                     0x0800196a   Section        0  stm32f1xx_hal_tim.o(i.HAL_TIM_IRQHandler)
    i.HAL_TIM_MspPostInit                    0x08001ae0   Section        0  tim.o(i.HAL_TIM_MspPostInit)
    i.HAL_TIM_OC_DelayElapsedCallback        0x08001b28   Section        0  stm32f1xx_hal_tim.o(i.HAL_TIM_OC_DelayElapsedCallback)
    i.HAL_TIM_PWM_ConfigChannel              0x08001b2a   Section        0  stm32f1xx_hal_tim.o(i.HAL_TIM_PWM_ConfigChannel)
    i.HAL_TIM_PWM_Init                       0x08001c02   Section        0  stm32f1xx_hal_tim.o(i.HAL_TIM_PWM_Init)
    i.HAL_TIM_PWM_MspInit                    0x08001c5e   Section        0  stm32f1xx_hal_tim.o(i.HAL_TIM_PWM_MspInit)
    i.HAL_TIM_PWM_PulseFinishedCallback      0x08001c60   Section        0  stm32f1xx_hal_tim.o(i.HAL_TIM_PWM_PulseFinishedCallback)
    i.HAL_TIM_PWM_Start                      0x08001c64   Section        0  stm32f1xx_hal_tim.o(i.HAL_TIM_PWM_Start)
    i.HAL_TIM_PeriodElapsedCallback          0x08001d14   Section        0  stm32f1xx_it.o(i.HAL_TIM_PeriodElapsedCallback)
    i.HAL_TIM_TriggerCallback                0x08001d28   Section        0  stm32f1xx_hal_tim.o(i.HAL_TIM_TriggerCallback)
    i.HAL_UARTEx_RxEventCallback             0x08001d2a   Section        0  stm32f1xx_hal_uart.o(i.HAL_UARTEx_RxEventCallback)
    i.HAL_UART_ErrorCallback                 0x08001d2c   Section        0  stm32f1xx_hal_uart.o(i.HAL_UART_ErrorCallback)
    i.HAL_UART_IRQHandler                    0x08001d30   Section        0  stm32f1xx_hal_uart.o(i.HAL_UART_IRQHandler)
    i.HAL_UART_Init                          0x08001f98   Section        0  stm32f1xx_hal_uart.o(i.HAL_UART_Init)
    i.HAL_UART_MspInit                       0x08002000   Section        0  usart.o(i.HAL_UART_MspInit)
    i.HAL_UART_Receive_DMA                   0x080020dc   Section        0  stm32f1xx_hal_uart.o(i.HAL_UART_Receive_DMA)
    i.HAL_UART_RxCpltCallback                0x080020f8   Section        0  stm32f1xx_it.o(i.HAL_UART_RxCpltCallback)
    i.HAL_UART_RxHalfCpltCallback            0x0800210c   Section        0  stm32f1xx_it.o(i.HAL_UART_RxHalfCpltCallback)
    i.HAL_UART_Transmit_DMA                  0x08002120   Section        0  stm32f1xx_hal_uart.o(i.HAL_UART_Transmit_DMA)
    i.HAL_UART_TxCpltCallback                0x080021b4   Section        0  stm32f1xx_it.o(i.HAL_UART_TxCpltCallback)
    i.HAL_UART_TxHalfCpltCallback            0x080021c8   Section        0  stm32f1xx_hal_uart.o(i.HAL_UART_TxHalfCpltCallback)
    i.HardFault_Handler                      0x080021ca   Section        0  stm32f1xx_it.o(i.HardFault_Handler)
    i.I2C_IsAcknowledgeFailed                0x080021cc   Section        0  stm32f1xx_hal_i2c.o(i.I2C_IsAcknowledgeFailed)
    I2C_IsAcknowledgeFailed                  0x080021cd   Thumb Code    50  stm32f1xx_hal_i2c.o(i.I2C_IsAcknowledgeFailed)
    i.I2C_RequestMemoryRead                  0x08002200   Section        0  stm32f1xx_hal_i2c.o(i.I2C_RequestMemoryRead)
    I2C_RequestMemoryRead                    0x08002201   Thumb Code   336  stm32f1xx_hal_i2c.o(i.I2C_RequestMemoryRead)
    i.I2C_RequestMemoryWrite                 0x08002354   Section        0  stm32f1xx_hal_i2c.o(i.I2C_RequestMemoryWrite)
    I2C_RequestMemoryWrite                   0x08002355   Thumb Code   204  stm32f1xx_hal_i2c.o(i.I2C_RequestMemoryWrite)
    i.I2C_WaitOnBTFFlagUntilTimeout          0x08002424   Section        0  stm32f1xx_hal_i2c.o(i.I2C_WaitOnBTFFlagUntilTimeout)
    I2C_WaitOnBTFFlagUntilTimeout            0x08002425   Thumb Code   102  stm32f1xx_hal_i2c.o(i.I2C_WaitOnBTFFlagUntilTimeout)
    i.I2C_WaitOnFlagUntilTimeout             0x0800248a   Section        0  stm32f1xx_hal_i2c.o(i.I2C_WaitOnFlagUntilTimeout)
    I2C_WaitOnFlagUntilTimeout               0x0800248b   Thumb Code   234  stm32f1xx_hal_i2c.o(i.I2C_WaitOnFlagUntilTimeout)
    i.I2C_WaitOnMasterAddressFlagUntilTimeout 0x08002574   Section        0  stm32f1xx_hal_i2c.o(i.I2C_WaitOnMasterAddressFlagUntilTimeout)
    I2C_WaitOnMasterAddressFlagUntilTimeout  0x08002575   Thumb Code   236  stm32f1xx_hal_i2c.o(i.I2C_WaitOnMasterAddressFlagUntilTimeout)
    i.I2C_WaitOnRXNEFlagUntilTimeout         0x08002660   Section        0  stm32f1xx_hal_i2c.o(i.I2C_WaitOnRXNEFlagUntilTimeout)
    I2C_WaitOnRXNEFlagUntilTimeout           0x08002661   Thumb Code   134  stm32f1xx_hal_i2c.o(i.I2C_WaitOnRXNEFlagUntilTimeout)
    i.I2C_WaitOnTXEFlagUntilTimeout          0x080026e6   Section        0  stm32f1xx_hal_i2c.o(i.I2C_WaitOnTXEFlagUntilTimeout)
    I2C_WaitOnTXEFlagUntilTimeout            0x080026e7   Thumb Code   102  stm32f1xx_hal_i2c.o(i.I2C_WaitOnTXEFlagUntilTimeout)
    i.InitQueue                              0x0800274c   Section        0  serialport.o(i.InitQueue)
    i.MPU_Init                               0x08002758   Section        0  mpu6050.o(i.MPU_Init)
    i.MPU_Read_Byte                          0x080027cc   Section        0  mpu6050.o(i.MPU_Read_Byte)
    i.MPU_Set_Accel_Fsr                      0x080027f4   Section        0  mpu6050.o(i.MPU_Set_Accel_Fsr)
    i.MPU_Set_Gyro_Fsr                       0x080027fe   Section        0  mpu6050.o(i.MPU_Set_Gyro_Fsr)
    i.MPU_Set_LPF                            0x08002808   Section        0  mpu6050.o(i.MPU_Set_LPF)
    i.MPU_Set_Rate                           0x08002838   Section        0  mpu6050.o(i.MPU_Set_Rate)
    i.MPU_Write_Byte                         0x08002868   Section        0  mpu6050.o(i.MPU_Write_Byte)
    i.MX_DMA_Init                            0x08002894   Section        0  dma.o(i.MX_DMA_Init)
    i.MX_GPIO_Init                           0x080028d0   Section        0  gpio.o(i.MX_GPIO_Init)
    i.MX_I2C1_Init                           0x08002990   Section        0  i2c.o(i.MX_I2C1_Init)
    i.MX_I2C2_Init                           0x080029d0   Section        0  i2c.o(i.MX_I2C2_Init)
    i.MX_TIM1_Init                           0x08002a10   Section        0  tim.o(i.MX_TIM1_Init)
    i.MX_TIM2_Init                           0x08002a7c   Section        0  tim.o(i.MX_TIM2_Init)
    i.MX_USART1_UART_Init                    0x08002b44   Section        0  usart.o(i.MX_USART1_UART_Init)
    i.MemManage_Handler                      0x08002b7c   Section        0  stm32f1xx_it.o(i.MemManage_Handler)
    i.NMI_Handler                            0x08002b7e   Section        0  stm32f1xx_it.o(i.NMI_Handler)
    i.OLED_Clear                             0x08002b80   Section        0  oled.o(i.OLED_Clear)
    i.OLED_Init                              0x08002bbc   Section        0  oled.o(i.OLED_Init)
    i.OLED_Set_Pos                           0x08002c96   Section        0  oled.o(i.OLED_Set_Pos)
    i.OLED_ShowChar                          0x08002cc0   Section        0  oled.o(i.OLED_ShowChar)
    i.OLED_ShowString                        0x08002d48   Section        0  oled.o(i.OLED_ShowString)
    i.OLED_WR_Byte                           0x08002d88   Section        0  oled.o(i.OLED_WR_Byte)
    i.OnEXTIHandlerForMotorEncoders          0x08002d94   Section        0  motors.o(i.OnEXTIHandlerForMotorEncoders)
    i.OnTimerHandlerForMotorEncoders         0x08002de0   Section        0  motors.o(i.OnTimerHandlerForMotorEncoders)
    i.OnUartTransmitCompleteForSerialTx      0x08002e18   Section        0  serialport.o(i.OnUartTransmitCompleteForSerialTx)
    i.PendSV_Handler                         0x08002e28   Section        0  stm32f1xx_it.o(i.PendSV_Handler)
    i.RCC_Delay                              0x08002e2c   Section        0  stm32f1xx_hal_rcc.o(i.RCC_Delay)
    RCC_Delay                                0x08002e2d   Thumb Code    32  stm32f1xx_hal_rcc.o(i.RCC_Delay)
    i.SVC_Handler                            0x08002e50   Section        0  stm32f1xx_it.o(i.SVC_Handler)
    i.SerialPortOpen                         0x08002e54   Section        0  serialport.o(i.SerialPortOpen)
    i.SerialRead                             0x08002e94   Section        0  serialport.o(i.SerialRead)
    i.SerialRxBuffCopyToQueue                0x08002ec0   Section        0  serialport.o(i.SerialRxBuffCopyToQueue)
    i.SerialTxQueueCopyToBuff                0x08002ef8   Section        0  serialport.o(i.SerialTxQueueCopyToBuff)
    i.SerialWrite                            0x08002f38   Section        0  serialport.o(i.SerialWrite)
    i.SyncSerialRxQueueReadyCountOnIDLE      0x08002f70   Section        0  serialport.o(i.SyncSerialRxQueueReadyCountOnIDLE)
    i.SysTick_Handler                        0x08002f84   Section        0  stm32f1xx_it.o(i.SysTick_Handler)
    i.SystemClock_Config                     0x08002f88   Section        0  main.o(i.SystemClock_Config)
    i.SystemInit                             0x08002fe6   Section        0  system_stm32f1xx.o(i.SystemInit)
    i.TIM1_UP_IRQHandler                     0x08002fe8   Section        0  stm32f1xx_it.o(i.TIM1_UP_IRQHandler)
    i.TIM2_IRQHandler                        0x08002ff4   Section        0  stm32f1xx_it.o(i.TIM2_IRQHandler)
    i.TIM_Base_SetConfig                     0x08003000   Section        0  stm32f1xx_hal_tim.o(i.TIM_Base_SetConfig)
    i.TIM_CCxChannelCmd                      0x08003078   Section        0  stm32f1xx_hal_tim.o(i.TIM_CCxChannelCmd)
    i.TIM_ETR_SetConfig                      0x08003096   Section        0  stm32f1xx_hal_tim.o(i.TIM_ETR_SetConfig)
    i.TIM_ITRx_SetConfig                     0x080030ac   Section        0  stm32f1xx_hal_tim.o(i.TIM_ITRx_SetConfig)
    TIM_ITRx_SetConfig                       0x080030ad   Thumb Code    16  stm32f1xx_hal_tim.o(i.TIM_ITRx_SetConfig)
    i.TIM_OC1_SetConfig                      0x080030bc   Section        0  stm32f1xx_hal_tim.o(i.TIM_OC1_SetConfig)
    TIM_OC1_SetConfig                        0x080030bd   Thumb Code    98  stm32f1xx_hal_tim.o(i.TIM_OC1_SetConfig)
    i.TIM_OC2_SetConfig                      0x08003124   Section        0  stm32f1xx_hal_tim.o(i.TIM_OC2_SetConfig)
    i.TIM_OC3_SetConfig                      0x0800318c   Section        0  stm32f1xx_hal_tim.o(i.TIM_OC3_SetConfig)
    TIM_OC3_SetConfig                        0x0800318d   Thumb Code   100  stm32f1xx_hal_tim.o(i.TIM_OC3_SetConfig)
    i.TIM_OC4_SetConfig                      0x080031f4   Section        0  stm32f1xx_hal_tim.o(i.TIM_OC4_SetConfig)
    TIM_OC4_SetConfig                        0x080031f5   Thumb Code    78  stm32f1xx_hal_tim.o(i.TIM_OC4_SetConfig)
    i.TIM_TI1_ConfigInputStage               0x08003242   Section        0  stm32f1xx_hal_tim.o(i.TIM_TI1_ConfigInputStage)
    TIM_TI1_ConfigInputStage                 0x08003243   Thumb Code    38  stm32f1xx_hal_tim.o(i.TIM_TI1_ConfigInputStage)
    i.TIM_TI2_ConfigInputStage               0x08003268   Section        0  stm32f1xx_hal_tim.o(i.TIM_TI2_ConfigInputStage)
    TIM_TI2_ConfigInputStage                 0x08003269   Thumb Code    40  stm32f1xx_hal_tim.o(i.TIM_TI2_ConfigInputStage)
    i.Test                                   0x08003290   Section        0  serialport.o(i.Test)
    i.UART_DMAAbortOnError                   0x080032b8   Section        0  stm32f1xx_hal_uart.o(i.UART_DMAAbortOnError)
    UART_DMAAbortOnError                     0x080032b9   Thumb Code    16  stm32f1xx_hal_uart.o(i.UART_DMAAbortOnError)
    i.UART_DMAError                          0x080032c8   Section        0  stm32f1xx_hal_uart.o(i.UART_DMAError)
    UART_DMAError                            0x080032c9   Thumb Code    74  stm32f1xx_hal_uart.o(i.UART_DMAError)
    i.UART_DMAReceiveCplt                    0x08003312   Section        0  stm32f1xx_hal_uart.o(i.UART_DMAReceiveCplt)
    UART_DMAReceiveCplt                      0x08003313   Thumb Code   144  stm32f1xx_hal_uart.o(i.UART_DMAReceiveCplt)
    i.UART_DMARxHalfCplt                     0x080033a2   Section        0  stm32f1xx_hal_uart.o(i.UART_DMARxHalfCplt)
    UART_DMARxHalfCplt                       0x080033a3   Thumb Code    30  stm32f1xx_hal_uart.o(i.UART_DMARxHalfCplt)
    i.UART_DMATransmitCplt                   0x080033c0   Section        0  stm32f1xx_hal_uart.o(i.UART_DMATransmitCplt)
    UART_DMATransmitCplt                     0x080033c1   Thumb Code    68  stm32f1xx_hal_uart.o(i.UART_DMATransmitCplt)
    i.UART_DMATxHalfCplt                     0x08003404   Section        0  stm32f1xx_hal_uart.o(i.UART_DMATxHalfCplt)
    UART_DMATxHalfCplt                       0x08003405   Thumb Code    10  stm32f1xx_hal_uart.o(i.UART_DMATxHalfCplt)
    i.UART_EndRxTransfer                     0x0800340e   Section        0  stm32f1xx_hal_uart.o(i.UART_EndRxTransfer)
    UART_EndRxTransfer                       0x0800340f   Thumb Code    78  stm32f1xx_hal_uart.o(i.UART_EndRxTransfer)
    i.UART_EndTransmit_IT                    0x0800345c   Section        0  stm32f1xx_hal_uart.o(i.UART_EndTransmit_IT)
    UART_EndTransmit_IT                      0x0800345d   Thumb Code    26  stm32f1xx_hal_uart.o(i.UART_EndTransmit_IT)
    i.UART_EndTxTransfer                     0x08003476   Section        0  stm32f1xx_hal_uart.o(i.UART_EndTxTransfer)
    UART_EndTxTransfer                       0x08003477   Thumb Code    28  stm32f1xx_hal_uart.o(i.UART_EndTxTransfer)
    i.UART_IDLECallbakc                      0x08003494   Section        0  stm32f1xx_it.o(i.UART_IDLECallbakc)
    i.UART_Receive_IT                        0x080034bc   Section        0  stm32f1xx_hal_uart.o(i.UART_Receive_IT)
    UART_Receive_IT                          0x080034bd   Thumb Code   202  stm32f1xx_hal_uart.o(i.UART_Receive_IT)
    i.UART_SetConfig                         0x08003588   Section        0  stm32f1xx_hal_uart.o(i.UART_SetConfig)
    UART_SetConfig                           0x08003589   Thumb Code   194  stm32f1xx_hal_uart.o(i.UART_SetConfig)
    i.UART_Start_Receive_DMA                 0x08003650   Section        0  stm32f1xx_hal_uart.o(i.UART_Start_Receive_DMA)
    i.UART_Transmit_IT                       0x080036f0   Section        0  stm32f1xx_hal_uart.o(i.UART_Transmit_IT)
    UART_Transmit_IT                         0x080036f1   Thumb Code    94  stm32f1xx_hal_uart.o(i.UART_Transmit_IT)
    i.USART1_IRQHandler                      0x08003750   Section        0  stm32f1xx_it.o(i.USART1_IRQHandler)
    i.UsageFault_Handler                     0x08003768   Section        0  stm32f1xx_it.o(i.UsageFault_Handler)
    i.Write_IIC_Command                      0x0800376c   Section        0  oled.o(i.Write_IIC_Command)
    i.Write_IIC_Data                         0x08003790   Section        0  oled.o(i.Write_IIC_Data)
    i.__scatterload_copy                     0x080037b4   Section       14  handlers.o(i.__scatterload_copy)
    i.__scatterload_null                     0x080037c2   Section        2  handlers.o(i.__scatterload_null)
    i.__scatterload_zeroinit                 0x080037c4   Section       14  handlers.o(i.__scatterload_zeroinit)
    i.delay_ms                               0x080037d2   Section        0  delay.o(i.delay_ms)
    i.main                                   0x080037dc   Section        0  main.o(i.main)
    .constdata                               0x0800385c   Section     2456  oled.o(.constdata)
    .constdata                               0x080041f4   Section       18  stm32f1xx_hal_rcc.o(.constdata)
    aPredivFactorTable                       0x080041f4   Data           2  stm32f1xx_hal_rcc.o(.constdata)
    aPLLMULFactorTable                       0x080041f6   Data          16  stm32f1xx_hal_rcc.o(.constdata)
    .constdata                               0x08004206   Section       16  system_stm32f1xx.o(.constdata)
    .constdata                               0x08004216   Section        8  system_stm32f1xx.o(.constdata)
    .data                                    0x20000000   Section       10  motors.o(.data)
    iicount                                  0x20000008   Data           2  motors.o(.data)
    .data                                    0x2000000c   Section       20  serialport.o(.data)
    tLen                                     0x20000018   Data           4  serialport.o(.data)
    .data                                    0x20000020   Section       12  stm32f1xx_hal.o(.data)
    .data                                    0x2000002c   Section        4  system_stm32f1xx.o(.data)
    .bss                                     0x20000030   Section      168  i2c.o(.bss)
    .bss                                     0x200000d8   Section      144  tim.o(.bss)
    .bss                                     0x20000168   Section      208  usart.o(.bss)
    .bss                                     0x20000238   Section     2144  serialport.o(.bss)
    tData                                    0x20000238   Data         100  serialport.o(.bss)
    STACK                                    0x20000a98   Section     1024  startup_stm32f103xb.o(STACK)

    Global Symbols

    Symbol Name                              Value     Ov Type        Size  Object(Section)

    BuildAttributes$$THM_ISAv4$P$D$K$B$S$PE$A:L22UL41UL21$X:L11$S22US41US21$IEEE1$IW$USESV6$~STKCKD$USESV7$~SHL$OTIME$ROPI$EBA8$MICROLIB$REQ8$PRES8$EABIv2 0x00000000   Number         0  anon$$obj.o ABSOLUTE
    __ARM_use_no_argv                        0x00000000   Number         0  main.o ABSOLUTE
    __cpp_initialize__aeabi_                  - Undefined Weak Reference
    __cxa_finalize                            - Undefined Weak Reference
    __decompress                              - Undefined Weak Reference
    _clock_init                               - Undefined Weak Reference
    _microlib_exit                            - Undefined Weak Reference
    __Vectors_Size                           0x000000ec   Number         0  startup_stm32f103xb.o ABSOLUTE
    __Vectors                                0x08000000   Data           4  startup_stm32f103xb.o(RESET)
    __Vectors_End                            0x080000ec   Data           0  startup_stm32f103xb.o(RESET)
    __main                                   0x080000ed   Thumb Code     0  entry.o(.ARM.Collect$$$$00000000)
    _main_stk                                0x080000ed   Thumb Code     0  entry2.o(.ARM.Collect$$$$00000001)
    _main_scatterload                        0x080000f1   Thumb Code     0  entry5.o(.ARM.Collect$$$$00000004)
    __main_after_scatterload                 0x080000f5   Thumb Code     0  entry5.o(.ARM.Collect$$$$00000004)
    _main_clock                              0x080000f5   Thumb Code     0  entry7b.o(.ARM.Collect$$$$00000008)
    _main_cpp_init                           0x080000f5   Thumb Code     0  entry8b.o(.ARM.Collect$$$$0000000A)
    _main_init                               0x080000f5   Thumb Code     0  entry9a.o(.ARM.Collect$$$$0000000B)
    __rt_final_cpp                           0x080000fd   Thumb Code     0  entry10a.o(.ARM.Collect$$$$0000000D)
    __rt_final_exit                          0x080000fd   Thumb Code     0  entry11a.o(.ARM.Collect$$$$0000000F)
    Reset_Handler                            0x08000101   Thumb Code     8  startup_stm32f103xb.o(.text)
    ADC1_2_IRQHandler                        0x0800011b   Thumb Code     0  startup_stm32f103xb.o(.text)
    CAN1_RX1_IRQHandler                      0x0800011b   Thumb Code     0  startup_stm32f103xb.o(.text)
    CAN1_SCE_IRQHandler                      0x0800011b   Thumb Code     0  startup_stm32f103xb.o(.text)
    DMA1_Channel1_IRQHandler                 0x0800011b   Thumb Code     0  startup_stm32f103xb.o(.text)
    DMA1_Channel2_IRQHandler                 0x0800011b   Thumb Code     0  startup_stm32f103xb.o(.text)
    DMA1_Channel3_IRQHandler                 0x0800011b   Thumb Code     0  startup_stm32f103xb.o(.text)
    DMA1_Channel6_IRQHandler                 0x0800011b   Thumb Code     0  startup_stm32f103xb.o(.text)
    DMA1_Channel7_IRQHandler                 0x0800011b   Thumb Code     0  startup_stm32f103xb.o(.text)
    EXTI0_IRQHandler                         0x0800011b   Thumb Code     0  startup_stm32f103xb.o(.text)
    EXTI1_IRQHandler                         0x0800011b   Thumb Code     0  startup_stm32f103xb.o(.text)
    EXTI2_IRQHandler                         0x0800011b   Thumb Code     0  startup_stm32f103xb.o(.text)
    EXTI3_IRQHandler                         0x0800011b   Thumb Code     0  startup_stm32f103xb.o(.text)
    EXTI4_IRQHandler                         0x0800011b   Thumb Code     0  startup_stm32f103xb.o(.text)
    EXTI9_5_IRQHandler                       0x0800011b   Thumb Code     0  startup_stm32f103xb.o(.text)
    FLASH_IRQHandler                         0x0800011b   Thumb Code     0  startup_stm32f103xb.o(.text)
    I2C1_ER_IRQHandler                       0x0800011b   Thumb Code     0  startup_stm32f103xb.o(.text)
    I2C1_EV_IRQHandler                       0x0800011b   Thumb Code     0  startup_stm32f103xb.o(.text)
    I2C2_ER_IRQHandler                       0x0800011b   Thumb Code     0  startup_stm32f103xb.o(.text)
    I2C2_EV_IRQHandler                       0x0800011b   Thumb Code     0  startup_stm32f103xb.o(.text)
    PVD_IRQHandler                           0x0800011b   Thumb Code     0  startup_stm32f103xb.o(.text)
    RCC_IRQHandler                           0x0800011b   Thumb Code     0  startup_stm32f103xb.o(.text)
    RTC_Alarm_IRQHandler                     0x0800011b   Thumb Code     0  startup_stm32f103xb.o(.text)
    RTC_IRQHandler                           0x0800011b   Thumb Code     0  startup_stm32f103xb.o(.text)
    SPI1_IRQHandler                          0x0800011b   Thumb Code     0  startup_stm32f103xb.o(.text)
    SPI2_IRQHandler                          0x0800011b   Thumb Code     0  startup_stm32f103xb.o(.text)
    TAMPER_IRQHandler                        0x0800011b   Thumb Code     0  startup_stm32f103xb.o(.text)
    TIM1_BRK_IRQHandler                      0x0800011b   Thumb Code     0  startup_stm32f103xb.o(.text)
    TIM1_CC_IRQHandler                       0x0800011b   Thumb Code     0  startup_stm32f103xb.o(.text)
    TIM1_TRG_COM_IRQHandler                  0x0800011b   Thumb Code     0  startup_stm32f103xb.o(.text)
    TIM3_IRQHandler                          0x0800011b   Thumb Code     0  startup_stm32f103xb.o(.text)
    TIM4_IRQHandler                          0x0800011b   Thumb Code     0  startup_stm32f103xb.o(.text)
    USART2_IRQHandler                        0x0800011b   Thumb Code     0  startup_stm32f103xb.o(.text)
    USART3_IRQHandler                        0x0800011b   Thumb Code     0  startup_stm32f103xb.o(.text)
    USBWakeUp_IRQHandler                     0x0800011b   Thumb Code     0  startup_stm32f103xb.o(.text)
    USB_HP_CAN1_TX_IRQHandler                0x0800011b   Thumb Code     0  startup_stm32f103xb.o(.text)
    USB_LP_CAN1_RX0_IRQHandler               0x0800011b   Thumb Code     0  startup_stm32f103xb.o(.text)
    WWDG_IRQHandler                          0x0800011b   Thumb Code     0  startup_stm32f103xb.o(.text)
    __aeabi_memset                           0x08000125   Thumb Code    14  memseta.o(.text)
    __aeabi_memset4                          0x08000125   Thumb Code     0  memseta.o(.text)
    __aeabi_memset8                          0x08000125   Thumb Code     0  memseta.o(.text)
    __aeabi_memclr                           0x08000133   Thumb Code     4  memseta.o(.text)
    __aeabi_memclr4                          0x08000133   Thumb Code     0  memseta.o(.text)
    __aeabi_memclr8                          0x08000133   Thumb Code     0  memseta.o(.text)
    _memset$wrapper                          0x08000137   Thumb Code    18  memseta.o(.text)
    __scatterload                            0x08000149   Thumb Code    28  init.o(.text)
    __scatterload_rt2                        0x08000149   Thumb Code     0  init.o(.text)
    BusFault_Handler                         0x0800016d   Thumb Code     2  stm32f1xx_it.o(i.BusFault_Handler)
    DMA1_Channel4_IRQHandler                 0x08000171   Thumb Code     6  stm32f1xx_it.o(i.DMA1_Channel4_IRQHandler)
    DMA1_Channel5_IRQHandler                 0x0800017d   Thumb Code     6  stm32f1xx_it.o(i.DMA1_Channel5_IRQHandler)
    DebugMon_Handler                         0x080001c1   Thumb Code     2  stm32f1xx_it.o(i.DebugMon_Handler)
    Dequeue                                  0x080001c5   Thumb Code    74  serialport.o(i.Dequeue)
    EXTI15_10_IRQHandler                     0x0800020f   Thumb Code    22  stm32f1xx_it.o(i.EXTI15_10_IRQHandler)
    Enqueue                                  0x08000225   Thumb Code    78  serialport.o(i.Enqueue)
    Error_Handler                            0x08000273   Thumb Code     4  main.o(i.Error_Handler)
    HAL_DMA_Abort                            0x08000277   Thumb Code    72  stm32f1xx_hal_dma.o(i.HAL_DMA_Abort)
    HAL_DMA_Abort_IT                         0x080002c1   Thumb Code   136  stm32f1xx_hal_dma.o(i.HAL_DMA_Abort_IT)
    HAL_DMA_IRQHandler                       0x08000365   Thumb Code   338  stm32f1xx_hal_dma.o(i.HAL_DMA_IRQHandler)
    HAL_DMA_Init                             0x080004d5   Thumb Code   118  stm32f1xx_hal_dma.o(i.HAL_DMA_Init)
    HAL_DMA_Start_IT                         0x08000559   Thumb Code   124  stm32f1xx_hal_dma.o(i.HAL_DMA_Start_IT)
    HAL_Delay                                0x080005d5   Thumb Code    34  stm32f1xx_hal.o(i.HAL_Delay)
    HAL_GPIO_EXTI_Callback                   0x080005fd   Thumb Code     4  stm32f1xx_it.o(i.HAL_GPIO_EXTI_Callback)
    HAL_GPIO_EXTI_IRQHandler                 0x08000601   Thumb Code    18  stm32f1xx_hal_gpio.o(i.HAL_GPIO_EXTI_IRQHandler)
    HAL_GPIO_Init                            0x08000619   Thumb Code   496  stm32f1xx_hal_gpio.o(i.HAL_GPIO_Init)
    HAL_GPIO_ReadPin                         0x08000815   Thumb Code    14  stm32f1xx_hal_gpio.o(i.HAL_GPIO_ReadPin)
    HAL_GPIO_TogglePin                       0x08000823   Thumb Code    16  stm32f1xx_hal_gpio.o(i.HAL_GPIO_TogglePin)
    HAL_GPIO_WritePin                        0x08000833   Thumb Code    14  stm32f1xx_hal_gpio.o(i.HAL_GPIO_WritePin)
    HAL_GetTick                              0x08000841   Thumb Code     6  stm32f1xx_hal.o(i.HAL_GetTick)
    HAL_I2C_Init                             0x0800084d   Thumb Code   410  stm32f1xx_hal_i2c.o(i.HAL_I2C_Init)
    HAL_I2C_Mem_Read                         0x080009f9   Thumb Code   776  stm32f1xx_hal_i2c.o(i.HAL_I2C_Mem_Read)
    HAL_I2C_Mem_Write                        0x08000d11   Thumb Code   362  stm32f1xx_hal_i2c.o(i.HAL_I2C_Mem_Write)
    HAL_I2C_MspInit                          0x08000e85   Thumb Code   134  i2c.o(i.HAL_I2C_MspInit)
    HAL_IncTick                              0x08000f1d   Thumb Code    12  stm32f1xx_hal.o(i.HAL_IncTick)
    HAL_Init                                 0x08000f2d   Thumb Code    32  stm32f1xx_hal.o(i.HAL_Init)
    HAL_InitTick                             0x08000f51   Thumb Code    58  stm32f1xx_hal.o(i.HAL_InitTick)
    HAL_MspInit                              0x08000f95   Thumb Code    52  stm32f1xx_hal_msp.o(i.HAL_MspInit)
    HAL_NVIC_EnableIRQ                       0x08000fd1   Thumb Code    28  stm32f1xx_hal_cortex.o(i.HAL_NVIC_EnableIRQ)
    HAL_NVIC_SetPriority                     0x08000fed   Thumb Code    98  stm32f1xx_hal_cortex.o(i.HAL_NVIC_SetPriority)
    HAL_NVIC_SetPriorityGrouping             0x08001055   Thumb Code    30  stm32f1xx_hal_cortex.o(i.HAL_NVIC_SetPriorityGrouping)
    HAL_RCC_ClockConfig                      0x08001079   Thumb Code   364  stm32f1xx_hal_rcc.o(i.HAL_RCC_ClockConfig)
    HAL_RCC_GetHCLKFreq                      0x080011f9   Thumb Code     6  stm32f1xx_hal_rcc.o(i.HAL_RCC_GetHCLKFreq)
    HAL_RCC_GetPCLK1Freq                     0x08001205   Thumb Code    22  stm32f1xx_hal_rcc.o(i.HAL_RCC_GetPCLK1Freq)
    HAL_RCC_GetPCLK2Freq                     0x08001225   Thumb Code    22  stm32f1xx_hal_rcc.o(i.HAL_RCC_GetPCLK2Freq)
    HAL_RCC_GetSysClockFreq                  0x08001245   Thumb Code    58  stm32f1xx_hal_rcc.o(i.HAL_RCC_GetSysClockFreq)
    HAL_RCC_OscConfig                        0x08001295   Thumb Code  1068  stm32f1xx_hal_rcc.o(i.HAL_RCC_OscConfig)
    HAL_SYSTICK_Config                       0x080016c1   Thumb Code    36  stm32f1xx_hal_cortex.o(i.HAL_SYSTICK_Config)
    HAL_TIMEx_BreakCallback                  0x080016e9   Thumb Code     2  stm32f1xx_hal_tim_ex.o(i.HAL_TIMEx_BreakCallback)
    HAL_TIMEx_CommutCallback                 0x080016eb   Thumb Code     2  stm32f1xx_hal_tim_ex.o(i.HAL_TIMEx_CommutCallback)
    HAL_TIMEx_MasterConfigSynchronization    0x080016ed   Thumb Code   114  stm32f1xx_hal_tim_ex.o(i.HAL_TIMEx_MasterConfigSynchronization)
    HAL_TIM_Base_Init                        0x0800175f   Thumb Code    92  stm32f1xx_hal_tim.o(i.HAL_TIM_Base_Init)
    HAL_TIM_Base_MspInit                     0x080017bd   Thumb Code    86  tim.o(i.HAL_TIM_Base_MspInit)
    HAL_TIM_Base_Start_IT                    0x0800181d   Thumb Code    98  stm32f1xx_hal_tim.o(i.HAL_TIM_Base_Start_IT)
    HAL_TIM_ConfigClockSource                0x0800187f   Thumb Code   234  stm32f1xx_hal_tim.o(i.HAL_TIM_ConfigClockSource)
    HAL_TIM_IC_CaptureCallback               0x08001969   Thumb Code     2  stm32f1xx_hal_tim.o(i.HAL_TIM_IC_CaptureCallback)
    HAL_TIM_IRQHandler                       0x0800196b   Thumb Code   372  stm32f1xx_hal_tim.o(i.HAL_TIM_IRQHandler)
    HAL_TIM_MspPostInit                      0x08001ae1   Thumb Code    62  tim.o(i.HAL_TIM_MspPostInit)
    HAL_TIM_OC_DelayElapsedCallback          0x08001b29   Thumb Code     2  stm32f1xx_hal_tim.o(i.HAL_TIM_OC_DelayElapsedCallback)
    HAL_TIM_PWM_ConfigChannel                0x08001b2b   Thumb Code   216  stm32f1xx_hal_tim.o(i.HAL_TIM_PWM_ConfigChannel)
    HAL_TIM_PWM_Init                         0x08001c03   Thumb Code    92  stm32f1xx_hal_tim.o(i.HAL_TIM_PWM_Init)
    HAL_TIM_PWM_MspInit                      0x08001c5f   Thumb Code     2  stm32f1xx_hal_tim.o(i.HAL_TIM_PWM_MspInit)
    HAL_TIM_PWM_PulseFinishedCallback        0x08001c61   Thumb Code     2  stm32f1xx_hal_tim.o(i.HAL_TIM_PWM_PulseFinishedCallback)
    HAL_TIM_PWM_Start                        0x08001c65   Thumb Code   170  stm32f1xx_hal_tim.o(i.HAL_TIM_PWM_Start)
    HAL_TIM_PeriodElapsedCallback            0x08001d15   Thumb Code    16  stm32f1xx_it.o(i.HAL_TIM_PeriodElapsedCallback)
    HAL_TIM_TriggerCallback                  0x08001d29   Thumb Code     2  stm32f1xx_hal_tim.o(i.HAL_TIM_TriggerCallback)
    HAL_UARTEx_RxEventCallback               0x08001d2b   Thumb Code     2  stm32f1xx_hal_uart.o(i.HAL_UARTEx_RxEventCallback)
    HAL_UART_ErrorCallback                   0x08001d2d   Thumb Code     2  stm32f1xx_hal_uart.o(i.HAL_UART_ErrorCallback)
    HAL_UART_IRQHandler                      0x08001d31   Thumb Code   610  stm32f1xx_hal_uart.o(i.HAL_UART_IRQHandler)
    HAL_UART_Init                            0x08001f99   Thumb Code   102  stm32f1xx_hal_uart.o(i.HAL_UART_Init)
    HAL_UART_MspInit                         0x08002001   Thumb Code   200  usart.o(i.HAL_UART_MspInit)
    HAL_UART_Receive_DMA                     0x080020dd   Thumb Code    28  stm32f1xx_hal_uart.o(i.HAL_UART_Receive_DMA)
    HAL_UART_RxCpltCallback                  0x080020f9   Thumb Code    14  stm32f1xx_it.o(i.HAL_UART_RxCpltCallback)
    HAL_UART_RxHalfCpltCallback              0x0800210d   Thumb Code    14  stm32f1xx_it.o(i.HAL_UART_RxHalfCpltCallback)
    HAL_UART_Transmit_DMA                    0x08002121   Thumb Code   134  stm32f1xx_hal_uart.o(i.HAL_UART_Transmit_DMA)
    HAL_UART_TxCpltCallback                  0x080021b5   Thumb Code    14  stm32f1xx_it.o(i.HAL_UART_TxCpltCallback)
    HAL_UART_TxHalfCpltCallback              0x080021c9   Thumb Code     2  stm32f1xx_hal_uart.o(i.HAL_UART_TxHalfCpltCallback)
    HardFault_Handler                        0x080021cb   Thumb Code     2  stm32f1xx_it.o(i.HardFault_Handler)
    InitQueue                                0x0800274d   Thumb Code    12  serialport.o(i.InitQueue)
    MPU_Init                                 0x08002759   Thumb Code   114  mpu6050.o(i.MPU_Init)
    MPU_Read_Byte                            0x080027cd   Thumb Code    34  mpu6050.o(i.MPU_Read_Byte)
    MPU_Set_Accel_Fsr                        0x080027f5   Thumb Code    10  mpu6050.o(i.MPU_Set_Accel_Fsr)
    MPU_Set_Gyro_Fsr                         0x080027ff   Thumb Code    10  mpu6050.o(i.MPU_Set_Gyro_Fsr)
    MPU_Set_LPF                              0x08002809   Thumb Code    48  mpu6050.o(i.MPU_Set_LPF)
    MPU_Set_Rate                             0x08002839   Thumb Code    46  mpu6050.o(i.MPU_Set_Rate)
    MPU_Write_Byte                           0x08002869   Thumb Code    38  mpu6050.o(i.MPU_Write_Byte)
    MX_DMA_Init                              0x08002895   Thumb Code    56  dma.o(i.MX_DMA_Init)
    MX_GPIO_Init                             0x080028d1   Thumb Code   174  gpio.o(i.MX_GPIO_Init)
    MX_I2C1_Init                             0x08002991   Thumb Code    50  i2c.o(i.MX_I2C1_Init)
    MX_I2C2_Init                             0x080029d1   Thumb Code    50  i2c.o(i.MX_I2C2_Init)
    MX_TIM1_Init                             0x08002a11   Thumb Code    98  tim.o(i.MX_TIM1_Init)
    MX_TIM2_Init                             0x08002a7d   Thumb Code   196  tim.o(i.MX_TIM2_Init)
    MX_USART1_UART_Init                      0x08002b45   Thumb Code    48  usart.o(i.MX_USART1_UART_Init)
    MemManage_Handler                        0x08002b7d   Thumb Code     2  stm32f1xx_it.o(i.MemManage_Handler)
    NMI_Handler                              0x08002b7f   Thumb Code     2  stm32f1xx_it.o(i.NMI_Handler)
    OLED_Clear                               0x08002b81   Thumb Code    60  oled.o(i.OLED_Clear)
    OLED_Init                                0x08002bbd   Thumb Code   218  oled.o(i.OLED_Init)
    OLED_Set_Pos                             0x08002c97   Thumb Code    40  oled.o(i.OLED_Set_Pos)
    OLED_ShowChar                            0x08002cc1   Thumb Code   128  oled.o(i.OLED_ShowChar)
    OLED_ShowString                          0x08002d49   Thumb Code    64  oled.o(i.OLED_ShowString)
    OLED_WR_Byte                             0x08002d89   Thumb Code    10  oled.o(i.OLED_WR_Byte)
    OnEXTIHandlerForMotorEncoders            0x08002d95   Thumb Code    68  motors.o(i.OnEXTIHandlerForMotorEncoders)
    OnTimerHandlerForMotorEncoders           0x08002de1   Thumb Code    48  motors.o(i.OnTimerHandlerForMotorEncoders)
    OnUartTransmitCompleteForSerialTx        0x08002e19   Thumb Code    10  serialport.o(i.OnUartTransmitCompleteForSerialTx)
    PendSV_Handler                           0x08002e29   Thumb Code     2  stm32f1xx_it.o(i.PendSV_Handler)
    SVC_Handler                              0x08002e51   Thumb Code     2  stm32f1xx_it.o(i.SVC_Handler)
    SerialPortOpen                           0x08002e55   Thumb Code    42  serialport.o(i.SerialPortOpen)
    SerialRead                               0x08002e95   Thumb Code    34  serialport.o(i.SerialRead)
    SerialRxBuffCopyToQueue                  0x08002ec1   Thumb Code    44  serialport.o(i.SerialRxBuffCopyToQueue)
    SerialTxQueueCopyToBuff                  0x08002ef9   Thumb Code    50  serialport.o(i.SerialTxQueueCopyToBuff)
    SerialWrite                              0x08002f39   Thumb Code    48  serialport.o(i.SerialWrite)
    SyncSerialRxQueueReadyCountOnIDLE        0x08002f71   Thumb Code    12  serialport.o(i.SyncSerialRxQueueReadyCountOnIDLE)
    SysTick_Handler                          0x08002f85   Thumb Code     4  stm32f1xx_it.o(i.SysTick_Handler)
    SystemClock_Config                       0x08002f89   Thumb Code    94  main.o(i.SystemClock_Config)
    SystemInit                               0x08002fe7   Thumb Code     2  system_stm32f1xx.o(i.SystemInit)
    TIM1_UP_IRQHandler                       0x08002fe9   Thumb Code     6  stm32f1xx_it.o(i.TIM1_UP_IRQHandler)
    TIM2_IRQHandler                          0x08002ff5   Thumb Code     6  stm32f1xx_it.o(i.TIM2_IRQHandler)
    TIM_Base_SetConfig                       0x08003001   Thumb Code   106  stm32f1xx_hal_tim.o(i.TIM_Base_SetConfig)
    TIM_CCxChannelCmd                        0x08003079   Thumb Code    30  stm32f1xx_hal_tim.o(i.TIM_CCxChannelCmd)
    TIM_ETR_SetConfig                        0x08003097   Thumb Code    22  stm32f1xx_hal_tim.o(i.TIM_ETR_SetConfig)
    TIM_OC2_SetConfig                        0x08003125   Thumb Code   100  stm32f1xx_hal_tim.o(i.TIM_OC2_SetConfig)
    Test                                     0x08003291   Thumb Code    32  serialport.o(i.Test)
    UART_IDLECallbakc                        0x08003495   Thumb Code    36  stm32f1xx_it.o(i.UART_IDLECallbakc)
    UART_Start_Receive_DMA                   0x08003651   Thumb Code   146  stm32f1xx_hal_uart.o(i.UART_Start_Receive_DMA)
    USART1_IRQHandler                        0x08003751   Thumb Code    18  stm32f1xx_it.o(i.USART1_IRQHandler)
    UsageFault_Handler                       0x08003769   Thumb Code     2  stm32f1xx_it.o(i.UsageFault_Handler)
    Write_IIC_Command                        0x0800376d   Thumb Code    32  oled.o(i.Write_IIC_Command)
    Write_IIC_Data                           0x08003791   Thumb Code    32  oled.o(i.Write_IIC_Data)
    __scatterload_copy                       0x080037b5   Thumb Code    14  handlers.o(i.__scatterload_copy)
    __scatterload_null                       0x080037c3   Thumb Code     2  handlers.o(i.__scatterload_null)
    __scatterload_zeroinit                   0x080037c5   Thumb Code    14  handlers.o(i.__scatterload_zeroinit)
    delay_ms                                 0x080037d3   Thumb Code    10  delay.o(i.delay_ms)
    main                                     0x080037dd   Thumb Code   110  main.o(i.main)
    F6x8                                     0x0800385c   Data         552  oled.o(.constdata)
    F8X16                                    0x08003a84   Data        1520  oled.o(.constdata)
    Hzk                                      0x08004074   Data         384  oled.o(.constdata)
    AHBPrescTable                            0x08004206   Data          16  system_stm32f1xx.o(.constdata)
    APBPrescTable                            0x08004216   Data           8  system_stm32f1xx.o(.constdata)
    Region$$Table$$Base                      0x08004220   Number         0  anon$$obj.o(Region$$Table)
    Region$$Table$$Limit                     0x08004240   Number         0  anon$$obj.o(Region$$Table)
    _mLeftMotorEncoderCount                  0x20000000   Data           2  motors.o(.data)
    _mRightMotorEncoderCount                 0x20000002   Data           2  motors.o(.data)
    mLeftMotorSpeed                          0x20000004   Data           2  motors.o(.data)
    mRightMotorSpeed                         0x20000006   Data           2  motors.o(.data)
    mIsSerialTxBusy                          0x2000000c   Data           1  serialport.o(.data)
    mSerialRxQueueReadyCount                 0x20000010   Data           4  serialport.o(.data)
    mSerialRxBuffNextPos                     0x20000014   Data           4  serialport.o(.data)
    mHuart                                   0x2000001c   Data           4  serialport.o(.data)
    uwTickFreq                               0x20000020   Data           1  stm32f1xx_hal.o(.data)
    uwTickPrio                               0x20000024   Data           4  stm32f1xx_hal.o(.data)
    uwTick                                   0x20000028   Data           4  stm32f1xx_hal.o(.data)
    SystemCoreClock                          0x2000002c   Data           4  system_stm32f1xx.o(.data)
    hi2c1                                    0x20000030   Data          84  i2c.o(.bss)
    hi2c2                                    0x20000084   Data          84  i2c.o(.bss)
    htim1                                    0x200000d8   Data          72  tim.o(.bss)
    htim2                                    0x20000120   Data          72  tim.o(.bss)
    huart1                                   0x20000168   Data          72  usart.o(.bss)
    hdma_usart1_rx                           0x200001b0   Data          68  usart.o(.bss)
    hdma_usart1_tx                           0x200001f4   Data          68  usart.o(.bss)
    gSerialRxQueue                           0x2000029c   Data        1012  serialport.o(.bss)
    gSerialTxQueue                           0x20000690   Data        1012  serialport.o(.bss)
    mSerialRxBuff                            0x20000a84   Data          10  serialport.o(.bss)
    mSerialTxBuff                            0x20000a8e   Data          10  serialport.o(.bss)
    __initial_sp                             0x20000e98   Data           0  startup_stm32f103xb.o(STACK)



==============================================================================

Memory Map of the image

  Image Entry point : 0x080000ed

  Load Region LR_IROM1 (Base: 0x08000000, Size: 0x00004270, Max: 0x00010000, ABSOLUTE)

    Execution Region ER_IROM1 (Exec base: 0x08000000, Load base: 0x08000000, Size: 0x00004240, Max: 0x00010000, ABSOLUTE)

    Exec Addr    Load Addr    Size         Type   Attr      Idx    E Section Name        Object

    0x08000000   0x08000000   0x000000ec   Data   RO            3    RESET               startup_stm32f103xb.o
    0x080000ec   0x080000ec   0x00000000   Code   RO         3935  * .ARM.Collect$$$$00000000  mc_w.l(entry.o)
    0x080000ec   0x080000ec   0x00000004   Code   RO         3954    .ARM.Collect$$$$00000001  mc_w.l(entry2.o)
    0x080000f0   0x080000f0   0x00000004   Code   RO         3957    .ARM.Collect$$$$00000004  mc_w.l(entry5.o)
    0x080000f4   0x080000f4   0x00000000   Code   RO         3959    .ARM.Collect$$$$00000008  mc_w.l(entry7b.o)
    0x080000f4   0x080000f4   0x00000000   Code   RO         3961    .ARM.Collect$$$$0000000A  mc_w.l(entry8b.o)
    0x080000f4   0x080000f4   0x00000008   Code   RO         3962    .ARM.Collect$$$$0000000B  mc_w.l(entry9a.o)
    0x080000fc   0x080000fc   0x00000000   Code   RO         3964    .ARM.Collect$$$$0000000D  mc_w.l(entry10a.o)
    0x080000fc   0x080000fc   0x00000000   Code   RO         3966    .ARM.Collect$$$$0000000F  mc_w.l(entry11a.o)
    0x080000fc   0x080000fc   0x00000004   Code   RO         3955    .ARM.Collect$$$$00002712  mc_w.l(entry2.o)
    0x08000100   0x08000100   0x00000024   Code   RO            4    .text               startup_stm32f103xb.o
    0x08000124   0x08000124   0x00000024   Code   RO         3940    .text               mc_w.l(memseta.o)
    0x08000148   0x08000148   0x00000024   Code   RO         3977    .text               mc_w.l(init.o)
    0x0800016c   0x0800016c   0x00000002   Code   RO          368    i.BusFault_Handler  stm32f1xx_it.o
    0x0800016e   0x0800016e   0x00000002   PAD
    0x08000170   0x08000170   0x0000000c   Code   RO          369    i.DMA1_Channel4_IRQHandler  stm32f1xx_it.o
    0x0800017c   0x0800017c   0x0000000c   Code   RO          370    i.DMA1_Channel5_IRQHandler  stm32f1xx_it.o
    0x08000188   0x08000188   0x00000038   Code   RO         1930    i.DMA_SetConfig     stm32f1xx_hal_dma.o
    0x080001c0   0x080001c0   0x00000002   Code   RO          371    i.DebugMon_Handler  stm32f1xx_it.o
    0x080001c2   0x080001c2   0x00000002   PAD
    0x080001c4   0x080001c4   0x0000004a   Code   RO          908    i.Dequeue           serialport.o
    0x0800020e   0x0800020e   0x00000016   Code   RO          372    i.EXTI15_10_IRQHandler  stm32f1xx_it.o
    0x08000224   0x08000224   0x0000004e   Code   RO          909    i.Enqueue           serialport.o
    0x08000272   0x08000272   0x00000004   Code   RO           13    i.Error_Handler     main.o
    0x08000276   0x08000276   0x00000048   Code   RO         1931    i.HAL_DMA_Abort     stm32f1xx_hal_dma.o
    0x080002be   0x080002be   0x00000002   PAD
    0x080002c0   0x080002c0   0x000000a4   Code   RO         1932    i.HAL_DMA_Abort_IT  stm32f1xx_hal_dma.o
    0x08000364   0x08000364   0x00000170   Code   RO         1936    i.HAL_DMA_IRQHandler  stm32f1xx_hal_dma.o
    0x080004d4   0x080004d4   0x00000084   Code   RO         1937    i.HAL_DMA_Init      stm32f1xx_hal_dma.o
    0x08000558   0x08000558   0x0000007c   Code   RO         1941    i.HAL_DMA_Start_IT  stm32f1xx_hal_dma.o
    0x080005d4   0x080005d4   0x00000028   Code   RO         1552    i.HAL_Delay         stm32f1xx_hal.o
    0x080005fc   0x080005fc   0x00000004   Code   RO          373    i.HAL_GPIO_EXTI_Callback  stm32f1xx_it.o
    0x08000600   0x08000600   0x00000018   Code   RO         1866    i.HAL_GPIO_EXTI_IRQHandler  stm32f1xx_hal_gpio.o
    0x08000618   0x08000618   0x000001fc   Code   RO         1867    i.HAL_GPIO_Init     stm32f1xx_hal_gpio.o
    0x08000814   0x08000814   0x0000000e   Code   RO         1869    i.HAL_GPIO_ReadPin  stm32f1xx_hal_gpio.o
    0x08000822   0x08000822   0x00000010   Code   RO         1870    i.HAL_GPIO_TogglePin  stm32f1xx_hal_gpio.o
    0x08000832   0x08000832   0x0000000e   Code   RO         1871    i.HAL_GPIO_WritePin  stm32f1xx_hal_gpio.o
    0x08000840   0x08000840   0x0000000c   Code   RO         1556    i.HAL_GetTick       stm32f1xx_hal.o
    0x0800084c   0x0800084c   0x000001ac   Code   RO         1079    i.HAL_I2C_Init      stm32f1xx_hal_i2c.o
    0x080009f8   0x080009f8   0x00000318   Code   RO         1097    i.HAL_I2C_Mem_Read  stm32f1xx_hal_i2c.o
    0x08000d10   0x08000d10   0x00000174   Code   RO         1100    i.HAL_I2C_Mem_Write  stm32f1xx_hal_i2c.o
    0x08000e84   0x08000e84   0x00000098   Code   RO          225    i.HAL_I2C_MspInit   i2c.o
    0x08000f1c   0x08000f1c   0x00000010   Code   RO         1562    i.HAL_IncTick       stm32f1xx_hal.o
    0x08000f2c   0x08000f2c   0x00000024   Code   RO         1563    i.HAL_Init          stm32f1xx_hal.o
    0x08000f50   0x08000f50   0x00000044   Code   RO         1564    i.HAL_InitTick      stm32f1xx_hal.o
    0x08000f94   0x08000f94   0x0000003c   Code   RO          516    i.HAL_MspInit       stm32f1xx_hal_msp.o
    0x08000fd0   0x08000fd0   0x0000001c   Code   RO         2027    i.HAL_NVIC_EnableIRQ  stm32f1xx_hal_cortex.o
    0x08000fec   0x08000fec   0x00000068   Code   RO         2033    i.HAL_NVIC_SetPriority  stm32f1xx_hal_cortex.o
    0x08001054   0x08001054   0x00000024   Code   RO         2034    i.HAL_NVIC_SetPriorityGrouping  stm32f1xx_hal_cortex.o
    0x08001078   0x08001078   0x00000180   Code   RO         1720    i.HAL_RCC_ClockConfig  stm32f1xx_hal_rcc.o
    0x080011f8   0x080011f8   0x0000000c   Code   RO         1725    i.HAL_RCC_GetHCLKFreq  stm32f1xx_hal_rcc.o
    0x08001204   0x08001204   0x00000020   Code   RO         1727    i.HAL_RCC_GetPCLK1Freq  stm32f1xx_hal_rcc.o
    0x08001224   0x08001224   0x00000020   Code   RO         1728    i.HAL_RCC_GetPCLK2Freq  stm32f1xx_hal_rcc.o
    0x08001244   0x08001244   0x00000050   Code   RO         1729    i.HAL_RCC_GetSysClockFreq  stm32f1xx_hal_rcc.o
    0x08001294   0x08001294   0x0000042c   Code   RO         1732    i.HAL_RCC_OscConfig  stm32f1xx_hal_rcc.o
    0x080016c0   0x080016c0   0x00000028   Code   RO         2038    i.HAL_SYSTICK_Config  stm32f1xx_hal_cortex.o
    0x080016e8   0x080016e8   0x00000002   Code   RO         3260    i.HAL_TIMEx_BreakCallback  stm32f1xx_hal_tim_ex.o
    0x080016ea   0x080016ea   0x00000002   Code   RO         3261    i.HAL_TIMEx_CommutCallback  stm32f1xx_hal_tim_ex.o
    0x080016ec   0x080016ec   0x00000072   Code   RO         3279    i.HAL_TIMEx_MasterConfigSynchronization  stm32f1xx_hal_tim_ex.o
    0x0800175e   0x0800175e   0x0000005c   Code   RO         2545    i.HAL_TIM_Base_Init  stm32f1xx_hal_tim.o
    0x080017ba   0x080017ba   0x00000002   PAD
    0x080017bc   0x080017bc   0x00000060   Code   RO          273    i.HAL_TIM_Base_MspInit  tim.o
    0x0800181c   0x0800181c   0x00000062   Code   RO         2550    i.HAL_TIM_Base_Start_IT  stm32f1xx_hal_tim.o
    0x0800187e   0x0800187e   0x000000ea   Code   RO         2554    i.HAL_TIM_ConfigClockSource  stm32f1xx_hal_tim.o
    0x08001968   0x08001968   0x00000002   Code   RO         2579    i.HAL_TIM_IC_CaptureCallback  stm32f1xx_hal_tim.o
    0x0800196a   0x0800196a   0x00000174   Code   RO         2593    i.HAL_TIM_IRQHandler  stm32f1xx_hal_tim.o
    0x08001ade   0x08001ade   0x00000002   PAD
    0x08001ae0   0x08001ae0   0x00000048   Code   RO          274    i.HAL_TIM_MspPostInit  tim.o
    0x08001b28   0x08001b28   0x00000002   Code   RO         2596    i.HAL_TIM_OC_DelayElapsedCallback  stm32f1xx_hal_tim.o
    0x08001b2a   0x08001b2a   0x000000d8   Code   RO         2617    i.HAL_TIM_PWM_ConfigChannel  stm32f1xx_hal_tim.o
    0x08001c02   0x08001c02   0x0000005c   Code   RO         2620    i.HAL_TIM_PWM_Init  stm32f1xx_hal_tim.o
    0x08001c5e   0x08001c5e   0x00000002   Code   RO         2622    i.HAL_TIM_PWM_MspInit  stm32f1xx_hal_tim.o
    0x08001c60   0x08001c60   0x00000002   Code   RO         2623    i.HAL_TIM_PWM_PulseFinishedCallback  stm32f1xx_hal_tim.o
    0x08001c62   0x08001c62   0x00000002   PAD
    0x08001c64   0x08001c64   0x000000b0   Code   RO         2625    i.HAL_TIM_PWM_Start  stm32f1xx_hal_tim.o
    0x08001d14   0x08001d14   0x00000014   Code   RO          374    i.HAL_TIM_PeriodElapsedCallback  stm32f1xx_it.o
    0x08001d28   0x08001d28   0x00000002   Code   RO         2636    i.HAL_TIM_TriggerCallback  stm32f1xx_hal_tim.o
    0x08001d2a   0x08001d2a   0x00000002   Code   RO         3539    i.HAL_UARTEx_RxEventCallback  stm32f1xx_hal_uart.o
    0x08001d2c   0x08001d2c   0x00000002   Code   RO         3553    i.HAL_UART_ErrorCallback  stm32f1xx_hal_uart.o
    0x08001d2e   0x08001d2e   0x00000002   PAD
    0x08001d30   0x08001d30   0x00000268   Code   RO         3556    i.HAL_UART_IRQHandler  stm32f1xx_hal_uart.o
    0x08001f98   0x08001f98   0x00000066   Code   RO         3557    i.HAL_UART_Init     stm32f1xx_hal_uart.o
    0x08001ffe   0x08001ffe   0x00000002   PAD
    0x08002000   0x08002000   0x000000dc   Code   RO          327    i.HAL_UART_MspInit  usart.o
    0x080020dc   0x080020dc   0x0000001c   Code   RO         3561    i.HAL_UART_Receive_DMA  stm32f1xx_hal_uart.o
    0x080020f8   0x080020f8   0x00000014   Code   RO          375    i.HAL_UART_RxCpltCallback  stm32f1xx_it.o
    0x0800210c   0x0800210c   0x00000014   Code   RO          376    i.HAL_UART_RxHalfCpltCallback  stm32f1xx_it.o
    0x08002120   0x08002120   0x00000094   Code   RO         3566    i.HAL_UART_Transmit_DMA  stm32f1xx_hal_uart.o
    0x080021b4   0x080021b4   0x00000014   Code   RO          377    i.HAL_UART_TxCpltCallback  stm32f1xx_it.o
    0x080021c8   0x080021c8   0x00000002   Code   RO         3569    i.HAL_UART_TxHalfCpltCallback  stm32f1xx_hal_uart.o
    0x080021ca   0x080021ca   0x00000002   Code   RO          378    i.HardFault_Handler  stm32f1xx_it.o
    0x080021cc   0x080021cc   0x00000032   Code   RO         1123    i.I2C_IsAcknowledgeFailed  stm32f1xx_hal_i2c.o
    0x080021fe   0x080021fe   0x00000002   PAD
    0x08002200   0x08002200   0x00000154   Code   RO         1134    i.I2C_RequestMemoryRead  stm32f1xx_hal_i2c.o
    0x08002354   0x08002354   0x000000d0   Code   RO         1135    i.I2C_RequestMemoryWrite  stm32f1xx_hal_i2c.o
    0x08002424   0x08002424   0x00000066   Code   RO         1143    i.I2C_WaitOnBTFFlagUntilTimeout  stm32f1xx_hal_i2c.o
    0x0800248a   0x0800248a   0x000000ea   Code   RO         1144    i.I2C_WaitOnFlagUntilTimeout  stm32f1xx_hal_i2c.o
    0x08002574   0x08002574   0x000000ec   Code   RO         1145    i.I2C_WaitOnMasterAddressFlagUntilTimeout  stm32f1xx_hal_i2c.o
    0x08002660   0x08002660   0x00000086   Code   RO         1146    i.I2C_WaitOnRXNEFlagUntilTimeout  stm32f1xx_hal_i2c.o
    0x080026e6   0x080026e6   0x00000066   Code   RO         1149    i.I2C_WaitOnTXEFlagUntilTimeout  stm32f1xx_hal_i2c.o
    0x0800274c   0x0800274c   0x0000000c   Code   RO          910    i.InitQueue         serialport.o
    0x08002758   0x08002758   0x00000072   Code   RO          824    i.MPU_Init          mpu6050.o
    0x080027ca   0x080027ca   0x00000002   PAD
    0x080027cc   0x080027cc   0x00000028   Code   RO          825    i.MPU_Read_Byte     mpu6050.o
    0x080027f4   0x080027f4   0x0000000a   Code   RO          827    i.MPU_Set_Accel_Fsr  mpu6050.o
    0x080027fe   0x080027fe   0x0000000a   Code   RO          828    i.MPU_Set_Gyro_Fsr  mpu6050.o
    0x08002808   0x08002808   0x00000030   Code   RO          829    i.MPU_Set_LPF       mpu6050.o
    0x08002838   0x08002838   0x0000002e   Code   RO          830    i.MPU_Set_Rate      mpu6050.o
    0x08002866   0x08002866   0x00000002   PAD
    0x08002868   0x08002868   0x0000002c   Code   RO          831    i.MPU_Write_Byte    mpu6050.o
    0x08002894   0x08002894   0x0000003c   Code   RO          200    i.MX_DMA_Init       dma.o
    0x080028d0   0x080028d0   0x000000c0   Code   RO          176    i.MX_GPIO_Init      gpio.o
    0x08002990   0x08002990   0x00000040   Code   RO          226    i.MX_I2C1_Init      i2c.o
    0x080029d0   0x080029d0   0x00000040   Code   RO          227    i.MX_I2C2_Init      i2c.o
    0x08002a10   0x08002a10   0x0000006c   Code   RO          275    i.MX_TIM1_Init      tim.o
    0x08002a7c   0x08002a7c   0x000000c8   Code   RO          276    i.MX_TIM2_Init      tim.o
    0x08002b44   0x08002b44   0x00000038   Code   RO          328    i.MX_USART1_UART_Init  usart.o
    0x08002b7c   0x08002b7c   0x00000002   Code   RO          379    i.MemManage_Handler  stm32f1xx_it.o
    0x08002b7e   0x08002b7e   0x00000002   Code   RO          380    i.NMI_Handler       stm32f1xx_it.o
    0x08002b80   0x08002b80   0x0000003c   Code   RO          624    i.OLED_Clear        oled.o
    0x08002bbc   0x08002bbc   0x000000da   Code   RO          628    i.OLED_Init         oled.o
    0x08002c96   0x08002c96   0x00000028   Code   RO          630    i.OLED_Set_Pos      oled.o
    0x08002cbe   0x08002cbe   0x00000002   PAD
    0x08002cc0   0x08002cc0   0x00000088   Code   RO          632    i.OLED_ShowChar     oled.o
    0x08002d48   0x08002d48   0x00000040   Code   RO          635    i.OLED_ShowString   oled.o
    0x08002d88   0x08002d88   0x0000000a   Code   RO          636    i.OLED_WR_Byte      oled.o
    0x08002d92   0x08002d92   0x00000002   PAD
    0x08002d94   0x08002d94   0x0000004c   Code   RO          756    i.OnEXTIHandlerForMotorEncoders  motors.o
    0x08002de0   0x08002de0   0x00000038   Code   RO          757    i.OnTimerHandlerForMotorEncoders  motors.o
    0x08002e18   0x08002e18   0x00000010   Code   RO          911    i.OnUartTransmitCompleteForSerialTx  serialport.o
    0x08002e28   0x08002e28   0x00000002   Code   RO          381    i.PendSV_Handler    stm32f1xx_it.o
    0x08002e2a   0x08002e2a   0x00000002   PAD
    0x08002e2c   0x08002e2c   0x00000024   Code   RO         1733    i.RCC_Delay         stm32f1xx_hal_rcc.o
    0x08002e50   0x08002e50   0x00000002   Code   RO          382    i.SVC_Handler       stm32f1xx_it.o
    0x08002e52   0x08002e52   0x00000002   PAD
    0x08002e54   0x08002e54   0x00000040   Code   RO          912    i.SerialPortOpen    serialport.o
    0x08002e94   0x08002e94   0x0000002c   Code   RO          913    i.SerialRead        serialport.o
    0x08002ec0   0x08002ec0   0x00000038   Code   RO          914    i.SerialRxBuffCopyToQueue  serialport.o
    0x08002ef8   0x08002ef8   0x00000040   Code   RO          915    i.SerialTxQueueCopyToBuff  serialport.o
    0x08002f38   0x08002f38   0x00000038   Code   RO          916    i.SerialWrite       serialport.o
    0x08002f70   0x08002f70   0x00000014   Code   RO          917    i.SyncSerialRxQueueReadyCountOnIDLE  serialport.o
    0x08002f84   0x08002f84   0x00000004   Code   RO          383    i.SysTick_Handler   stm32f1xx_it.o
    0x08002f88   0x08002f88   0x0000005e   Code   RO           14    i.SystemClock_Config  main.o
    0x08002fe6   0x08002fe6   0x00000002   Code   RO         3901    i.SystemInit        system_stm32f1xx.o
    0x08002fe8   0x08002fe8   0x0000000c   Code   RO          384    i.TIM1_UP_IRQHandler  stm32f1xx_it.o
    0x08002ff4   0x08002ff4   0x0000000c   Code   RO          385    i.TIM2_IRQHandler   stm32f1xx_it.o
    0x08003000   0x08003000   0x00000078   Code   RO         2638    i.TIM_Base_SetConfig  stm32f1xx_hal_tim.o
    0x08003078   0x08003078   0x0000001e   Code   RO         2639    i.TIM_CCxChannelCmd  stm32f1xx_hal_tim.o
    0x08003096   0x08003096   0x00000016   Code   RO         2649    i.TIM_ETR_SetConfig  stm32f1xx_hal_tim.o
    0x080030ac   0x080030ac   0x00000010   Code   RO         2650    i.TIM_ITRx_SetConfig  stm32f1xx_hal_tim.o
    0x080030bc   0x080030bc   0x00000068   Code   RO         2651    i.TIM_OC1_SetConfig  stm32f1xx_hal_tim.o
    0x08003124   0x08003124   0x00000068   Code   RO         2652    i.TIM_OC2_SetConfig  stm32f1xx_hal_tim.o
    0x0800318c   0x0800318c   0x00000068   Code   RO         2653    i.TIM_OC3_SetConfig  stm32f1xx_hal_tim.o
    0x080031f4   0x080031f4   0x0000004e   Code   RO         2654    i.TIM_OC4_SetConfig  stm32f1xx_hal_tim.o
    0x08003242   0x08003242   0x00000026   Code   RO         2656    i.TIM_TI1_ConfigInputStage  stm32f1xx_hal_tim.o
    0x08003268   0x08003268   0x00000028   Code   RO         2658    i.TIM_TI2_ConfigInputStage  stm32f1xx_hal_tim.o
    0x08003290   0x08003290   0x00000028   Code   RO          918    i.Test              serialport.o
    0x080032b8   0x080032b8   0x00000010   Code   RO         3570    i.UART_DMAAbortOnError  stm32f1xx_hal_uart.o
    0x080032c8   0x080032c8   0x0000004a   Code   RO         3571    i.UART_DMAError     stm32f1xx_hal_uart.o
    0x08003312   0x08003312   0x00000090   Code   RO         3572    i.UART_DMAReceiveCplt  stm32f1xx_hal_uart.o
    0x080033a2   0x080033a2   0x0000001e   Code   RO         3574    i.UART_DMARxHalfCplt  stm32f1xx_hal_uart.o
    0x080033c0   0x080033c0   0x00000044   Code   RO         3576    i.UART_DMATransmitCplt  stm32f1xx_hal_uart.o
    0x08003404   0x08003404   0x0000000a   Code   RO         3578    i.UART_DMATxHalfCplt  stm32f1xx_hal_uart.o
    0x0800340e   0x0800340e   0x0000004e   Code   RO         3580    i.UART_EndRxTransfer  stm32f1xx_hal_uart.o
    0x0800345c   0x0800345c   0x0000001a   Code   RO         3581    i.UART_EndTransmit_IT  stm32f1xx_hal_uart.o
    0x08003476   0x08003476   0x0000001c   Code   RO         3582    i.UART_EndTxTransfer  stm32f1xx_hal_uart.o
    0x08003492   0x08003492   0x00000002   PAD
    0x08003494   0x08003494   0x00000028   Code   RO          386    i.UART_IDLECallbakc  stm32f1xx_it.o
    0x080034bc   0x080034bc   0x000000ca   Code   RO         3583    i.UART_Receive_IT   stm32f1xx_hal_uart.o
    0x08003586   0x08003586   0x00000002   PAD
    0x08003588   0x08003588   0x000000c8   Code   RO         3584    i.UART_SetConfig    stm32f1xx_hal_uart.o
    0x08003650   0x08003650   0x000000a0   Code   RO         3585    i.UART_Start_Receive_DMA  stm32f1xx_hal_uart.o
    0x080036f0   0x080036f0   0x0000005e   Code   RO         3587    i.UART_Transmit_IT  stm32f1xx_hal_uart.o
    0x0800374e   0x0800374e   0x00000002   PAD
    0x08003750   0x08003750   0x00000018   Code   RO          387    i.USART1_IRQHandler  stm32f1xx_it.o
    0x08003768   0x08003768   0x00000002   Code   RO          388    i.UsageFault_Handler  stm32f1xx_it.o
    0x0800376a   0x0800376a   0x00000002   PAD
    0x0800376c   0x0800376c   0x00000024   Code   RO          637    i.Write_IIC_Command  oled.o
    0x08003790   0x08003790   0x00000024   Code   RO          638    i.Write_IIC_Data    oled.o
    0x080037b4   0x080037b4   0x0000000e   Code   RO         3981    i.__scatterload_copy  mc_w.l(handlers.o)
    0x080037c2   0x080037c2   0x00000002   Code   RO         3982    i.__scatterload_null  mc_w.l(handlers.o)
    0x080037c4   0x080037c4   0x0000000e   Code   RO         3983    i.__scatterload_zeroinit  mc_w.l(handlers.o)
    0x080037d2   0x080037d2   0x0000000a   Code   RO         1002    i.delay_ms          delay.o
    0x080037dc   0x080037dc   0x00000080   Code   RO           15    i.main              main.o
    0x0800385c   0x0800385c   0x00000998   Data   RO          641    .constdata          oled.o
    0x080041f4   0x080041f4   0x00000012   Data   RO         1734    .constdata          stm32f1xx_hal_rcc.o
    0x08004206   0x08004206   0x00000010   Data   RO         3902    .constdata          system_stm32f1xx.o
    0x08004216   0x08004216   0x00000008   Data   RO         3903    .constdata          system_stm32f1xx.o
    0x0800421e   0x0800421e   0x00000002   PAD
    0x08004220   0x08004220   0x00000020   Data   RO         3979    Region$$Table       anon$$obj.o


    Execution Region RW_IRAM1 (Exec base: 0x20000000, Load base: 0x08004240, Size: 0x00000e98, Max: 0x00005000, ABSOLUTE)

    Exec Addr    Load Addr    Size         Type   Attr      Idx    E Section Name        Object

    0x20000000   0x08004240   0x0000000a   Data   RW          760    .data               motors.o
    0x2000000a   0x0800424a   0x00000002   PAD
    0x2000000c   0x0800424c   0x00000014   Data   RW          920    .data               serialport.o
    0x20000020   0x08004260   0x0000000c   Data   RW         1570    .data               stm32f1xx_hal.o
    0x2000002c   0x0800426c   0x00000004   Data   RW         3904    .data               system_stm32f1xx.o
    0x20000030        -       0x000000a8   Zero   RW          228    .bss                i2c.o
    0x200000d8        -       0x00000090   Zero   RW          277    .bss                tim.o
    0x20000168        -       0x000000d0   Zero   RW          329    .bss                usart.o
    0x20000238        -       0x00000860   Zero   RW          919    .bss                serialport.o
    0x20000a98        -       0x00000400   Zero   RW            1    STACK               startup_stm32f103xb.o


==============================================================================

Image component sizes


      Code (inc. data)   RO Data    RW Data    ZI Data      Debug   Object Name

        10          0          0          0          0        503   delay.o
        60          4          0          0          0        802   dma.o
       192         18          0          0          0        991   gpio.o
       280         46          0          0        168       2374   i2c.o
       226         18          0          0          0     436752   main.o
       132         16          0         10          0       1701   motors.o
       312         12          0          0          0       4775   mpu6050.o
       600         16       2456          0          0       6549   oled.o
       524         88          0         20       2144       8113   serialport.o
        36          8        236          0       1024        820   startup_stm32f103xb.o
       172         30          0         12          0       6053   stm32f1xx_hal.o
       208         16          0          0          0      28787   stm32f1xx_hal_cortex.o
       916         72          0          0          0       5246   stm32f1xx_hal_dma.o
       576         18          0          0          0       4827   stm32f1xx_hal_gpio.o
      2998         52          0          0          0      13786   stm32f1xx_hal_i2c.o
        60          8          0          0          0        910   stm32f1xx_hal_msp.o
      1644         88         18          0          0       6944   stm32f1xx_hal_rcc.o
      1946         34          0          0          0      16384   stm32f1xx_hal_tim.o
       118          0          0          0          0       2569   stm32f1xx_hal_tim_ex.o
      2030         40          0          0          0      15430   stm32f1xx_hal_uart.o
       238         56          0          0          0      10664   stm32f1xx_it.o
         2          0         24          4          0       1175   system_stm32f1xx.o
       476         34          0          0        144       3173   tim.o
       276         28          0          0        208       1960   usart.o

    ----------------------------------------------------------------------
     14070        702       2768         48       3688     581288   Object Totals
         0          0         32          0          0          0   (incl. Generated)
        38          0          2          2          0          0   (incl. Padding)

    ----------------------------------------------------------------------

      Code (inc. data)   RO Data    RW Data    ZI Data      Debug   Library Member Name

         0          0          0          0          0          0   entry.o
         0          0          0          0          0          0   entry10a.o
         0          0          0          0          0          0   entry11a.o
         8          4          0          0          0          0   entry2.o
         4          0          0          0          0          0   entry5.o
         0          0          0          0          0          0   entry7b.o
         0          0          0          0          0          0   entry8b.o
         8          4          0          0          0          0   entry9a.o
        30          0          0          0          0          0   handlers.o
        36          8          0          0          0         68   init.o
        36          0          0          0          0        108   memseta.o

    ----------------------------------------------------------------------
       122         16          0          0          0        176   Library Totals
         0          0          0          0          0          0   (incl. Padding)

    ----------------------------------------------------------------------

      Code (inc. data)   RO Data    RW Data    ZI Data      Debug   Library Name

       122         16          0          0          0        176   mc_w.l

    ----------------------------------------------------------------------
       122         16          0          0          0        176   Library Totals

    ----------------------------------------------------------------------

==============================================================================


      Code (inc. data)   RO Data    RW Data    ZI Data      Debug   

     14192        718       2768         48       3688     574336   Grand Totals
     14192        718       2768         48       3688     574336   ELF Image Totals
     14192        718       2768         48          0          0   ROM Totals

==============================================================================

    Total RO  Size (Code + RO Data)                16960 (  16.56kB)
    Total RW  Size (RW Data + ZI Data)              3736 (   3.65kB)
    Total ROM Size (Code + RO Data + RW Data)      17008 (  16.61kB)

==============================================================================

